
Start-Date: 2021-05-07  09:51:25
Commandline: apt-get -qq install -y dirmngr wget apt-transport-https
Install: publicsuffix:amd64 (20190415.1030-1, automatic), gnupg-utils:amd64 (2.2.12-1+deb10u1, automatic), libsasl2-modules-db:amd64 (2.1.27+dfsg-1+deb10u1, automatic), gpg-wks-client:amd64 (2.2.12-1+deb10u1, automatic), libldap-2.4-2:amd64 (2.4.47+dfsg-3+deb10u6, automatic), openssl:amd64 (1.1.1d-0+deb10u6, automatic), gnupg-l10n:amd64 (2.2.12-1+deb10u1, automatic), libksba8:amd64 (1.3.5-2, automatic), libpsl5:amd64 (0.20.2-2, automatic), libsqlite3-0:amd64 (3.27.2-3+deb10u1, automatic), gpg-wks-server:amd64 (2.2.12-1+deb10u1, automatic), gpg:amd64 (2.2.12-1+deb10u1, automatic), libsasl2-2:amd64 (2.1.27+dfsg-1+deb10u1, automatic), readline-common:amd64 (7.0-5, automatic), libassuan0:amd64 (2.5.2-1, automatic), dirmngr:amd64 (2.2.12-1+deb10u1), libsasl2-modules:amd64 (2.1.27+dfsg-1+deb10u1, automatic), libldap-common:amd64 (2.4.47+dfsg-3+deb10u6, automatic), libpcre2-8-0:amd64 (10.32-5, automatic), libreadline7:amd64 (7.0-5, automatic), ca-certificates:amd64 (20200601~deb10u2, automatic), lsb-base:amd64 (10.2019051400, automatic), wget:amd64 (1.20.1-1.1), apt-transport-https:amd64 (1.8.2.3), libssl1.1:amd64 (1.1.1d-0+deb10u6, automatic), gnupg:amd64 (2.2.12-1+deb10u1, automatic), pinentry-curses:amd64 (1.1.0-2, automatic), libnpth0:amd64 (1.6-1, automatic), gpg-agent:amd64 (2.2.12-1+deb10u1, automatic), gpgconf:amd64 (2.2.12-1+deb10u1, automatic), gpgsm:amd64 (2.2.12-1+deb10u1, automatic)
End-Date: 2021-05-07  09:51:31

Start-Date: 2021-05-07  09:51:39
Commandline: apt-get -qq upgrade
Upgrade: libsystemd0:amd64 (241-7~deb10u4, 241-7~deb10u7), apt:amd64 (1.8.2.1, 1.8.2.3), libapt-pkg5.0:amd64 (1.8.2.1, 1.8.2.3), libudev1:amd64 (241-7~deb10u4, 241-7~deb10u7), iproute2:amd64 (4.20.0-2, 4.20.0-2+deb10u1), iputils-ping:amd64 (3:20180629-2+deb10u1, 3:20180629-2+deb10u2), libgnutls30:amd64 (3.6.7-4+deb10u5, 3.6.7-4+deb10u6), libp11-kit0:amd64 (0.23.15-2, 0.23.15-2+deb10u1), libzstd1:amd64 (1.3.8+dfsg-3, 1.3.8+dfsg-3+deb10u2), debian-archive-keyring:amd64 (2019.1, 2019.1+deb10u1), base-files:amd64 (10.3+deb10u6, 10.3+deb10u9), tzdata:amd64 (2020d-0+deb10u1, 2021a-0+deb10u1)
End-Date: 2021-05-07  09:51:56

Start-Date: 2021-05-07  09:52:01
Commandline: apt-get -qq -y --no-install-recommends install locales rsyslog nano tar clamav-daemon patch
Install: libssh2-1:amd64 (1.8.0-2.1, automatic), libkrb5-3:amd64 (1.17-3+deb10u1, automatic), libgssapi-krb5-2:amd64 (1.17-3+deb10u1, automatic), libnghttp2-14:amd64 (1.36.0-2+deb10u1, automatic), libpopt0:amd64 (1.16-12, automatic), libcurl4:amd64 (7.64.0-4+deb10u2, automatic), libicu63:amd64 (63.1-6+deb10u1, automatic), liblognorm5:amd64 (2.0.5-1, automatic), libncurses6:amd64 (6.1+20181013-2+deb10u2, automatic), nano:amd64 (3.2-3), libk5crypto3:amd64 (1.17-3+deb10u1, automatic), locales:amd64 (2.28-10), libfastjson4:amd64 (0.99.8-2, automatic), procps:amd64 (2:3.3.15-2, automatic), libprocps7:amd64 (2:3.3.15-2, automatic), rsyslog:amd64 (8.1901.0-1), libltdl7:amd64 (2.4.6-9, automatic), libc-l10n:amd64 (2.28-10, automatic), librtmp1:amd64 (2.4+20151223.gitfa8646d.1-2, automatic), libkrb5support0:amd64 (1.17-3+deb10u1, automatic), libmspack0:amd64 (0.10.1-1, automatic), ucf:amd64 (3.0038+nmu1, automatic), libkeyutils1:amd64 (1.6-6, automatic), clamav-daemon:amd64 (0.103.2+dfsg-0+deb10u1), clamav-freshclam:amd64 (0.103.2+dfsg-0+deb10u1, automatic), libestr0:amd64 (0.1.10-2.1, automatic), libxml2:amd64 (2.9.4+dfsg1-7+deb10u1, automatic), libtfm1:amd64 (0.13-4, automatic), logrotate:amd64 (3.14.0-4, automatic), clamav-base:amd64 (0.103.2+dfsg-0+deb10u1, automatic), cron:amd64 (3.0pl1-134+deb10u1, automatic), libclamav9:amd64 (0.103.2+dfsg-0+deb10u1, automatic), libjson-c3:amd64 (0.12.1+ds-2+deb10u1, automatic), patch:amd64 (2.7.6-3+deb10u1), sensible-utils:amd64 (0.0.12, automatic)
End-Date: 2021-05-07  09:52:10

Start-Date: 2021-05-07  09:52:14
Commandline: apt-get -qq -y --no-install-recommends install dovecot-core dovecot-imapd dovecot-pop3d dovecot-sqlite dovecot-sieve dovecot-managesieved dovecot-lmtpd msmtp msmtp-mta
Install: libexttextcat-data:amd64 (3.4.5-1, automatic), msmtp:amd64 (1.8.3-1), dovecot-lmtpd:amd64 (2:2.3.14-5+debian10), libexttextcat-2.0-0:amd64 (3.4.5-1, automatic), libwrap0:amd64 (7.6.q-28, automatic), msmtp-mta:amd64 (1.8.3-1), dovecot-imapd:amd64 (2:2.3.14-5+debian10), dovecot-sieve:amd64 (2:2.3.14-5+debian10), dovecot-sqlite:amd64 (2:2.3.14-5+debian10), dovecot-pop3d:amd64 (2:2.3.14-5+debian10), dovecot-core:amd64 (2:2.3.14-5+debian10), libgsasl7:amd64 (1.8.0-8+b2, automatic), libntlm0:amd64 (1.5-1+deb10u1, automatic), dovecot-managesieved:amd64 (2:2.3.14-5+debian10), libsodium23:amd64 (1.0.17-1, automatic), libidn11:amd64 (1.33-2.2, automatic), libstemmer0d:amd64 (0+svn585-1+b2, automatic)
End-Date: 2021-05-07  09:52:30

Start-Date: 2021-05-07  09:52:33
Commandline: apt-get -qq -y --no-install-recommends install rspamd
Install: rspamd:amd64 (2.7-42~buster), libunwind8:amd64 (1.2.1-10~deb10u1, automatic), libhyperscan5:amd64 (5.1.0-1, automatic), libglib2.0-0:amd64 (2.58.3-2+deb10u2, automatic)
End-Date: 2021-05-07  09:52:35

Start-Date: 2021-05-07  09:52:37
Commandline: apt-get -qq -y --no-install-recommends install sqlite3
Install: sqlite3:amd64 (3.27.2-3+deb10u1)
End-Date: 2021-05-07  09:52:38

Start-Date: 2021-05-07  09:52:40
Commandline: apt-get -qq -y --no-install-recommends install dnsutils mpack unzip sudo psmisc net-tools
Install: libisccfg163:amd64 (1:9.11.5.P4+dfsg-5.1+deb10u5, automatic), libfstrm0:amd64 (0.4.0-1, automatic), libirs161:amd64 (1:9.11.5.P4+dfsg-5.1+deb10u5, automatic), bind9-host:amd64 (1:9.11.5.P4+dfsg-5.1+deb10u5, automatic), dnsutils:amd64 (1:9.11.5.P4+dfsg-5.1+deb10u5), sudo:amd64 (1.8.27-1+deb10u3), net-tools:amd64 (1.60+git20180626.aebd88e-1), libisc1100:amd64 (1:9.11.5.P4+dfsg-5.1+deb10u5, automatic), liblmdb0:amd64 (0.9.22-1, automatic), libgeoip1:amd64 (1.6.12-1, automatic), psmisc:amd64 (23.2-1), liblwres161:amd64 (1:9.11.5.P4+dfsg-5.1+deb10u5, automatic), libprotobuf-c1:amd64 (1.3.1-1+b1, automatic), unzip:amd64 (6.0-23+deb10u2), mpack:amd64 (1.6-8.2), libisccc161:amd64 (1:9.11.5.P4+dfsg-5.1+deb10u5, automatic), libbind9-161:amd64 (1:9.11.5.P4+dfsg-5.1+deb10u5, automatic), libdns1104:amd64 (1:9.11.5.P4+dfsg-5.1+deb10u5, automatic)
End-Date: 2021-05-07  09:52:42

Start-Date: 2021-05-07  09:52:44
Commandline: apt-get -qq -y --no-install-recommends install redis-server
Install: lua-bitop:amd64 (1.0.2-5, automatic), libhiredis0.14:amd64 (0.14.0-3, automatic), lua-cjson:amd64 (2.1.0+dfsg-2.1, automatic), redis-tools:amd64 (5:5.0.3-4+deb10u3, automatic), liblua5.1-0:amd64 (5.1.5-8.1+b2, automatic), libjemalloc2:amd64 (5.1.0-3, automatic), libatomic1:amd64 (8.3.0-6, automatic), redis-server:amd64 (5:5.0.3-4+deb10u3)
End-Date: 2021-05-07  09:52:46

Start-Date: 2021-05-07  09:52:48
Commandline: apt-get -qq -y --no-install-recommends install p0f net-tools
Install: p0f:amd64 (3.09b-2), libpcap0.8:amd64 (1.8.1-6, automatic)
End-Date: 2021-05-07  09:52:48

Start-Date: 2021-05-07  09:52:50
Commandline: apt-get -qq -y --no-install-recommends install bind9-host wget curl netcat-openbsd
Install: libbsd0:amd64 (0.9.1-2+deb10u1, automatic), netcat-openbsd:amd64 (1.195-2), curl:amd64 (7.64.0-4+deb10u2)
End-Date: 2021-05-07  09:52:51

Start-Date: 2021-05-07  09:52:53
Commandline: apt-get -qq -y --no-install-recommends install nginx-light php7.3-common php7.3-fpm php7.3-intl php7.3-sqlite3 php7.3-cli php7.3-xmlrpc php7.3-curl php7.3-mbstring php7.3-zip php7.3-xml php7.3-bcmath
Install: php7.3-xml:amd64 (7.3.27-1~deb10u1), php7.3-xmlrpc:amd64 (7.3.27-1~deb10u1), php7.3-zip:amd64 (7.3.27-1~deb10u1), libzip4:amd64 (1.5.1-4, automatic), php7.3-mbstring:amd64 (7.3.27-1~deb10u1), php7.3-readline:amd64 (7.3.27-1~deb10u1, automatic), libargon2-1:amd64 (0~20171227-0.2, automatic), php-common:amd64 (2:69, automatic), php7.3-json:amd64 (7.3.27-1~deb10u1, automatic), php7.3-curl:amd64 (7.3.27-1~deb10u1), mime-support:amd64 (3.62, automatic), libmagic1:amd64 (1:5.35-4+deb10u2, automatic), libexpat1:amd64 (2.2.6-2+deb10u1, automatic), nginx-common:amd64 (1.14.2-2+deb10u3, automatic), php7.3-sqlite3:amd64 (7.3.27-1~deb10u1), libapparmor1:amd64 (2.13.2-10, automatic), php7.3-common:amd64 (7.3.27-1~deb10u1), php7.3-intl:amd64 (7.3.27-1~deb10u1), php7.3-bcmath:amd64 (7.3.27-1~deb10u1), php7.3-opcache:amd64 (7.3.27-1~deb10u1, automatic), libmagic-mgc:amd64 (1:5.35-4+deb10u2, automatic), php7.3-cli:amd64 (7.3.27-1~deb10u1), php7.3-fpm:amd64 (7.3.27-1~deb10u1), libnginx-mod-http-echo:amd64 (1.14.2-2+deb10u3, automatic), libxmlrpc-epi0:amd64 (0.54.2-1.2, automatic), libedit2:amd64 (3.1-20181209-1, automatic), nginx-light:amd64 (1.14.2-2+deb10u3), libxslt1.1:amd64 (1.1.32-2.2~deb10u1, automatic)
End-Date: 2021-05-07  09:53:20

Start-Date: 2021-05-07  09:53:22
Commandline: apt-get -qq -y --no-install-recommends install php7.3-soap php7.3-imap
Install: mlock:amd64 (8:2007f~dfsg-6, automatic), php7.3-imap:amd64 (7.3.27-1~deb10u1), php7.3-soap:amd64 (7.3.27-1~deb10u1), libc-client2007e:amd64 (8:2007f~dfsg-6, automatic)
End-Date: 2021-05-07  09:53:24

Start-Date: 2021-08-04  21:19:17
Commandline: apt-get install less
Install: less:amd64 (487-0.1+b1)
End-Date: 2021-08-04  21:19:17
