2025-01-18 13:12:34,591:DEBUG:certbot._internal.main:certbot version: 3.1.0
2025-01-18 13:12:34,591:DEBUG:certbot._internal.main:Location of certbot entry point: /usr/local/bin/certbot
2025-01-18 13:12:34,591:DEBUG:certbot._internal.main:Arguments: ['--webroot', '--webroot-path=/usr/share/nginx/html/letsencrypt', '--email', 'molinakevinalejandro@gmail.com', '--agree-tos', '--no-eff-email', '-d', 'molinakev.in', '-d', 'www.molinakev.in', '-d', 'es.molinakev.in', '-d', 'en.molinakev.in', '-d', 'de.molinakev.in']
2025-01-18 13:12:34,592:DEBUG:certbot._internal.main:Discovered plugins: PluginsRegistry(PluginEntryPoint#manual,PluginEntryPoint#null,PluginEntryPoint#standalone,PluginEntryPoint#webroot)
2025-01-18 13:12:34,621:DEBUG:certbot._internal.log:Root logging level set at 30
2025-01-18 13:12:34,622:DEBUG:certbot._internal.plugins.selection:Requested authenticator webroot and installer None
2025-01-18 13:12:34,622:DEBUG:certbot._internal.plugins.selection:Single candidate plugin: * webroot
Description: Saves the necessary validation files to a .well-known/acme-challenge/ directory within the nominated webroot path. A separate HTTP server must be running and serving files from the webroot path. HTTP challenge only (wildcards not supported).
Interfaces: Authenticator, Plugin
Entry point: EntryPoint(name='webroot', value='certbot._internal.plugins.webroot:Authenticator', group='certbot.plugins')
Initialized: <certbot._internal.plugins.webroot.Authenticator object at 0x73330f2af8f0>
Prep: True
2025-01-18 13:12:34,622:DEBUG:certbot._internal.plugins.selection:Selected authenticator <certbot._internal.plugins.webroot.Authenticator object at 0x73330f2af8f0> and installer None
2025-01-18 13:12:34,622:INFO:certbot._internal.plugins.selection:Plugins selected: Authenticator webroot, Installer None
2025-01-18 13:12:34,681:DEBUG:certbot._internal.main:Picked account: <Account(RegistrationResource(body=Registration(key=None, contact=(), agreement=None, status=None, terms_of_service_agreed=None, only_return_existing=None, external_account_binding=None), uri='https://acme-v02.api.letsencrypt.org/acme/acct/116300151', new_authzr_uri=None, terms_of_service=None), 77ba15fb3bc8f685befc1b387e125a74, Meta(creation_dt=datetime.datetime(2021, 3, 19, 23, 35, 28, tzinfo=datetime.timezone.utc), creation_host='7f2dcd026f24', register_to_eff=None))>
2025-01-18 13:12:34,682:DEBUG:acme.client:Sending GET request to https://acme-v02.api.letsencrypt.org/directory.
2025-01-18 13:12:34,684:DEBUG:urllib3.connectionpool:Starting new HTTPS connection (1): acme-v02.api.letsencrypt.org:443
2025-01-18 13:12:35,332:DEBUG:urllib3.connectionpool:https://acme-v02.api.letsencrypt.org:443 "GET /directory HTTP/1.1" 200 828
2025-01-18 13:12:35,333:DEBUG:acme.client:Received response:
HTTP 200
Server: nginx
Date: Sat, 18 Jan 2025 13:12:35 GMT
Content-Type: application/json
Content-Length: 828
Connection: keep-alive
Cache-Control: public, max-age=0, no-cache
X-Frame-Options: DENY
Strict-Transport-Security: max-age=604800

{
  "Tk2TWbxuka4": "https://community.letsencrypt.org/t/adding-random-entries-to-the-directory/33417",
  "keyChange": "https://acme-v02.api.letsencrypt.org/acme/key-change",
  "meta": {
    "caaIdentities": [
      "letsencrypt.org"
    ],
    "profiles": {
      "classic": "The same profile you're accustomed to"
    },
    "termsOfService": "https://letsencrypt.org/documents/LE-SA-v1.4-April-3-2024.pdf",
    "website": "https://letsencrypt.org"
  },
  "newAccount": "https://acme-v02.api.letsencrypt.org/acme/new-acct",
  "newNonce": "https://acme-v02.api.letsencrypt.org/acme/new-nonce",
  "newOrder": "https://acme-v02.api.letsencrypt.org/acme/new-order",
  "renewalInfo": "https://acme-v02.api.letsencrypt.org/draft-ietf-acme-ari-03/renewalInfo",
  "revokeCert": "https://acme-v02.api.letsencrypt.org/acme/revoke-cert"
}
2025-01-18 13:12:35,335:DEBUG:certbot._internal.display.obj:Notifying user: Requesting a certificate for molinakev.in and 4 more domains
2025-01-18 13:12:35,339:DEBUG:acme.client:Requesting fresh nonce
2025-01-18 13:12:35,339:DEBUG:acme.client:Sending HEAD request to https://acme-v02.api.letsencrypt.org/acme/new-nonce.
2025-01-18 13:12:35,523:DEBUG:urllib3.connectionpool:https://acme-v02.api.letsencrypt.org:443 "HEAD /acme/new-nonce HTTP/1.1" 200 0
2025-01-18 13:12:35,524:DEBUG:acme.client:Received response:
HTTP 200
Server: nginx
Date: Sat, 18 Jan 2025 13:12:35 GMT
Connection: keep-alive
Cache-Control: public, max-age=0, no-cache
Link: <https://acme-v02.api.letsencrypt.org/directory>;rel="index"
Replay-Nonce: 695xoWTDek8GgEdvljTgV0SkR0G1HpCuVtRL_9t7wbFs8cbkfUs
X-Frame-Options: DENY
Strict-Transport-Security: max-age=604800


2025-01-18 13:12:35,525:DEBUG:acme.client:Storing nonce: 695xoWTDek8GgEdvljTgV0SkR0G1HpCuVtRL_9t7wbFs8cbkfUs
2025-01-18 13:12:35,525:DEBUG:acme.client:JWS payload:
b'{\n  "identifiers": [\n    {\n      "type": "dns",\n      "value": "molinakev.in"\n    },\n    {\n      "type": "dns",\n      "value": "www.molinakev.in"\n    },\n    {\n      "type": "dns",\n      "value": "es.molinakev.in"\n    },\n    {\n      "type": "dns",\n      "value": "en.molinakev.in"\n    },\n    {\n      "type": "dns",\n      "value": "de.molinakev.in"\n    }\n  ]\n}'
2025-01-18 13:12:35,528:DEBUG:acme.client:Sending POST request to https://acme-v02.api.letsencrypt.org/acme/new-order:
{
  "protected": "eyJhbGciOiAiUlMyNTYiLCAia2lkIjogImh0dHBzOi8vYWNtZS12MDIuYXBpLmxldHNlbmNyeXB0Lm9yZy9hY21lL2FjY3QvMTE2MzAwMTUxIiwgIm5vbmNlIjogIjY5NXhvV1REZWs4R2dFZHZsalRnVjBTa1IwRzFIcEN1VnRSTF85dDd3YkZzOGNia2ZVcyIsICJ1cmwiOiAiaHR0cHM6Ly9hY21lLXYwMi5hcGkubGV0c2VuY3J5cHQub3JnL2FjbWUvbmV3LW9yZGVyIn0",
  "signature": "KLYwrt8qwby6poSYFx6HVm5p1hofNYUsgN_n2kHRtYGDcaXaT08zH7xx_uqeyAlXdpMsJCShnmCP0vxeJnPLYG3al_-Xjth4Xfs6QTJQ4Zm_hG0C-5Phzf0iZ_oKIag-7s7m9dQJu2OGbFHaOXeT8NnfaTjzLleFigiNz2GyzJGgKI4zpwaIBtQ0jDU_PnDAzwt_x1kOpl15SfEG7ndWsPPTAvM0HzFTof5AXw3DfmAhrXIMRnZqeNKPVkt5wPYjpKRdXP0i0CjxDxayeIpqksBxhHZT9lRctuO4TlRn1-G_vjH5uJEHwY6BSzGvWhptjWWyJns8DbbMymLlfEUYUg",
  "payload": "ewogICJpZGVudGlmaWVycyI6IFsKICAgIHsKICAgICAgInR5cGUiOiAiZG5zIiwKICAgICAgInZhbHVlIjogIm1vbGluYWtldi5pbiIKICAgIH0sCiAgICB7CiAgICAgICJ0eXBlIjogImRucyIsCiAgICAgICJ2YWx1ZSI6ICJ3d3cubW9saW5ha2V2LmluIgogICAgfSwKICAgIHsKICAgICAgInR5cGUiOiAiZG5zIiwKICAgICAgInZhbHVlIjogImVzLm1vbGluYWtldi5pbiIKICAgIH0sCiAgICB7CiAgICAgICJ0eXBlIjogImRucyIsCiAgICAgICJ2YWx1ZSI6ICJlbi5tb2xpbmFrZXYuaW4iCiAgICB9LAogICAgewogICAgICAidHlwZSI6ICJkbnMiLAogICAgICAidmFsdWUiOiAiZGUubW9saW5ha2V2LmluIgogICAgfQogIF0KfQ"
}
2025-01-18 13:12:35,780:DEBUG:urllib3.connectionpool:https://acme-v02.api.letsencrypt.org:443 "POST /acme/new-order HTTP/1.1" 201 925
2025-01-18 13:12:35,781:DEBUG:acme.client:Received response:
HTTP 201
Server: nginx
Date: Sat, 18 Jan 2025 13:12:35 GMT
Content-Type: application/json
Content-Length: 925
Connection: keep-alive
Boulder-Requester: 116300151
Cache-Control: public, max-age=0, no-cache
Link: <https://acme-v02.api.letsencrypt.org/directory>;rel="index"
Location: https://acme-v02.api.letsencrypt.org/acme/order/116300151/345609345025
Replay-Nonce: 695xoWTDt3lJAE-wqMBJ8KEWkcMNFe8L-tSrQCPtxCX-OIjRFZ8
X-Frame-Options: DENY
Strict-Transport-Security: max-age=604800

{
  "status": "pending",
  "expires": "2025-01-25T13:12:35Z",
  "identifiers": [
    {
      "type": "dns",
      "value": "de.molinakev.in"
    },
    {
      "type": "dns",
      "value": "en.molinakev.in"
    },
    {
      "type": "dns",
      "value": "es.molinakev.in"
    },
    {
      "type": "dns",
      "value": "molinakev.in"
    },
    {
      "type": "dns",
      "value": "www.molinakev.in"
    }
  ],
  "authorizations": [
    "https://acme-v02.api.letsencrypt.org/acme/authz/116300151/462514887625",
    "https://acme-v02.api.letsencrypt.org/acme/authz/116300151/462514887635",
    "https://acme-v02.api.letsencrypt.org/acme/authz/116300151/462514887645",
    "https://acme-v02.api.letsencrypt.org/acme/authz/116300151/462514887655",
    "https://acme-v02.api.letsencrypt.org/acme/authz/116300151/462514887665"
  ],
  "finalize": "https://acme-v02.api.letsencrypt.org/acme/finalize/116300151/345609345025"
}
2025-01-18 13:12:35,781:DEBUG:acme.client:Storing nonce: 695xoWTDt3lJAE-wqMBJ8KEWkcMNFe8L-tSrQCPtxCX-OIjRFZ8
2025-01-18 13:12:35,782:DEBUG:acme.client:JWS payload:
b''
2025-01-18 13:12:35,786:DEBUG:acme.client:Sending POST request to https://acme-v02.api.letsencrypt.org/acme/authz/116300151/462514887625:
{
  "protected": "eyJhbGciOiAiUlMyNTYiLCAia2lkIjogImh0dHBzOi8vYWNtZS12MDIuYXBpLmxldHNlbmNyeXB0Lm9yZy9hY21lL2FjY3QvMTE2MzAwMTUxIiwgIm5vbmNlIjogIjY5NXhvV1REdDNsSkFFLXdxTUJKOEtFV2tjTU5GZThMLXRTclFDUHR4Q1gtT0lqUkZaOCIsICJ1cmwiOiAiaHR0cHM6Ly9hY21lLXYwMi5hcGkubGV0c2VuY3J5cHQub3JnL2FjbWUvYXV0aHovMTE2MzAwMTUxLzQ2MjUxNDg4NzYyNSJ9",
  "signature": "QXSW-9-kvVNMzhPQiv5l-69h8tC1cga6PnlnvxVxdTX5s0Gw7Wl9qhnzxiSQol5jeYy-b3tAfobsCBJjODcdXlK0e8RzRzsZo9dbhBoWG1r1J1whqoJ5QY9X0jH6oZY8wkYGgiinNXJ5tlcSyetXumCsMXBNFi1dVY8gyFWK1_Kq59pVrLlIbkRxJHObEnMKoCnS8Wzf6Mo_6g61co8OJ3L8pleEqvbB1trtL8yvTMRW3tg8iT2MaCFSFdhKNgDvKoDO6ZseMJtYLWzOleUajiUpwTZXVPUa7YpP83QGPP6WP-LX6Pdhn96EJv8r7a7I0KruC3R-8VD-456ylCdYTQ",
  "payload": ""
}
2025-01-18 13:12:35,975:DEBUG:urllib3.connectionpool:https://acme-v02.api.letsencrypt.org:443 "POST /acme/authz/116300151/462514887625 HTTP/1.1" 200 820
2025-01-18 13:12:35,977:DEBUG:acme.client:Received response:
HTTP 200
Server: nginx
Date: Sat, 18 Jan 2025 13:12:35 GMT
Content-Type: application/json
Content-Length: 820
Connection: keep-alive
Boulder-Requester: 116300151
Cache-Control: public, max-age=0, no-cache
Link: <https://acme-v02.api.letsencrypt.org/directory>;rel="index"
Replay-Nonce: 695xoWTD-LO9Qh2JHjhKZsWZRDmhezO_m8IB6iRnwhxQLLoApU0
X-Frame-Options: DENY
Strict-Transport-Security: max-age=604800

{
  "identifier": {
    "type": "dns",
    "value": "de.molinakev.in"
  },
  "status": "pending",
  "expires": "2025-01-25T13:12:35Z",
  "challenges": [
    {
      "type": "dns-01",
      "url": "https://acme-v02.api.letsencrypt.org/acme/chall/116300151/462514887625/WZ7l-Q",
      "status": "pending",
      "token": "0oPxCrwEaA6Cp4Qfx1ZbpfTAYPvI9m3jbnwSWQeCzEc"
    },
    {
      "type": "http-01",
      "url": "https://acme-v02.api.letsencrypt.org/acme/chall/116300151/462514887625/pem2lQ",
      "status": "pending",
      "token": "0oPxCrwEaA6Cp4Qfx1ZbpfTAYPvI9m3jbnwSWQeCzEc"
    },
    {
      "type": "tls-alpn-01",
      "url": "https://acme-v02.api.letsencrypt.org/acme/chall/116300151/462514887625/EaLkUA",
      "status": "pending",
      "token": "0oPxCrwEaA6Cp4Qfx1ZbpfTAYPvI9m3jbnwSWQeCzEc"
    }
  ]
}
2025-01-18 13:12:35,978:DEBUG:acme.client:Storing nonce: 695xoWTD-LO9Qh2JHjhKZsWZRDmhezO_m8IB6iRnwhxQLLoApU0
2025-01-18 13:12:35,980:DEBUG:acme.client:JWS payload:
b''
2025-01-18 13:12:35,988:DEBUG:acme.client:Sending POST request to https://acme-v02.api.letsencrypt.org/acme/authz/116300151/462514887635:
{
  "protected": "eyJhbGciOiAiUlMyNTYiLCAia2lkIjogImh0dHBzOi8vYWNtZS12MDIuYXBpLmxldHNlbmNyeXB0Lm9yZy9hY21lL2FjY3QvMTE2MzAwMTUxIiwgIm5vbmNlIjogIjY5NXhvV1RELUxPOVFoMkpIamhLWnNXWlJEbWhlek9fbThJQjZpUm53aHhRTExvQXBVMCIsICJ1cmwiOiAiaHR0cHM6Ly9hY21lLXYwMi5hcGkubGV0c2VuY3J5cHQub3JnL2FjbWUvYXV0aHovMTE2MzAwMTUxLzQ2MjUxNDg4NzYzNSJ9",
  "signature": "an6vp8qsZfcRS3MYBjq50Dfe1o5ZpJQW7r2uEtuX-9B7gDSvUiuRD4Z_2mPU_KQBMmdKp8AmzQzux69d0KnApQBD0cRDATOiwQ9xQOfUBP5qGOMvEZ3PllP5NricTvNwtDD0jbk6ezPjSjgaVCbnCJWmXyZVmX-gyt4DgAUb11ptURyEyEVJ2BiRpewgB6m1qq--MaCVE5O3jHJ53PdizrLJOCDC-s86l27IWgE2j9sAZfheI3FNaOEoddqTs2yu6aCpfX1wQpMJM6JQagv07sJ2OdUu9LKv_FNXPtIxSIuV3syg_qxMmQMVpQFg4CXi7QDXZdmXO9n96br-bjAibQ",
  "payload": ""
}
2025-01-18 13:12:36,181:DEBUG:urllib3.connectionpool:https://acme-v02.api.letsencrypt.org:443 "POST /acme/authz/116300151/462514887635 HTTP/1.1" 200 820
2025-01-18 13:12:36,182:DEBUG:acme.client:Received response:
HTTP 200
Server: nginx
Date: Sat, 18 Jan 2025 13:12:36 GMT
Content-Type: application/json
Content-Length: 820
Connection: keep-alive
Boulder-Requester: 116300151
Cache-Control: public, max-age=0, no-cache
Link: <https://acme-v02.api.letsencrypt.org/directory>;rel="index"
Replay-Nonce: TuPv3OuuW7RqtYfngPuOXoxWWBUARBxovwjUXaJPEs6sh9uGyYw
X-Frame-Options: DENY
Strict-Transport-Security: max-age=604800

{
  "identifier": {
    "type": "dns",
    "value": "en.molinakev.in"
  },
  "status": "pending",
  "expires": "2025-01-25T13:12:35Z",
  "challenges": [
    {
      "type": "dns-01",
      "url": "https://acme-v02.api.letsencrypt.org/acme/chall/116300151/462514887635/FQ9LqQ",
      "status": "pending",
      "token": "iMS6xfcAS5dqPHLXcvHvOkeW2yWkz8Zn65w5vWGg8M0"
    },
    {
      "type": "http-01",
      "url": "https://acme-v02.api.letsencrypt.org/acme/chall/116300151/462514887635/BcGy2Q",
      "status": "pending",
      "token": "iMS6xfcAS5dqPHLXcvHvOkeW2yWkz8Zn65w5vWGg8M0"
    },
    {
      "type": "tls-alpn-01",
      "url": "https://acme-v02.api.letsencrypt.org/acme/chall/116300151/462514887635/ZCU7qA",
      "status": "pending",
      "token": "iMS6xfcAS5dqPHLXcvHvOkeW2yWkz8Zn65w5vWGg8M0"
    }
  ]
}
2025-01-18 13:12:36,182:DEBUG:acme.client:Storing nonce: TuPv3OuuW7RqtYfngPuOXoxWWBUARBxovwjUXaJPEs6sh9uGyYw
2025-01-18 13:12:36,183:DEBUG:acme.client:JWS payload:
b''
2025-01-18 13:12:36,187:DEBUG:acme.client:Sending POST request to https://acme-v02.api.letsencrypt.org/acme/authz/116300151/462514887645:
{
  "protected": "eyJhbGciOiAiUlMyNTYiLCAia2lkIjogImh0dHBzOi8vYWNtZS12MDIuYXBpLmxldHNlbmNyeXB0Lm9yZy9hY21lL2FjY3QvMTE2MzAwMTUxIiwgIm5vbmNlIjogIlR1UHYzT3V1VzdScXRZZm5nUHVPWG94V1dCVUFSQnhvdndqVVhhSlBFczZzaDl1R3lZdyIsICJ1cmwiOiAiaHR0cHM6Ly9hY21lLXYwMi5hcGkubGV0c2VuY3J5cHQub3JnL2FjbWUvYXV0aHovMTE2MzAwMTUxLzQ2MjUxNDg4NzY0NSJ9",
  "signature": "MpurhwpaIuJ8WZanCQFb_HXd95njcFCBF_xAdsFjZAMiy9uu9kfboG6-jsHteYA55P7F6ZNmxyQhDZvfuf8nHLdhAHSsikqsUDz5Naig1z7DDAqTnwWmY18qOQfMHG2to3med-ukFyJfiabyJFhOVWWo10Od_HQFvOxw1XnyJzhWEOw0TWXnTSn8saoWh6B7lClDNMFo-4mfpEFfbOb6hRwx1JqhNpPB8fdGHMNSU9OOsKLHMqXFtsYR42_vkYaau5nOHKsLaxCTfH0m14fF3Po0yU-LchThTjM5P0qS3Dg_ZW1-5wtsWVHy_8gSLWY9bBitgk8JstChF5Ebt_EJZg",
  "payload": ""
}
2025-01-18 13:12:36,388:DEBUG:urllib3.connectionpool:https://acme-v02.api.letsencrypt.org:443 "POST /acme/authz/116300151/462514887645 HTTP/1.1" 200 820
2025-01-18 13:12:36,389:DEBUG:acme.client:Received response:
HTTP 200
Server: nginx
Date: Sat, 18 Jan 2025 13:12:36 GMT
Content-Type: application/json
Content-Length: 820
Connection: keep-alive
Boulder-Requester: 116300151
Cache-Control: public, max-age=0, no-cache
Link: <https://acme-v02.api.letsencrypt.org/directory>;rel="index"
Replay-Nonce: 695xoWTDqMVdtK-aoh7LL5k2p2Tl15VSWfA_dnzTATCmBZXAFjw
X-Frame-Options: DENY
Strict-Transport-Security: max-age=604800

{
  "identifier": {
    "type": "dns",
    "value": "es.molinakev.in"
  },
  "status": "pending",
  "expires": "2025-01-25T13:12:35Z",
  "challenges": [
    {
      "type": "tls-alpn-01",
      "url": "https://acme-v02.api.letsencrypt.org/acme/chall/116300151/462514887645/FRAPkA",
      "status": "pending",
      "token": "_N4BI9aEGMLydvhgDNsqgS5yAFC8b3SFEmd3azTDL_s"
    },
    {
      "type": "http-01",
      "url": "https://acme-v02.api.letsencrypt.org/acme/chall/116300151/462514887645/IH3vxQ",
      "status": "pending",
      "token": "_N4BI9aEGMLydvhgDNsqgS5yAFC8b3SFEmd3azTDL_s"
    },
    {
      "type": "dns-01",
      "url": "https://acme-v02.api.letsencrypt.org/acme/chall/116300151/462514887645/tlaQ3g",
      "status": "pending",
      "token": "_N4BI9aEGMLydvhgDNsqgS5yAFC8b3SFEmd3azTDL_s"
    }
  ]
}
2025-01-18 13:12:36,389:DEBUG:acme.client:Storing nonce: 695xoWTDqMVdtK-aoh7LL5k2p2Tl15VSWfA_dnzTATCmBZXAFjw
2025-01-18 13:12:36,390:DEBUG:acme.client:JWS payload:
b''
2025-01-18 13:12:36,392:DEBUG:acme.client:Sending POST request to https://acme-v02.api.letsencrypt.org/acme/authz/116300151/462514887655:
{
  "protected": "eyJhbGciOiAiUlMyNTYiLCAia2lkIjogImh0dHBzOi8vYWNtZS12MDIuYXBpLmxldHNlbmNyeXB0Lm9yZy9hY21lL2FjY3QvMTE2MzAwMTUxIiwgIm5vbmNlIjogIjY5NXhvV1REcU1WZHRLLWFvaDdMTDVrMnAyVGwxNVZTV2ZBX2RuelRBVENtQlpYQUZqdyIsICJ1cmwiOiAiaHR0cHM6Ly9hY21lLXYwMi5hcGkubGV0c2VuY3J5cHQub3JnL2FjbWUvYXV0aHovMTE2MzAwMTUxLzQ2MjUxNDg4NzY1NSJ9",
  "signature": "gLKu6Yu7OOo36YVt00uD8XsjgpVCUyhWeJVbCXF03mk3Y5mu_lbN1RmEeIKq_xD19-pn5yFDwGFAg9iMgiWl3NKV9SropUNdtJfiSF2sKNYW51oXCZez4705MbHeH2OjSWfUztSVzMZ4IjXZ06Mq0dNsCvULQmpcbz9-KjqhXon6Bhty2BtwAM9AI8fGdPyGnrvKXN0G08CzWy1YLtBN3zKEW_j1sBvb_2_UoiwS8q7weG8qL0bbT8bbm6Q8Td5jXcgaTHXBTdp_GcBw1AGgvIXtfjoVUrj3_55TxWucrrxpOMTf6l5HjCP1n5oz6s9z1Er1XiEirDDhZkjSEErXyA",
  "payload": ""
}
2025-01-18 13:12:36,592:DEBUG:urllib3.connectionpool:https://acme-v02.api.letsencrypt.org:443 "POST /acme/authz/116300151/462514887655 HTTP/1.1" 200 817
2025-01-18 13:12:36,592:DEBUG:acme.client:Received response:
HTTP 200
Server: nginx
Date: Sat, 18 Jan 2025 13:12:36 GMT
Content-Type: application/json
Content-Length: 817
Connection: keep-alive
Boulder-Requester: 116300151
Cache-Control: public, max-age=0, no-cache
Link: <https://acme-v02.api.letsencrypt.org/directory>;rel="index"
Replay-Nonce: 695xoWTDNOUaILV1yD7o-WJoQrIAPNO-x5P-r6Tisr0s_a11vz0
X-Frame-Options: DENY
Strict-Transport-Security: max-age=604800

{
  "identifier": {
    "type": "dns",
    "value": "molinakev.in"
  },
  "status": "pending",
  "expires": "2025-01-25T13:12:35Z",
  "challenges": [
    {
      "type": "tls-alpn-01",
      "url": "https://acme-v02.api.letsencrypt.org/acme/chall/116300151/462514887655/AMugZQ",
      "status": "pending",
      "token": "MFXWy8Af4iTRd4zA3yAQbEA2QhpyiIMYz96-G4l5ZW8"
    },
    {
      "type": "dns-01",
      "url": "https://acme-v02.api.letsencrypt.org/acme/chall/116300151/462514887655/fpn2cA",
      "status": "pending",
      "token": "MFXWy8Af4iTRd4zA3yAQbEA2QhpyiIMYz96-G4l5ZW8"
    },
    {
      "type": "http-01",
      "url": "https://acme-v02.api.letsencrypt.org/acme/chall/116300151/462514887655/oB9e6g",
      "status": "pending",
      "token": "MFXWy8Af4iTRd4zA3yAQbEA2QhpyiIMYz96-G4l5ZW8"
    }
  ]
}
2025-01-18 13:12:36,592:DEBUG:acme.client:Storing nonce: 695xoWTDNOUaILV1yD7o-WJoQrIAPNO-x5P-r6Tisr0s_a11vz0
2025-01-18 13:12:36,593:DEBUG:acme.client:JWS payload:
b''
2025-01-18 13:12:36,594:DEBUG:acme.client:Sending POST request to https://acme-v02.api.letsencrypt.org/acme/authz/116300151/462514887665:
{
  "protected": "eyJhbGciOiAiUlMyNTYiLCAia2lkIjogImh0dHBzOi8vYWNtZS12MDIuYXBpLmxldHNlbmNyeXB0Lm9yZy9hY21lL2FjY3QvMTE2MzAwMTUxIiwgIm5vbmNlIjogIjY5NXhvV1RETk9VYUlMVjF5RDdvLVdKb1FySUFQTk8teDVQLXI2VGlzcjBzX2ExMXZ6MCIsICJ1cmwiOiAiaHR0cHM6Ly9hY21lLXYwMi5hcGkubGV0c2VuY3J5cHQub3JnL2FjbWUvYXV0aHovMTE2MzAwMTUxLzQ2MjUxNDg4NzY2NSJ9",
  "signature": "b9SgqFFjnU7DQpe0w-eXm5ALv8V6xBJHw2RWhKtGzLF0Ko_KU9r2QhoXN5P9CCzfIv8eK9AsGyB81QBhp13Ou-GPep3jIm_HChdVcnbl754FQ3SqmRQaSDzOt0CQa7Is9eWM5rPvYLfihnDRDQ1XDnPplKqATapCReiJOciZf_ELbscMOp7-pAYDPUNIvcamEfSJdXL_yyOND_m9FrI8OYwWVWwdiCc4zjddWzz2dTenORu5QEOhJLCAe2mDPWR_hUh0d6uADh49tJwkl9UlRC-sIIzIozlQbhZO97U2gaYvVahJiOYJRkb7_4TmExWlVzEjm0ApDjOt8ZUo7iwViA",
  "payload": ""
}
2025-01-18 13:12:36,788:DEBUG:urllib3.connectionpool:https://acme-v02.api.letsencrypt.org:443 "POST /acme/authz/116300151/462514887665 HTTP/1.1" 200 821
2025-01-18 13:12:36,788:DEBUG:acme.client:Received response:
HTTP 200
Server: nginx
Date: Sat, 18 Jan 2025 13:12:36 GMT
Content-Type: application/json
Content-Length: 821
Connection: keep-alive
Boulder-Requester: 116300151
Cache-Control: public, max-age=0, no-cache
Link: <https://acme-v02.api.letsencrypt.org/directory>;rel="index"
Replay-Nonce: TuPv3Ouumu4SMhQhAguI_nLFsEXF2nytaZmN30txAj288QKh7EQ
X-Frame-Options: DENY
Strict-Transport-Security: max-age=604800

{
  "identifier": {
    "type": "dns",
    "value": "www.molinakev.in"
  },
  "status": "pending",
  "expires": "2025-01-25T13:12:35Z",
  "challenges": [
    {
      "type": "dns-01",
      "url": "https://acme-v02.api.letsencrypt.org/acme/chall/116300151/462514887665/NqRYHg",
      "status": "pending",
      "token": "_oXidol7TUHWyEN8B3kOGxD9B2zrUBDBvNNungL8wBY"
    },
    {
      "type": "tls-alpn-01",
      "url": "https://acme-v02.api.letsencrypt.org/acme/chall/116300151/462514887665/NFhMjw",
      "status": "pending",
      "token": "_oXidol7TUHWyEN8B3kOGxD9B2zrUBDBvNNungL8wBY"
    },
    {
      "type": "http-01",
      "url": "https://acme-v02.api.letsencrypt.org/acme/chall/116300151/462514887665/7OnFkQ",
      "status": "pending",
      "token": "_oXidol7TUHWyEN8B3kOGxD9B2zrUBDBvNNungL8wBY"
    }
  ]
}
2025-01-18 13:12:36,788:DEBUG:acme.client:Storing nonce: TuPv3Ouumu4SMhQhAguI_nLFsEXF2nytaZmN30txAj288QKh7EQ
2025-01-18 13:12:36,789:INFO:certbot._internal.auth_handler:Performing the following challenges:
2025-01-18 13:12:36,789:INFO:certbot._internal.auth_handler:http-01 challenge for de.molinakev.in
2025-01-18 13:12:36,789:INFO:certbot._internal.auth_handler:http-01 challenge for en.molinakev.in
2025-01-18 13:12:36,789:INFO:certbot._internal.auth_handler:http-01 challenge for es.molinakev.in
2025-01-18 13:12:36,789:INFO:certbot._internal.auth_handler:http-01 challenge for molinakev.in
2025-01-18 13:12:36,789:INFO:certbot._internal.auth_handler:http-01 challenge for www.molinakev.in
2025-01-18 13:12:36,789:INFO:certbot._internal.plugins.webroot:Using the webroot path /usr/share/nginx/html/letsencrypt for all unmatched domains.
2025-01-18 13:12:36,789:DEBUG:certbot._internal.plugins.webroot:Creating root challenges validation dir at /usr/share/nginx/html/letsencrypt/.well-known/acme-challenge
2025-01-18 13:12:36,789:DEBUG:certbot._internal.plugins.webroot:Creating root challenges validation dir at /usr/share/nginx/html/letsencrypt/.well-known/acme-challenge
2025-01-18 13:12:36,790:DEBUG:certbot._internal.plugins.webroot:Creating root challenges validation dir at /usr/share/nginx/html/letsencrypt/.well-known/acme-challenge
2025-01-18 13:12:36,790:DEBUG:certbot._internal.plugins.webroot:Creating root challenges validation dir at /usr/share/nginx/html/letsencrypt/.well-known/acme-challenge
2025-01-18 13:12:36,790:DEBUG:certbot._internal.plugins.webroot:Creating root challenges validation dir at /usr/share/nginx/html/letsencrypt/.well-known/acme-challenge
2025-01-18 13:12:36,791:DEBUG:certbot._internal.plugins.webroot:Attempting to save validation to /usr/share/nginx/html/letsencrypt/.well-known/acme-challenge/0oPxCrwEaA6Cp4Qfx1ZbpfTAYPvI9m3jbnwSWQeCzEc
2025-01-18 13:12:36,792:DEBUG:certbot._internal.plugins.webroot:Attempting to save validation to /usr/share/nginx/html/letsencrypt/.well-known/acme-challenge/iMS6xfcAS5dqPHLXcvHvOkeW2yWkz8Zn65w5vWGg8M0
2025-01-18 13:12:36,793:DEBUG:certbot._internal.plugins.webroot:Attempting to save validation to /usr/share/nginx/html/letsencrypt/.well-known/acme-challenge/_N4BI9aEGMLydvhgDNsqgS5yAFC8b3SFEmd3azTDL_s
2025-01-18 13:12:36,794:DEBUG:certbot._internal.plugins.webroot:Attempting to save validation to /usr/share/nginx/html/letsencrypt/.well-known/acme-challenge/MFXWy8Af4iTRd4zA3yAQbEA2QhpyiIMYz96-G4l5ZW8
2025-01-18 13:12:36,795:DEBUG:certbot._internal.plugins.webroot:Attempting to save validation to /usr/share/nginx/html/letsencrypt/.well-known/acme-challenge/_oXidol7TUHWyEN8B3kOGxD9B2zrUBDBvNNungL8wBY
2025-01-18 13:12:36,795:DEBUG:acme.client:JWS payload:
b'{}'
2025-01-18 13:12:36,798:DEBUG:acme.client:Sending POST request to https://acme-v02.api.letsencrypt.org/acme/chall/116300151/462514887625/pem2lQ:
{
  "protected": "eyJhbGciOiAiUlMyNTYiLCAia2lkIjogImh0dHBzOi8vYWNtZS12MDIuYXBpLmxldHNlbmNyeXB0Lm9yZy9hY21lL2FjY3QvMTE2MzAwMTUxIiwgIm5vbmNlIjogIlR1UHYzT3V1bXU0U01oUWhBZ3VJX25MRnNFWEYybnl0YVptTjMwdHhBajI4OFFLaDdFUSIsICJ1cmwiOiAiaHR0cHM6Ly9hY21lLXYwMi5hcGkubGV0c2VuY3J5cHQub3JnL2FjbWUvY2hhbGwvMTE2MzAwMTUxLzQ2MjUxNDg4NzYyNS9wZW0ybFEifQ",
  "signature": "aVSZTi9b5kQlH3GDD9BqpPB_PItbbfHZ2hBdKTCm7ejjJDBy37Fxj88W5iyLaJnVigAhFVDduv9xk41hefPDWJ3jMXPK3fqBLdY8rlzdeRRjdqtERk61vfsT3j2IMLedLz3raiu2en4lKS3r1NfDrEBEEfA49-TnIyEvjUzYWeriNXTqaim8S-am7MSUgECE6MJYHAEtCzxfEjRRt-lsWmypQHrY_OvgPg3hIDfF45F0jKUzaQxNTzqAXWAwGw4Nbj2_QEEXVvTeZrGhn2weKMoZ84onUBh7yoAEQ9ofYo9SPMqEx9ooG0dUnwH2H7YYMUI_rtPhwLBwvS33Fc76mQ",
  "payload": "e30"
}
2025-01-18 13:12:37,030:DEBUG:urllib3.connectionpool:https://acme-v02.api.letsencrypt.org:443 "POST /acme/chall/116300151/462514887625/pem2lQ HTTP/1.1" 200 194
2025-01-18 13:12:37,031:DEBUG:acme.client:Received response:
HTTP 200
Server: nginx
Date: Sat, 18 Jan 2025 13:12:36 GMT
Content-Type: application/json
Content-Length: 194
Connection: keep-alive
Boulder-Requester: 116300151
Cache-Control: public, max-age=0, no-cache
Link: <https://acme-v02.api.letsencrypt.org/directory>;rel="index", <https://acme-v02.api.letsencrypt.org/acme/authz/116300151/462514887625>;rel="up"
Location: https://acme-v02.api.letsencrypt.org/acme/chall/116300151/462514887625/pem2lQ
Replay-Nonce: TuPv3OuuzQfv2OeN9WokcG8FRuaMTFpPJFiWX5MAdXA2s9VklNQ
X-Frame-Options: DENY
Strict-Transport-Security: max-age=604800

{
  "type": "http-01",
  "url": "https://acme-v02.api.letsencrypt.org/acme/chall/116300151/462514887625/pem2lQ",
  "status": "pending",
  "token": "0oPxCrwEaA6Cp4Qfx1ZbpfTAYPvI9m3jbnwSWQeCzEc"
}
2025-01-18 13:12:37,032:DEBUG:acme.client:Storing nonce: TuPv3OuuzQfv2OeN9WokcG8FRuaMTFpPJFiWX5MAdXA2s9VklNQ
2025-01-18 13:12:37,032:DEBUG:acme.client:JWS payload:
b'{}'
2025-01-18 13:12:37,037:DEBUG:acme.client:Sending POST request to https://acme-v02.api.letsencrypt.org/acme/chall/116300151/462514887635/BcGy2Q:
{
  "protected": "eyJhbGciOiAiUlMyNTYiLCAia2lkIjogImh0dHBzOi8vYWNtZS12MDIuYXBpLmxldHNlbmNyeXB0Lm9yZy9hY21lL2FjY3QvMTE2MzAwMTUxIiwgIm5vbmNlIjogIlR1UHYzT3V1elFmdjJPZU45V29rY0c4RlJ1YU1URnBQSkZpV1g1TUFkWEEyczlWa2xOUSIsICJ1cmwiOiAiaHR0cHM6Ly9hY21lLXYwMi5hcGkubGV0c2VuY3J5cHQub3JnL2FjbWUvY2hhbGwvMTE2MzAwMTUxLzQ2MjUxNDg4NzYzNS9CY0d5MlEifQ",
  "signature": "KML20T_EIyvHfK1mfjKB5HnBQBTKCEk0GRJ9LhMj5EKx2A_ttiSG6re9kH9TQvsT86To6qDWLP6tIGTWDwrPFqdGD7yTBfysnUmJ4YorCw1Bp0SX865-v7SlOsX41ESyt41ZUa1J2wCx_-2zGUULOs0I1VZxwpqdz0DqzSmVbwAKiBQiReqAktQUCgY_dTtxtAB5TAJlkb6NGO6WO3AVwOk9HFKq55S6VHEilfnAXLMq7Bof2VcNvCzrwnJKRulMIsXCIHmaET-2LSTecJ99Y1D2Ehv-Z0dHkJnZpIEfMz2kXt6waJeAtWVucvgdmq310Ms0MtjGs8nTPqLyqJSOeA",
  "payload": "e30"
}
2025-01-18 13:12:37,337:DEBUG:urllib3.connectionpool:https://acme-v02.api.letsencrypt.org:443 "POST /acme/chall/116300151/462514887635/BcGy2Q HTTP/1.1" 200 194
2025-01-18 13:12:37,339:DEBUG:acme.client:Received response:
HTTP 200
Server: nginx
Date: Sat, 18 Jan 2025 13:12:37 GMT
Content-Type: application/json
Content-Length: 194
Connection: keep-alive
Boulder-Requester: 116300151
Cache-Control: public, max-age=0, no-cache
Link: <https://acme-v02.api.letsencrypt.org/directory>;rel="index", <https://acme-v02.api.letsencrypt.org/acme/authz/116300151/462514887635>;rel="up"
Location: https://acme-v02.api.letsencrypt.org/acme/chall/116300151/462514887635/BcGy2Q
Replay-Nonce: TuPv3OuuBw5RSp0fLcUSiWsRpE5lXGu0P8Wj5X4BiqbXpSw715g
X-Frame-Options: DENY
Strict-Transport-Security: max-age=604800

{
  "type": "http-01",
  "url": "https://acme-v02.api.letsencrypt.org/acme/chall/116300151/462514887635/BcGy2Q",
  "status": "pending",
  "token": "iMS6xfcAS5dqPHLXcvHvOkeW2yWkz8Zn65w5vWGg8M0"
}
2025-01-18 13:12:37,339:DEBUG:acme.client:Storing nonce: TuPv3OuuBw5RSp0fLcUSiWsRpE5lXGu0P8Wj5X4BiqbXpSw715g
2025-01-18 13:12:37,340:DEBUG:acme.client:JWS payload:
b'{}'
2025-01-18 13:12:37,346:DEBUG:acme.client:Sending POST request to https://acme-v02.api.letsencrypt.org/acme/chall/116300151/462514887645/IH3vxQ:
{
  "protected": "eyJhbGciOiAiUlMyNTYiLCAia2lkIjogImh0dHBzOi8vYWNtZS12MDIuYXBpLmxldHNlbmNyeXB0Lm9yZy9hY21lL2FjY3QvMTE2MzAwMTUxIiwgIm5vbmNlIjogIlR1UHYzT3V1Qnc1UlNwMGZMY1VTaVdzUnBFNWxYR3UwUDhXajVYNEJpcWJYcFN3NzE1ZyIsICJ1cmwiOiAiaHR0cHM6Ly9hY21lLXYwMi5hcGkubGV0c2VuY3J5cHQub3JnL2FjbWUvY2hhbGwvMTE2MzAwMTUxLzQ2MjUxNDg4NzY0NS9JSDN2eFEifQ",
  "signature": "q64YxrYdH2r-yiaVB1tL0oK82qVTcXgCWS4yJ4qAjCB_WUc7edRbwDINMfyKbdzQLpZUlIAoEUQzmEFpugGNh27yg5FFV_x5K-2APuQVUfAmRVmL9vGyat_if76vup_HTokm5mBZGRy8VoYjGkC01sGpVJ-4Ty3VpWFoqs83lpeWPbwI6m06qtBxkDQdJ_KAdQbA7zx7keDLLOHmLheqMv-GRL5QgkNYleg1aLUHYp7YA-dnhgWBggRFBrtK31ytC8B1hnJa3o6QGt_CMWvxlVivMDx640jnvwSGZEOBA_fFkWYGDVJUrFCn5yictFAOlYXTaBJ2GXNb3Q2DH4Xphw",
  "payload": "e30"
}
2025-01-18 13:12:37,559:DEBUG:urllib3.connectionpool:https://acme-v02.api.letsencrypt.org:443 "POST /acme/chall/116300151/462514887645/IH3vxQ HTTP/1.1" 200 194
2025-01-18 13:12:37,561:DEBUG:acme.client:Received response:
HTTP 200
Server: nginx
Date: Sat, 18 Jan 2025 13:12:37 GMT
Content-Type: application/json
Content-Length: 194
Connection: keep-alive
Boulder-Requester: 116300151
Cache-Control: public, max-age=0, no-cache
Link: <https://acme-v02.api.letsencrypt.org/directory>;rel="index", <https://acme-v02.api.letsencrypt.org/acme/authz/116300151/462514887645>;rel="up"
Location: https://acme-v02.api.letsencrypt.org/acme/chall/116300151/462514887645/IH3vxQ
Replay-Nonce: 695xoWTDW3pNE2Ano2hHKjG_0CZToiLvWLCZ2xCF_oXn6xuREbk
X-Frame-Options: DENY
Strict-Transport-Security: max-age=604800

{
  "type": "http-01",
  "url": "https://acme-v02.api.letsencrypt.org/acme/chall/116300151/462514887645/IH3vxQ",
  "status": "pending",
  "token": "_N4BI9aEGMLydvhgDNsqgS5yAFC8b3SFEmd3azTDL_s"
}
2025-01-18 13:12:37,562:DEBUG:acme.client:Storing nonce: 695xoWTDW3pNE2Ano2hHKjG_0CZToiLvWLCZ2xCF_oXn6xuREbk
2025-01-18 13:12:37,563:DEBUG:acme.client:JWS payload:
b'{}'
2025-01-18 13:12:37,570:DEBUG:acme.client:Sending POST request to https://acme-v02.api.letsencrypt.org/acme/chall/116300151/462514887655/oB9e6g:
{
  "protected": "eyJhbGciOiAiUlMyNTYiLCAia2lkIjogImh0dHBzOi8vYWNtZS12MDIuYXBpLmxldHNlbmNyeXB0Lm9yZy9hY21lL2FjY3QvMTE2MzAwMTUxIiwgIm5vbmNlIjogIjY5NXhvV1REVzNwTkUyQW5vMmhIS2pHXzBDWlRvaUx2V0xDWjJ4Q0Zfb1huNnh1UkViayIsICJ1cmwiOiAiaHR0cHM6Ly9hY21lLXYwMi5hcGkubGV0c2VuY3J5cHQub3JnL2FjbWUvY2hhbGwvMTE2MzAwMTUxLzQ2MjUxNDg4NzY1NS9vQjllNmcifQ",
  "signature": "IfFEoNU69bldvP2YY77mUYtZRaWJ8Kx1m2d51h7pcCLAV7lZNBDbq_AhWc2FcndgdUAlRf2Vmwpotv1LkreBmTBcpKBbC_wiZzsxOu3oQWT6Yui-24orDCPS8fjBAMcH8YKm22n38b2nQsoG953S3ceCmfruD6RUOlGaI7Tl5Jqj5eGeouXJbdMjlR1mUOHZ2MNswI1hYwjwYKppIAiCBWlKTPdPGYMm_k8KPD7sp2vIsxjH1v-p7WFk2vwqoPy5jVEMmQf5nFIgumJ2Pdt2t1rB3ZmbbwWs0_apg1gzMD3CH93nuMZS7-nXwTl6nlQAdE33KwBPDXfURoPx4tf_jQ",
  "payload": "e30"
}
2025-01-18 13:12:37,773:DEBUG:urllib3.connectionpool:https://acme-v02.api.letsencrypt.org:443 "POST /acme/chall/116300151/462514887655/oB9e6g HTTP/1.1" 200 194
2025-01-18 13:12:37,774:DEBUG:acme.client:Received response:
HTTP 200
Server: nginx
Date: Sat, 18 Jan 2025 13:12:37 GMT
Content-Type: application/json
Content-Length: 194
Connection: keep-alive
Boulder-Requester: 116300151
Cache-Control: public, max-age=0, no-cache
Link: <https://acme-v02.api.letsencrypt.org/directory>;rel="index", <https://acme-v02.api.letsencrypt.org/acme/authz/116300151/462514887655>;rel="up"
Location: https://acme-v02.api.letsencrypt.org/acme/chall/116300151/462514887655/oB9e6g
Replay-Nonce: TuPv3Ouu_Xg4wu_PR1oL6o41yLtnnGev1ch1-KLClXTU_hf_LCU
X-Frame-Options: DENY
Strict-Transport-Security: max-age=604800

{
  "type": "http-01",
  "url": "https://acme-v02.api.letsencrypt.org/acme/chall/116300151/462514887655/oB9e6g",
  "status": "pending",
  "token": "MFXWy8Af4iTRd4zA3yAQbEA2QhpyiIMYz96-G4l5ZW8"
}
2025-01-18 13:12:37,775:DEBUG:acme.client:Storing nonce: TuPv3Ouu_Xg4wu_PR1oL6o41yLtnnGev1ch1-KLClXTU_hf_LCU
2025-01-18 13:12:37,775:DEBUG:acme.client:JWS payload:
b'{}'
2025-01-18 13:12:37,780:DEBUG:acme.client:Sending POST request to https://acme-v02.api.letsencrypt.org/acme/chall/116300151/462514887665/7OnFkQ:
{
  "protected": "eyJhbGciOiAiUlMyNTYiLCAia2lkIjogImh0dHBzOi8vYWNtZS12MDIuYXBpLmxldHNlbmNyeXB0Lm9yZy9hY21lL2FjY3QvMTE2MzAwMTUxIiwgIm5vbmNlIjogIlR1UHYzT3V1X1hnNHd1X1BSMW9MNm80MXlMdG5uR2V2MWNoMS1LTENsWFRVX2hmX0xDVSIsICJ1cmwiOiAiaHR0cHM6Ly9hY21lLXYwMi5hcGkubGV0c2VuY3J5cHQub3JnL2FjbWUvY2hhbGwvMTE2MzAwMTUxLzQ2MjUxNDg4NzY2NS83T25Ga1EifQ",
  "signature": "vZWK7AwDXF5aVr5hTuzcMaHuAjZ0AGS1laizTKtWogP3hToRnD4jNwYlQYi08Xx6ABZB58PgI2JYm1oBh111j8gd4zEIL0FJ8qTEWXmYihmNc_4nssXLnhL1KM1Dh0f3vTyeqMK3ssd6lAcC68WFVcyRqL12JgBTlv-6eZfE64RgkW94IfXYNrfatQX60OjDe77V9YAwNGDLWC1hp6jakmub5bJMlEJKTzM9oliEF1daQm5-olzc51oqLmvupzybTya62WxbKJ13JO-pyzYginwZxFDzduMU-plkKj2rkfWhOU_bFKP6REEGXOEeMn4R6R1Tzp51y1PY7NyCSpl9QQ",
  "payload": "e30"
}
2025-01-18 13:12:37,971:DEBUG:urllib3.connectionpool:https://acme-v02.api.letsencrypt.org:443 "POST /acme/chall/116300151/462514887665/7OnFkQ HTTP/1.1" 200 194
2025-01-18 13:12:37,973:DEBUG:acme.client:Received response:
HTTP 200
Server: nginx
Date: Sat, 18 Jan 2025 13:12:37 GMT
Content-Type: application/json
Content-Length: 194
Connection: keep-alive
Boulder-Requester: 116300151
Cache-Control: public, max-age=0, no-cache
Link: <https://acme-v02.api.letsencrypt.org/directory>;rel="index", <https://acme-v02.api.letsencrypt.org/acme/authz/116300151/462514887665>;rel="up"
Location: https://acme-v02.api.letsencrypt.org/acme/chall/116300151/462514887665/7OnFkQ
Replay-Nonce: 695xoWTDOEHqLzERckIGmlubaUK4POqnVKyfmh8DHJn5p30U1GE
X-Frame-Options: DENY
Strict-Transport-Security: max-age=604800

{
  "type": "http-01",
  "url": "https://acme-v02.api.letsencrypt.org/acme/chall/116300151/462514887665/7OnFkQ",
  "status": "pending",
  "token": "_oXidol7TUHWyEN8B3kOGxD9B2zrUBDBvNNungL8wBY"
}
2025-01-18 13:12:37,973:DEBUG:acme.client:Storing nonce: 695xoWTDOEHqLzERckIGmlubaUK4POqnVKyfmh8DHJn5p30U1GE
2025-01-18 13:12:37,974:INFO:certbot._internal.auth_handler:Waiting for verification...
2025-01-18 13:12:38,974:DEBUG:acme.client:JWS payload:
b''
2025-01-18 13:12:38,979:DEBUG:acme.client:Sending POST request to https://acme-v02.api.letsencrypt.org/acme/authz/116300151/462514887625:
{
  "protected": "eyJhbGciOiAiUlMyNTYiLCAia2lkIjogImh0dHBzOi8vYWNtZS12MDIuYXBpLmxldHNlbmNyeXB0Lm9yZy9hY21lL2FjY3QvMTE2MzAwMTUxIiwgIm5vbmNlIjogIjY5NXhvV1RET0VIcUx6RVJja0lHbWx1YmFVSzRQT3FuVkt5Zm1oOERISm41cDMwVTFHRSIsICJ1cmwiOiAiaHR0cHM6Ly9hY21lLXYwMi5hcGkubGV0c2VuY3J5cHQub3JnL2FjbWUvYXV0aHovMTE2MzAwMTUxLzQ2MjUxNDg4NzYyNSJ9",
  "signature": "Wnpt1YoQDfGOKj7ueZ7ECDZolWldzjSVcdoiUwRxEn57LHX8mLPpbcfFuHLV_sjZrJz_Rl2ReAkD3hIlwWMYqSiAmRp3wYpwitplLpznEbd5nO9dZjUTnZ6HTd5NxfonyByKlgoJaQP3IVT_BMkPFX_UiQwiRCc_jQe47Uwo5HOJ0Dn9dLFTiDUMl_516TLk4jzXfu-VD78kvApwf51Uo3GgQftTiBJMqNcTNcV7JkAuGDYvaBOa9qczen48NQbwsEk2pBiptKfSDBIA-p-lM6JlcZvBuywh9SyzIcUUxcmVHOqkV4GttWW9xea4kFOIVT1wRmg1g_MyFB53WOoy1g",
  "payload": ""
}
2025-01-18 13:12:39,204:DEBUG:urllib3.connectionpool:https://acme-v02.api.letsencrypt.org:443 "POST /acme/authz/116300151/462514887625 HTTP/1.1" 200 820
2025-01-18 13:12:39,205:DEBUG:acme.client:Received response:
HTTP 200
Server: nginx
Date: Sat, 18 Jan 2025 13:12:39 GMT
Content-Type: application/json
Content-Length: 820
Connection: keep-alive
Boulder-Requester: 116300151
Cache-Control: public, max-age=0, no-cache
Link: <https://acme-v02.api.letsencrypt.org/directory>;rel="index"
Replay-Nonce: 695xoWTD7cQM9g0for66oEe4jtSKD5xhMgCmiqVhDUj9oYG57p8
X-Frame-Options: DENY
Strict-Transport-Security: max-age=604800

{
  "identifier": {
    "type": "dns",
    "value": "de.molinakev.in"
  },
  "status": "pending",
  "expires": "2025-01-25T13:12:35Z",
  "challenges": [
    {
      "type": "dns-01",
      "url": "https://acme-v02.api.letsencrypt.org/acme/chall/116300151/462514887625/WZ7l-Q",
      "status": "pending",
      "token": "0oPxCrwEaA6Cp4Qfx1ZbpfTAYPvI9m3jbnwSWQeCzEc"
    },
    {
      "type": "tls-alpn-01",
      "url": "https://acme-v02.api.letsencrypt.org/acme/chall/116300151/462514887625/EaLkUA",
      "status": "pending",
      "token": "0oPxCrwEaA6Cp4Qfx1ZbpfTAYPvI9m3jbnwSWQeCzEc"
    },
    {
      "type": "http-01",
      "url": "https://acme-v02.api.letsencrypt.org/acme/chall/116300151/462514887625/pem2lQ",
      "status": "pending",
      "token": "0oPxCrwEaA6Cp4Qfx1ZbpfTAYPvI9m3jbnwSWQeCzEc"
    }
  ]
}
2025-01-18 13:12:39,205:DEBUG:acme.client:Storing nonce: 695xoWTD7cQM9g0for66oEe4jtSKD5xhMgCmiqVhDUj9oYG57p8
2025-01-18 13:12:39,206:DEBUG:acme.client:JWS payload:
b''
2025-01-18 13:12:39,211:DEBUG:acme.client:Sending POST request to https://acme-v02.api.letsencrypt.org/acme/authz/116300151/462514887635:
{
  "protected": "eyJhbGciOiAiUlMyNTYiLCAia2lkIjogImh0dHBzOi8vYWNtZS12MDIuYXBpLmxldHNlbmNyeXB0Lm9yZy9hY21lL2FjY3QvMTE2MzAwMTUxIiwgIm5vbmNlIjogIjY5NXhvV1REN2NRTTlnMGZvcjY2b0VlNGp0U0tENXhoTWdDbWlxVmhEVWo5b1lHNTdwOCIsICJ1cmwiOiAiaHR0cHM6Ly9hY21lLXYwMi5hcGkubGV0c2VuY3J5cHQub3JnL2FjbWUvYXV0aHovMTE2MzAwMTUxLzQ2MjUxNDg4NzYzNSJ9",
  "signature": "HR0n9ex9UvzzQkkbmWpLr7OO8CG0ccIlHdRzkoeb2sFKWgf4_o6IiqqwmmDXrmOqwdXJ0635f4Xnr9ifYN6A_6tUikzxcvlxHmBppgKwVTydoV0p8KYKaGXLmAeipVnpig8WHOskILJx2HYwpB2ShtrML4m363VghdWMvzVHn9mbS8VgWlrCCilmMeS63IPCDQYkX42uSJm4iWtJYEoLNMhWM11D2LCv75-yCxyJuSrSpRXXegKfkN2ShLT6Kk7G02tMNZBUze26Pu_pX_ukAtdOJWiNgjRf-W0jiNMIFfte_-uxn9HrK31GZfYCWHImNFtAdK4Cm8IeKGg0LYv00A",
  "payload": ""
}
2025-01-18 13:12:39,398:DEBUG:urllib3.connectionpool:https://acme-v02.api.letsencrypt.org:443 "POST /acme/authz/116300151/462514887635 HTTP/1.1" 200 820
2025-01-18 13:12:39,399:DEBUG:acme.client:Received response:
HTTP 200
Server: nginx
Date: Sat, 18 Jan 2025 13:12:39 GMT
Content-Type: application/json
Content-Length: 820
Connection: keep-alive
Boulder-Requester: 116300151
Cache-Control: public, max-age=0, no-cache
Link: <https://acme-v02.api.letsencrypt.org/directory>;rel="index"
Replay-Nonce: TuPv3OuulEkMHyhczXoZGl8KDAnxfLZfwdE31tK_kgLpVpErWfM
X-Frame-Options: DENY
Strict-Transport-Security: max-age=604800

{
  "identifier": {
    "type": "dns",
    "value": "en.molinakev.in"
  },
  "status": "pending",
  "expires": "2025-01-25T13:12:35Z",
  "challenges": [
    {
      "type": "http-01",
      "url": "https://acme-v02.api.letsencrypt.org/acme/chall/116300151/462514887635/BcGy2Q",
      "status": "pending",
      "token": "iMS6xfcAS5dqPHLXcvHvOkeW2yWkz8Zn65w5vWGg8M0"
    },
    {
      "type": "dns-01",
      "url": "https://acme-v02.api.letsencrypt.org/acme/chall/116300151/462514887635/FQ9LqQ",
      "status": "pending",
      "token": "iMS6xfcAS5dqPHLXcvHvOkeW2yWkz8Zn65w5vWGg8M0"
    },
    {
      "type": "tls-alpn-01",
      "url": "https://acme-v02.api.letsencrypt.org/acme/chall/116300151/462514887635/ZCU7qA",
      "status": "pending",
      "token": "iMS6xfcAS5dqPHLXcvHvOkeW2yWkz8Zn65w5vWGg8M0"
    }
  ]
}
2025-01-18 13:12:39,399:DEBUG:acme.client:Storing nonce: TuPv3OuulEkMHyhczXoZGl8KDAnxfLZfwdE31tK_kgLpVpErWfM
2025-01-18 13:12:39,400:DEBUG:acme.client:JWS payload:
b''
2025-01-18 13:12:39,405:DEBUG:acme.client:Sending POST request to https://acme-v02.api.letsencrypt.org/acme/authz/116300151/462514887645:
{
  "protected": "eyJhbGciOiAiUlMyNTYiLCAia2lkIjogImh0dHBzOi8vYWNtZS12MDIuYXBpLmxldHNlbmNyeXB0Lm9yZy9hY21lL2FjY3QvMTE2MzAwMTUxIiwgIm5vbmNlIjogIlR1UHYzT3V1bEVrTUh5aGN6WG9aR2w4S0RBbnhmTFpmd2RFMzF0S19rZ0xwVnBFcldmTSIsICJ1cmwiOiAiaHR0cHM6Ly9hY21lLXYwMi5hcGkubGV0c2VuY3J5cHQub3JnL2FjbWUvYXV0aHovMTE2MzAwMTUxLzQ2MjUxNDg4NzY0NSJ9",
  "signature": "k6damoZMClD6TA01vT3_iR3j2LeivNlaoDjjJIL27gFSFhYTIrdipcoI_83UC8YsEHfzTSNlT66GF2A9pMdI6MyluDx6RKlEVtDD9fNpnVW0iv0wRt5UuqlI9-sTrMyTcqTQh5uYEQWOh-sOYCV7ibFlxMTOt7kzKtQIrj9-Obsprr4UId_y01fVKEgl6uLoKrUmKHkJEHkXXPEf43NG2IvU3E5pCmMmySodJWxBOCmQ5IZcTRh9dRCfB5GbEGWdBpqDi0YTUaUzVcY1AtmmvzdqE-F69d780RmSVfAfYStK4JFViZiTdk8u7pyfIzs0zmCA3VLc7nMjg4ilm0xuMg",
  "payload": ""
}
2025-01-18 13:12:39,603:DEBUG:urllib3.connectionpool:https://acme-v02.api.letsencrypt.org:443 "POST /acme/authz/116300151/462514887645 HTTP/1.1" 200 820
2025-01-18 13:12:39,605:DEBUG:acme.client:Received response:
HTTP 200
Server: nginx
Date: Sat, 18 Jan 2025 13:12:39 GMT
Content-Type: application/json
Content-Length: 820
Connection: keep-alive
Boulder-Requester: 116300151
Cache-Control: public, max-age=0, no-cache
Link: <https://acme-v02.api.letsencrypt.org/directory>;rel="index"
Replay-Nonce: TuPv3OuuVAcBKVprkvdL7iuMz83s_ViXBukl_KFvp7oCHP87X88
X-Frame-Options: DENY
Strict-Transport-Security: max-age=604800

{
  "identifier": {
    "type": "dns",
    "value": "es.molinakev.in"
  },
  "status": "pending",
  "expires": "2025-01-25T13:12:35Z",
  "challenges": [
    {
      "type": "tls-alpn-01",
      "url": "https://acme-v02.api.letsencrypt.org/acme/chall/116300151/462514887645/FRAPkA",
      "status": "pending",
      "token": "_N4BI9aEGMLydvhgDNsqgS5yAFC8b3SFEmd3azTDL_s"
    },
    {
      "type": "dns-01",
      "url": "https://acme-v02.api.letsencrypt.org/acme/chall/116300151/462514887645/tlaQ3g",
      "status": "pending",
      "token": "_N4BI9aEGMLydvhgDNsqgS5yAFC8b3SFEmd3azTDL_s"
    },
    {
      "type": "http-01",
      "url": "https://acme-v02.api.letsencrypt.org/acme/chall/116300151/462514887645/IH3vxQ",
      "status": "pending",
      "token": "_N4BI9aEGMLydvhgDNsqgS5yAFC8b3SFEmd3azTDL_s"
    }
  ]
}
2025-01-18 13:12:39,605:DEBUG:acme.client:Storing nonce: TuPv3OuuVAcBKVprkvdL7iuMz83s_ViXBukl_KFvp7oCHP87X88
2025-01-18 13:12:39,606:DEBUG:acme.client:JWS payload:
b''
2025-01-18 13:12:39,609:DEBUG:acme.client:Sending POST request to https://acme-v02.api.letsencrypt.org/acme/authz/116300151/462514887655:
{
  "protected": "eyJhbGciOiAiUlMyNTYiLCAia2lkIjogImh0dHBzOi8vYWNtZS12MDIuYXBpLmxldHNlbmNyeXB0Lm9yZy9hY21lL2FjY3QvMTE2MzAwMTUxIiwgIm5vbmNlIjogIlR1UHYzT3V1VkFjQktWcHJrdmRMN2l1TXo4M3NfVmlYQnVrbF9LRnZwN29DSFA4N1g4OCIsICJ1cmwiOiAiaHR0cHM6Ly9hY21lLXYwMi5hcGkubGV0c2VuY3J5cHQub3JnL2FjbWUvYXV0aHovMTE2MzAwMTUxLzQ2MjUxNDg4NzY1NSJ9",
  "signature": "hoAVpHzI9dYh-wGWkMAmV-kdB1sXi-mfmtK6kSjP8QTBf6NHIsGKvwm3vFQSW1jmWBh9hzkZ7gJidpxWLddkXE6NK_veFpDdMbicT4TnZBKIboLCgUJVN7ZA0i3awergZApKiNeHwtQIhx2-4In26IjLfrUHTb4ko9MIVNaj6dXrBhg_a6v6nJE4YMRmxFtDY8YXKYdLMmEyJH-T1459LGyRt2OeD6s7ZWI74o_FB5M8__FAHSr9FbxTS12W0bUAQg8GYmpguii7nZpMcJt4Es-0aaoIFEabLMIhhnEqSXUaU9qY3gr9BA4Fr_wsrhqO64FWBW9dbzBMrO5wb_rnGg",
  "payload": ""
}
2025-01-18 13:12:39,797:DEBUG:urllib3.connectionpool:https://acme-v02.api.letsencrypt.org:443 "POST /acme/authz/116300151/462514887655 HTTP/1.1" 200 817
2025-01-18 13:12:39,798:DEBUG:acme.client:Received response:
HTTP 200
Server: nginx
Date: Sat, 18 Jan 2025 13:12:39 GMT
Content-Type: application/json
Content-Length: 817
Connection: keep-alive
Boulder-Requester: 116300151
Cache-Control: public, max-age=0, no-cache
Link: <https://acme-v02.api.letsencrypt.org/directory>;rel="index"
Replay-Nonce: TuPv3Ouusig1d9J4lC9SmAIEQP3kWM1f6VdAjCHShteBpRYxcK8
X-Frame-Options: DENY
Strict-Transport-Security: max-age=604800

{
  "identifier": {
    "type": "dns",
    "value": "molinakev.in"
  },
  "status": "pending",
  "expires": "2025-01-25T13:12:35Z",
  "challenges": [
    {
      "type": "tls-alpn-01",
      "url": "https://acme-v02.api.letsencrypt.org/acme/chall/116300151/462514887655/AMugZQ",
      "status": "pending",
      "token": "MFXWy8Af4iTRd4zA3yAQbEA2QhpyiIMYz96-G4l5ZW8"
    },
    {
      "type": "http-01",
      "url": "https://acme-v02.api.letsencrypt.org/acme/chall/116300151/462514887655/oB9e6g",
      "status": "pending",
      "token": "MFXWy8Af4iTRd4zA3yAQbEA2QhpyiIMYz96-G4l5ZW8"
    },
    {
      "type": "dns-01",
      "url": "https://acme-v02.api.letsencrypt.org/acme/chall/116300151/462514887655/fpn2cA",
      "status": "pending",
      "token": "MFXWy8Af4iTRd4zA3yAQbEA2QhpyiIMYz96-G4l5ZW8"
    }
  ]
}
2025-01-18 13:12:39,798:DEBUG:acme.client:Storing nonce: TuPv3Ouusig1d9J4lC9SmAIEQP3kWM1f6VdAjCHShteBpRYxcK8
2025-01-18 13:12:39,799:DEBUG:acme.client:JWS payload:
b''
2025-01-18 13:12:39,803:DEBUG:acme.client:Sending POST request to https://acme-v02.api.letsencrypt.org/acme/authz/116300151/462514887665:
{
  "protected": "eyJhbGciOiAiUlMyNTYiLCAia2lkIjogImh0dHBzOi8vYWNtZS12MDIuYXBpLmxldHNlbmNyeXB0Lm9yZy9hY21lL2FjY3QvMTE2MzAwMTUxIiwgIm5vbmNlIjogIlR1UHYzT3V1c2lnMWQ5SjRsQzlTbUFJRVFQM2tXTTFmNlZkQWpDSFNodGVCcFJZeGNLOCIsICJ1cmwiOiAiaHR0cHM6Ly9hY21lLXYwMi5hcGkubGV0c2VuY3J5cHQub3JnL2FjbWUvYXV0aHovMTE2MzAwMTUxLzQ2MjUxNDg4NzY2NSJ9",
  "signature": "PiidL2OF0XR92PnOTvgxkmoiSq5jStShQp5FDD2wPccFdaWK9mMDYzOD-iw03uzKAwzDTMkE5PUR209WF_w0DisGJMrLaeiqyDJPB_Y74o8ldC3tlzRpOyN17nqnPKAAIU_Y-Br34-MuSzM3kHMFlPKJdzaQocEorCXHgLfYN8GZZek7ZNU5I17XPFzJsx2nJf4t0gnA6DKB6iaGGM9UXDKXbWf2Y-quffUEDa3q6SVuG0qmiYhxdO7EzrqdU9oNPGQ9wGMfDK3Kd-PgiEBaxcIFKb1iSHghDUVoI-EYFf0l8Vu4wpAZaL7CLVCExEbX9WMyYYK8R074xBf5lUIYGg",
  "payload": ""
}
2025-01-18 13:12:40,003:DEBUG:urllib3.connectionpool:https://acme-v02.api.letsencrypt.org:443 "POST /acme/authz/116300151/462514887665 HTTP/1.1" 200 821
2025-01-18 13:12:40,004:DEBUG:acme.client:Received response:
HTTP 200
Server: nginx
Date: Sat, 18 Jan 2025 13:12:39 GMT
Content-Type: application/json
Content-Length: 821
Connection: keep-alive
Boulder-Requester: 116300151
Cache-Control: public, max-age=0, no-cache
Link: <https://acme-v02.api.letsencrypt.org/directory>;rel="index"
Replay-Nonce: 695xoWTDErIN8Qr7QTcsQulh0xn44LgcDEYnBd_uli8pEa53Zjg
X-Frame-Options: DENY
Strict-Transport-Security: max-age=604800

{
  "identifier": {
    "type": "dns",
    "value": "www.molinakev.in"
  },
  "status": "pending",
  "expires": "2025-01-25T13:12:35Z",
  "challenges": [
    {
      "type": "tls-alpn-01",
      "url": "https://acme-v02.api.letsencrypt.org/acme/chall/116300151/462514887665/NFhMjw",
      "status": "pending",
      "token": "_oXidol7TUHWyEN8B3kOGxD9B2zrUBDBvNNungL8wBY"
    },
    {
      "type": "dns-01",
      "url": "https://acme-v02.api.letsencrypt.org/acme/chall/116300151/462514887665/NqRYHg",
      "status": "pending",
      "token": "_oXidol7TUHWyEN8B3kOGxD9B2zrUBDBvNNungL8wBY"
    },
    {
      "type": "http-01",
      "url": "https://acme-v02.api.letsencrypt.org/acme/chall/116300151/462514887665/7OnFkQ",
      "status": "pending",
      "token": "_oXidol7TUHWyEN8B3kOGxD9B2zrUBDBvNNungL8wBY"
    }
  ]
}
2025-01-18 13:12:40,004:DEBUG:acme.client:Storing nonce: 695xoWTDErIN8Qr7QTcsQulh0xn44LgcDEYnBd_uli8pEa53Zjg
2025-01-18 13:12:43,005:DEBUG:acme.client:JWS payload:
b''
2025-01-18 13:12:43,010:DEBUG:acme.client:Sending POST request to https://acme-v02.api.letsencrypt.org/acme/authz/116300151/462514887625:
{
  "protected": "eyJhbGciOiAiUlMyNTYiLCAia2lkIjogImh0dHBzOi8vYWNtZS12MDIuYXBpLmxldHNlbmNyeXB0Lm9yZy9hY21lL2FjY3QvMTE2MzAwMTUxIiwgIm5vbmNlIjogIjY5NXhvV1RERXJJTjhRcjdRVGNzUXVsaDB4bjQ0TGdjREVZbkJkX3VsaThwRWE1M1pqZyIsICJ1cmwiOiAiaHR0cHM6Ly9hY21lLXYwMi5hcGkubGV0c2VuY3J5cHQub3JnL2FjbWUvYXV0aHovMTE2MzAwMTUxLzQ2MjUxNDg4NzYyNSJ9",
  "signature": "gEsfVpkQRVH5jSQxoAubp_NDggOdMoniCZXslhRf2wNR4lMsno1-gg5lEOJgZMK48FKUYOzPgfltu1AIxaHizxHUyTX7tuuOPFZ9rdtu6rN7fscXI7xKkhBQA2A3Q-7HNbZFwgP0rEBkwJCQj9N4_KzxDgrbgnqScq3sLY4KBSd8sOCOMFe9Nzs8jv-SyRHLXh2yuBdhKGzpubtaL9gDuFWmW05J5Ajaa84EzcDhQlhTw1uxGR1bxQQ-qSNpkVgNQaHD2RtE_bOFLAQy9YRaElw7B336TAMc8p_GNStrE-Ndj66qXioCN3NoEIozwJSkuzYrqju5TlpKTYvWWnpzDg",
  "payload": ""
}
2025-01-18 13:12:43,277:DEBUG:urllib3.connectionpool:https://acme-v02.api.letsencrypt.org:443 "POST /acme/authz/116300151/462514887625 HTTP/1.1" 200 820
2025-01-18 13:12:43,278:DEBUG:acme.client:Received response:
HTTP 200
Server: nginx
Date: Sat, 18 Jan 2025 13:12:43 GMT
Content-Type: application/json
Content-Length: 820
Connection: keep-alive
Boulder-Requester: 116300151
Cache-Control: public, max-age=0, no-cache
Link: <https://acme-v02.api.letsencrypt.org/directory>;rel="index"
Replay-Nonce: TuPv3Ouum_tGrY1BVJQ_ymMy2rUSSG26iR64bvV42CA4ANFLk9A
X-Frame-Options: DENY
Strict-Transport-Security: max-age=604800

{
  "identifier": {
    "type": "dns",
    "value": "de.molinakev.in"
  },
  "status": "pending",
  "expires": "2025-01-25T13:12:35Z",
  "challenges": [
    {
      "type": "http-01",
      "url": "https://acme-v02.api.letsencrypt.org/acme/chall/116300151/462514887625/pem2lQ",
      "status": "pending",
      "token": "0oPxCrwEaA6Cp4Qfx1ZbpfTAYPvI9m3jbnwSWQeCzEc"
    },
    {
      "type": "tls-alpn-01",
      "url": "https://acme-v02.api.letsencrypt.org/acme/chall/116300151/462514887625/EaLkUA",
      "status": "pending",
      "token": "0oPxCrwEaA6Cp4Qfx1ZbpfTAYPvI9m3jbnwSWQeCzEc"
    },
    {
      "type": "dns-01",
      "url": "https://acme-v02.api.letsencrypt.org/acme/chall/116300151/462514887625/WZ7l-Q",
      "status": "pending",
      "token": "0oPxCrwEaA6Cp4Qfx1ZbpfTAYPvI9m3jbnwSWQeCzEc"
    }
  ]
}
2025-01-18 13:12:43,278:DEBUG:acme.client:Storing nonce: TuPv3Ouum_tGrY1BVJQ_ymMy2rUSSG26iR64bvV42CA4ANFLk9A
2025-01-18 13:12:43,279:DEBUG:acme.client:JWS payload:
b''
2025-01-18 13:12:43,283:DEBUG:acme.client:Sending POST request to https://acme-v02.api.letsencrypt.org/acme/authz/116300151/462514887635:
{
  "protected": "eyJhbGciOiAiUlMyNTYiLCAia2lkIjogImh0dHBzOi8vYWNtZS12MDIuYXBpLmxldHNlbmNyeXB0Lm9yZy9hY21lL2FjY3QvMTE2MzAwMTUxIiwgIm5vbmNlIjogIlR1UHYzT3V1bV90R3JZMUJWSlFfeW1NeTJyVVNTRzI2aVI2NGJ2VjQyQ0E0QU5GTGs5QSIsICJ1cmwiOiAiaHR0cHM6Ly9hY21lLXYwMi5hcGkubGV0c2VuY3J5cHQub3JnL2FjbWUvYXV0aHovMTE2MzAwMTUxLzQ2MjUxNDg4NzYzNSJ9",
  "signature": "mzF3AkR9CKtabZIokS2vRji_EdzKqGzyVy11Y5K4I9mNGfBfOqPRbIjgvGkPVxdZCtIX-6RKXTvENhlLLZoCPNrSJ4kD3MimDfwwyFWoTZuvop69CA3gn7q3kAVmT_sZ8JjykhkVg9yRNswIQ64wKTwxs7Z2VGPjMxNlDHiEdm4tjRZLjUC54btdUU31bSDoQS5mH5kDVoQrhuhyyFIJF3EmUbxmgrvG5SdZlWaKmAxwAlY5-2VmmI4bJhHyNHu42cEncEpYyRRLHAcEce9MsoEbLIKlEjsZ7wHYq_UaSfeRWKuFDcOBxsSIEvwmBF3YMmcX_U9Swxm-X-4Ahb8RxA",
  "payload": ""
}
2025-01-18 13:12:43,491:DEBUG:urllib3.connectionpool:https://acme-v02.api.letsencrypt.org:443 "POST /acme/authz/116300151/462514887635 HTTP/1.1" 200 820
2025-01-18 13:12:43,492:DEBUG:acme.client:Received response:
HTTP 200
Server: nginx
Date: Sat, 18 Jan 2025 13:12:43 GMT
Content-Type: application/json
Content-Length: 820
Connection: keep-alive
Boulder-Requester: 116300151
Cache-Control: public, max-age=0, no-cache
Link: <https://acme-v02.api.letsencrypt.org/directory>;rel="index"
Replay-Nonce: TuPv3OuuSRRe0WRvB6boFAFT8cTMLxSpN5_Zt52cHhVeeBavpwE
X-Frame-Options: DENY
Strict-Transport-Security: max-age=604800

{
  "identifier": {
    "type": "dns",
    "value": "en.molinakev.in"
  },
  "status": "pending",
  "expires": "2025-01-25T13:12:35Z",
  "challenges": [
    {
      "type": "tls-alpn-01",
      "url": "https://acme-v02.api.letsencrypt.org/acme/chall/116300151/462514887635/ZCU7qA",
      "status": "pending",
      "token": "iMS6xfcAS5dqPHLXcvHvOkeW2yWkz8Zn65w5vWGg8M0"
    },
    {
      "type": "http-01",
      "url": "https://acme-v02.api.letsencrypt.org/acme/chall/116300151/462514887635/BcGy2Q",
      "status": "pending",
      "token": "iMS6xfcAS5dqPHLXcvHvOkeW2yWkz8Zn65w5vWGg8M0"
    },
    {
      "type": "dns-01",
      "url": "https://acme-v02.api.letsencrypt.org/acme/chall/116300151/462514887635/FQ9LqQ",
      "status": "pending",
      "token": "iMS6xfcAS5dqPHLXcvHvOkeW2yWkz8Zn65w5vWGg8M0"
    }
  ]
}
2025-01-18 13:12:43,492:DEBUG:acme.client:Storing nonce: TuPv3OuuSRRe0WRvB6boFAFT8cTMLxSpN5_Zt52cHhVeeBavpwE
2025-01-18 13:12:43,493:DEBUG:acme.client:JWS payload:
b''
2025-01-18 13:12:43,495:DEBUG:acme.client:Sending POST request to https://acme-v02.api.letsencrypt.org/acme/authz/116300151/462514887645:
{
  "protected": "eyJhbGciOiAiUlMyNTYiLCAia2lkIjogImh0dHBzOi8vYWNtZS12MDIuYXBpLmxldHNlbmNyeXB0Lm9yZy9hY21lL2FjY3QvMTE2MzAwMTUxIiwgIm5vbmNlIjogIlR1UHYzT3V1U1JSZTBXUnZCNmJvRkFGVDhjVE1MeFNwTjVfWnQ1MmNIaFZlZUJhdnB3RSIsICJ1cmwiOiAiaHR0cHM6Ly9hY21lLXYwMi5hcGkubGV0c2VuY3J5cHQub3JnL2FjbWUvYXV0aHovMTE2MzAwMTUxLzQ2MjUxNDg4NzY0NSJ9",
  "signature": "KLukkmw8VMZCZeMGvSa1hpatFvSnJ2C8RBuXNH453wVplkHht-cfzBOnrcm0QDijqaKtPWYklRDwkF8AzDvIqdJWPV4WxBZlkcsBS3rvM4XhrIjsMAzP5WA43HC47qxG14UBVEv7F4ctj1WdWT5svBn-CI6pQHgMhzPQaGqzHyO6rE0zBnW9iftLvp3AzNq8Atghoo_UCSYAYjVfZNtNPkQ7n8B4sGkHg-AXKdgkE5Gn7dKjHj-LS40tPm2tiuHQPmsT1ikLaV9HTkY2F8300XtnO24yhE6NIBfJaKgoreKiVV-F0XJ85Cj3a7inPUPQ5hlyGtnJ4OfQYg24X9vA3Q",
  "payload": ""
}
2025-01-18 13:12:43,689:DEBUG:urllib3.connectionpool:https://acme-v02.api.letsencrypt.org:443 "POST /acme/authz/116300151/462514887645 HTTP/1.1" 200 820
2025-01-18 13:12:43,690:DEBUG:acme.client:Received response:
HTTP 200
Server: nginx
Date: Sat, 18 Jan 2025 13:12:43 GMT
Content-Type: application/json
Content-Length: 820
Connection: keep-alive
Boulder-Requester: 116300151
Cache-Control: public, max-age=0, no-cache
Link: <https://acme-v02.api.letsencrypt.org/directory>;rel="index"
Replay-Nonce: 695xoWTD9L-5kfIkQL8Gym_ouDGErpG8XlcMP4VFP9eZSqRoSG0
X-Frame-Options: DENY
Strict-Transport-Security: max-age=604800

{
  "identifier": {
    "type": "dns",
    "value": "es.molinakev.in"
  },
  "status": "pending",
  "expires": "2025-01-25T13:12:35Z",
  "challenges": [
    {
      "type": "dns-01",
      "url": "https://acme-v02.api.letsencrypt.org/acme/chall/116300151/462514887645/tlaQ3g",
      "status": "pending",
      "token": "_N4BI9aEGMLydvhgDNsqgS5yAFC8b3SFEmd3azTDL_s"
    },
    {
      "type": "tls-alpn-01",
      "url": "https://acme-v02.api.letsencrypt.org/acme/chall/116300151/462514887645/FRAPkA",
      "status": "pending",
      "token": "_N4BI9aEGMLydvhgDNsqgS5yAFC8b3SFEmd3azTDL_s"
    },
    {
      "type": "http-01",
      "url": "https://acme-v02.api.letsencrypt.org/acme/chall/116300151/462514887645/IH3vxQ",
      "status": "pending",
      "token": "_N4BI9aEGMLydvhgDNsqgS5yAFC8b3SFEmd3azTDL_s"
    }
  ]
}
2025-01-18 13:12:43,691:DEBUG:acme.client:Storing nonce: 695xoWTD9L-5kfIkQL8Gym_ouDGErpG8XlcMP4VFP9eZSqRoSG0
2025-01-18 13:12:43,692:DEBUG:acme.client:JWS payload:
b''
2025-01-18 13:12:43,698:DEBUG:acme.client:Sending POST request to https://acme-v02.api.letsencrypt.org/acme/authz/116300151/462514887655:
{
  "protected": "eyJhbGciOiAiUlMyNTYiLCAia2lkIjogImh0dHBzOi8vYWNtZS12MDIuYXBpLmxldHNlbmNyeXB0Lm9yZy9hY21lL2FjY3QvMTE2MzAwMTUxIiwgIm5vbmNlIjogIjY5NXhvV1REOUwtNWtmSWtRTDhHeW1fb3VER0VycEc4WGxjTVA0VkZQOWVaU3FSb1NHMCIsICJ1cmwiOiAiaHR0cHM6Ly9hY21lLXYwMi5hcGkubGV0c2VuY3J5cHQub3JnL2FjbWUvYXV0aHovMTE2MzAwMTUxLzQ2MjUxNDg4NzY1NSJ9",
  "signature": "F_sePs9HCVSjnYGcw-hGGhX2PsmcX6ONcJz64VPf_RfpeWC2GqGv8meGdaW6DzGCcXrYYEj7FczQMIU1SxbevsBjww1naOHOlCsue3bd3-t0QDMok1Z7kX3StFdr_HN61mgyBxVL2H0H2UnX3O_fagQ9abXXoBOimywPWmoSQ4zDR-V5Vmvytjn9iEV92oojT9Qj9UTTVZ7gnWQoWOpiHSf--M5rU5NCUDPIdsFB-e-ZqkVH8M5JMRGXQgSJdUGUi6YFu2K-k17iIO_TmMnzUCY08p47ELfXr4xCnCeqXDJG-471YJPOHxvPRoqjW6Ouucqdt7ktKNEdl4MeRHXPeg",
  "payload": ""
}
2025-01-18 13:12:43,890:DEBUG:urllib3.connectionpool:https://acme-v02.api.letsencrypt.org:443 "POST /acme/authz/116300151/462514887655 HTTP/1.1" 200 817
2025-01-18 13:12:43,891:DEBUG:acme.client:Received response:
HTTP 200
Server: nginx
Date: Sat, 18 Jan 2025 13:12:43 GMT
Content-Type: application/json
Content-Length: 817
Connection: keep-alive
Boulder-Requester: 116300151
Cache-Control: public, max-age=0, no-cache
Link: <https://acme-v02.api.letsencrypt.org/directory>;rel="index"
Replay-Nonce: 695xoWTDzrS-5qa3yhxdoIama3TwccJl9RB9UA8m4kvMRT4J-gQ
X-Frame-Options: DENY
Strict-Transport-Security: max-age=604800

{
  "identifier": {
    "type": "dns",
    "value": "molinakev.in"
  },
  "status": "pending",
  "expires": "2025-01-25T13:12:35Z",
  "challenges": [
    {
      "type": "tls-alpn-01",
      "url": "https://acme-v02.api.letsencrypt.org/acme/chall/116300151/462514887655/AMugZQ",
      "status": "pending",
      "token": "MFXWy8Af4iTRd4zA3yAQbEA2QhpyiIMYz96-G4l5ZW8"
    },
    {
      "type": "http-01",
      "url": "https://acme-v02.api.letsencrypt.org/acme/chall/116300151/462514887655/oB9e6g",
      "status": "pending",
      "token": "MFXWy8Af4iTRd4zA3yAQbEA2QhpyiIMYz96-G4l5ZW8"
    },
    {
      "type": "dns-01",
      "url": "https://acme-v02.api.letsencrypt.org/acme/chall/116300151/462514887655/fpn2cA",
      "status": "pending",
      "token": "MFXWy8Af4iTRd4zA3yAQbEA2QhpyiIMYz96-G4l5ZW8"
    }
  ]
}
2025-01-18 13:12:43,891:DEBUG:acme.client:Storing nonce: 695xoWTDzrS-5qa3yhxdoIama3TwccJl9RB9UA8m4kvMRT4J-gQ
2025-01-18 13:12:43,892:DEBUG:acme.client:JWS payload:
b''
2025-01-18 13:12:43,896:DEBUG:acme.client:Sending POST request to https://acme-v02.api.letsencrypt.org/acme/authz/116300151/462514887665:
{
  "protected": "eyJhbGciOiAiUlMyNTYiLCAia2lkIjogImh0dHBzOi8vYWNtZS12MDIuYXBpLmxldHNlbmNyeXB0Lm9yZy9hY21lL2FjY3QvMTE2MzAwMTUxIiwgIm5vbmNlIjogIjY5NXhvV1REenJTLTVxYTN5aHhkb0lhbWEzVHdjY0psOVJCOVVBOG00a3ZNUlQ0Si1nUSIsICJ1cmwiOiAiaHR0cHM6Ly9hY21lLXYwMi5hcGkubGV0c2VuY3J5cHQub3JnL2FjbWUvYXV0aHovMTE2MzAwMTUxLzQ2MjUxNDg4NzY2NSJ9",
  "signature": "NSvA1M3C39CnTf8qY9dShmySQU6qFDZSEWnoNXuWm6qw5ol0QM4Suj3GDRGzwRgA7fbl94eEjgB5ublkw1o3v0OIrbhvGUKvAAV9J2Q8E9AH8pbutLRmjnabolS-MwXmuwGjsVsAmAJzkOxx0J3svlUKK7Io1m8OdW_kIXhFKuqrEqCKjlhPa4SiirXf7uBsySNR5TOFHh0o3sUgu30rBuRRIMJ7-dklGi3ouCk2g3ApCmUPCV8BMBEpfJTnlaTHUE2s-HslHRo7AEIbC2oediCERdbRDGOeYGflWobKAqQB1CXv59KAP9_4fC2ViKT36LLnRS0wRnWMsiBysMAnqg",
  "payload": ""
}
2025-01-18 13:12:44,199:DEBUG:urllib3.connectionpool:https://acme-v02.api.letsencrypt.org:443 "POST /acme/authz/116300151/462514887665 HTTP/1.1" 200 821
2025-01-18 13:12:44,200:DEBUG:acme.client:Received response:
HTTP 200
Server: nginx
Date: Sat, 18 Jan 2025 13:12:44 GMT
Content-Type: application/json
Content-Length: 821
Connection: keep-alive
Boulder-Requester: 116300151
Cache-Control: public, max-age=0, no-cache
Link: <https://acme-v02.api.letsencrypt.org/directory>;rel="index"
Replay-Nonce: TuPv3Ouu5NlwGw39TmvByO-wQrj9t4ya72tQi9iiauR9p_p8GL0
X-Frame-Options: DENY
Strict-Transport-Security: max-age=604800

{
  "identifier": {
    "type": "dns",
    "value": "www.molinakev.in"
  },
  "status": "pending",
  "expires": "2025-01-25T13:12:35Z",
  "challenges": [
    {
      "type": "dns-01",
      "url": "https://acme-v02.api.letsencrypt.org/acme/chall/116300151/462514887665/NqRYHg",
      "status": "pending",
      "token": "_oXidol7TUHWyEN8B3kOGxD9B2zrUBDBvNNungL8wBY"
    },
    {
      "type": "tls-alpn-01",
      "url": "https://acme-v02.api.letsencrypt.org/acme/chall/116300151/462514887665/NFhMjw",
      "status": "pending",
      "token": "_oXidol7TUHWyEN8B3kOGxD9B2zrUBDBvNNungL8wBY"
    },
    {
      "type": "http-01",
      "url": "https://acme-v02.api.letsencrypt.org/acme/chall/116300151/462514887665/7OnFkQ",
      "status": "pending",
      "token": "_oXidol7TUHWyEN8B3kOGxD9B2zrUBDBvNNungL8wBY"
    }
  ]
}
2025-01-18 13:12:44,200:DEBUG:acme.client:Storing nonce: TuPv3Ouu5NlwGw39TmvByO-wQrj9t4ya72tQi9iiauR9p_p8GL0
2025-01-18 13:12:47,201:DEBUG:acme.client:JWS payload:
b''
2025-01-18 13:12:47,204:DEBUG:acme.client:Sending POST request to https://acme-v02.api.letsencrypt.org/acme/authz/116300151/462514887625:
{
  "protected": "eyJhbGciOiAiUlMyNTYiLCAia2lkIjogImh0dHBzOi8vYWNtZS12MDIuYXBpLmxldHNlbmNyeXB0Lm9yZy9hY21lL2FjY3QvMTE2MzAwMTUxIiwgIm5vbmNlIjogIlR1UHYzT3V1NU5sd0d3MzlUbXZCeU8td1Fyajl0NHlhNzJ0UWk5aWlhdVI5cF9wOEdMMCIsICJ1cmwiOiAiaHR0cHM6Ly9hY21lLXYwMi5hcGkubGV0c2VuY3J5cHQub3JnL2FjbWUvYXV0aHovMTE2MzAwMTUxLzQ2MjUxNDg4NzYyNSJ9",
  "signature": "SH27H7FgA_hjBAal3CWj-Q5PqT8dLDcyFvs-TrdwLrdBS5JJDyGgQYRCGDMqvnIGg-f2XGKGNvOPy3d0tnmvApiE0IMkD_AuY-gd7jP9fT3blez6fvckIVM5dZWy4BnZPnrBR_jf28K52OkDcMldTdiXnUTJQQNWf2bghgG5Zy30NNlwmMSENMdhxAbBBIf4VFilhoAZQMTX8pQenGov2qONT1SYJ6Qyj50GFHigWTnNoroASUylf34ayPAWnwjqMIVkAshd7kQ14FgROrEl47kHAqIpFj-JaiwtCTEpKFtfueLkFZK-BciXcFhx0MCU9ZJh5TuhH_4fJGSH9WuNBQ",
  "payload": ""
}
2025-01-18 13:12:47,404:DEBUG:urllib3.connectionpool:https://acme-v02.api.letsencrypt.org:443 "POST /acme/authz/116300151/462514887625 HTTP/1.1" 200 1065
2025-01-18 13:12:47,405:DEBUG:acme.client:Received response:
HTTP 200
Server: nginx
Date: Sat, 18 Jan 2025 13:12:47 GMT
Content-Type: application/json
Content-Length: 1065
Connection: keep-alive
Boulder-Requester: 116300151
Cache-Control: public, max-age=0, no-cache
Link: <https://acme-v02.api.letsencrypt.org/directory>;rel="index"
Replay-Nonce: 695xoWTDYryqm6isu_mVEuTZr1eHIkvGfQs7BdG59PNQY9HilHQ
X-Frame-Options: DENY
Strict-Transport-Security: max-age=604800

{
  "identifier": {
    "type": "dns",
    "value": "de.molinakev.in"
  },
  "status": "invalid",
  "expires": "2025-01-25T13:12:35Z",
  "challenges": [
    {
      "type": "http-01",
      "url": "https://acme-v02.api.letsencrypt.org/acme/chall/116300151/462514887625/pem2lQ",
      "status": "invalid",
      "validated": "2025-01-18T13:12:36Z",
      "error": {
        "type": "urn:ietf:params:acme:error:connection",
        "detail": "94.237.81.137: Fetching http://de.molinakev.in/.well-known/acme-challenge/0oPxCrwEaA6Cp4Qfx1ZbpfTAYPvI9m3jbnwSWQeCzEc: Timeout during connect (likely firewall problem)",
        "status": 400
      },
      "token": "0oPxCrwEaA6Cp4Qfx1ZbpfTAYPvI9m3jbnwSWQeCzEc",
      "validationRecord": [
        {
          "url": "http://de.molinakev.in/.well-known/acme-challenge/0oPxCrwEaA6Cp4Qfx1ZbpfTAYPvI9m3jbnwSWQeCzEc",
          "hostname": "de.molinakev.in",
          "port": "80",
          "addressesResolved": [
            "94.237.81.137"
          ],
          "addressUsed": "94.237.81.137"
        }
      ]
    }
  ]
}
2025-01-18 13:12:47,406:DEBUG:acme.client:Storing nonce: 695xoWTDYryqm6isu_mVEuTZr1eHIkvGfQs7BdG59PNQY9HilHQ
2025-01-18 13:12:47,406:DEBUG:acme.client:JWS payload:
b''
2025-01-18 13:12:47,409:DEBUG:acme.client:Sending POST request to https://acme-v02.api.letsencrypt.org/acme/authz/116300151/462514887635:
{
  "protected": "eyJhbGciOiAiUlMyNTYiLCAia2lkIjogImh0dHBzOi8vYWNtZS12MDIuYXBpLmxldHNlbmNyeXB0Lm9yZy9hY21lL2FjY3QvMTE2MzAwMTUxIiwgIm5vbmNlIjogIjY5NXhvV1REWXJ5cW02aXN1X21WRXVUWnIxZUhJa3ZHZlFzN0JkRzU5UE5RWTlIaWxIUSIsICJ1cmwiOiAiaHR0cHM6Ly9hY21lLXYwMi5hcGkubGV0c2VuY3J5cHQub3JnL2FjbWUvYXV0aHovMTE2MzAwMTUxLzQ2MjUxNDg4NzYzNSJ9",
  "signature": "WOcB6asE3rZhO2w183EqWQg_zimOofwL3g-ymSkVFDmmbnzBtQybZdB7oA2be24YGIeeRhk6cjMaXM38mWhd_5s3F714OEsEyZoXtT6xajoOXOQW_TkeEuxb_ATNl8gBbL0NkZrEZK1d07K20cjnIRJrUN9rO5BMHYiq9GDqmqpji6dF0aXq-mr3N6nZ9RYx45dDLnYhOiR_pvcx7UA5H51hRbi2f4XNTcwXQziEjSJQnx2u0C0vH15u6kbOfuVzgw6i9q4EgHQUdd-PKx2E7PVNk2IL6ot2XCLV5zH_XwBKMdWA2gBjz-SdloPAVmlaOFh8aY7785QZELiqH8b8Pw",
  "payload": ""
}
2025-01-18 13:12:47,607:DEBUG:urllib3.connectionpool:https://acme-v02.api.letsencrypt.org:443 "POST /acme/authz/116300151/462514887635 HTTP/1.1" 200 1065
2025-01-18 13:12:47,608:DEBUG:acme.client:Received response:
HTTP 200
Server: nginx
Date: Sat, 18 Jan 2025 13:12:47 GMT
Content-Type: application/json
Content-Length: 1065
Connection: keep-alive
Boulder-Requester: 116300151
Cache-Control: public, max-age=0, no-cache
Link: <https://acme-v02.api.letsencrypt.org/directory>;rel="index"
Replay-Nonce: TuPv3OuuEc4ptd6QfXWae-6Zy1dB-6Vada-ddJyAgDQxLavKatU
X-Frame-Options: DENY
Strict-Transport-Security: max-age=604800

{
  "identifier": {
    "type": "dns",
    "value": "en.molinakev.in"
  },
  "status": "invalid",
  "expires": "2025-01-25T13:12:35Z",
  "challenges": [
    {
      "type": "http-01",
      "url": "https://acme-v02.api.letsencrypt.org/acme/chall/116300151/462514887635/BcGy2Q",
      "status": "invalid",
      "validated": "2025-01-18T13:12:37Z",
      "error": {
        "type": "urn:ietf:params:acme:error:connection",
        "detail": "94.237.81.137: Fetching http://en.molinakev.in/.well-known/acme-challenge/iMS6xfcAS5dqPHLXcvHvOkeW2yWkz8Zn65w5vWGg8M0: Timeout during connect (likely firewall problem)",
        "status": 400
      },
      "token": "iMS6xfcAS5dqPHLXcvHvOkeW2yWkz8Zn65w5vWGg8M0",
      "validationRecord": [
        {
          "url": "http://en.molinakev.in/.well-known/acme-challenge/iMS6xfcAS5dqPHLXcvHvOkeW2yWkz8Zn65w5vWGg8M0",
          "hostname": "en.molinakev.in",
          "port": "80",
          "addressesResolved": [
            "94.237.81.137"
          ],
          "addressUsed": "94.237.81.137"
        }
      ]
    }
  ]
}
2025-01-18 13:12:47,608:DEBUG:acme.client:Storing nonce: TuPv3OuuEc4ptd6QfXWae-6Zy1dB-6Vada-ddJyAgDQxLavKatU
2025-01-18 13:12:47,609:DEBUG:acme.client:JWS payload:
b''
2025-01-18 13:12:47,614:DEBUG:acme.client:Sending POST request to https://acme-v02.api.letsencrypt.org/acme/authz/116300151/462514887645:
{
  "protected": "eyJhbGciOiAiUlMyNTYiLCAia2lkIjogImh0dHBzOi8vYWNtZS12MDIuYXBpLmxldHNlbmNyeXB0Lm9yZy9hY21lL2FjY3QvMTE2MzAwMTUxIiwgIm5vbmNlIjogIlR1UHYzT3V1RWM0cHRkNlFmWFdhZS02WnkxZEItNlZhZGEtZGRKeUFnRFF4TGF2S2F0VSIsICJ1cmwiOiAiaHR0cHM6Ly9hY21lLXYwMi5hcGkubGV0c2VuY3J5cHQub3JnL2FjbWUvYXV0aHovMTE2MzAwMTUxLzQ2MjUxNDg4NzY0NSJ9",
  "signature": "SboW_WlLPOJqvdL3VkyNVf5QvnjrC52tS8RxciOibrvl-nGv6obyrbfQ3cED7-T3zG9uD9iG_K_lT_ukbQg03PaNSVpdAMgvdhw2ZRbGgaQbX5A5a6-PJxvHbwqqK5dvN9LHw84Jq8t6lzyw1wukQ-jAVqBMa-aXxjcEjCAk6L5EQ2F6BRWRhVKUNtkBuKws9HNHy5G9Aa0Z_I9ZkEYs2dx36I8ni567ixOaFpXmgkh21WL2zZrMijKTV1Ry1fg7uRosa1eJ2wKeNIRCfB_lCppjhwUN8UloOjSMdtkQR3l0m3vKvxO4TN53Cv-Mdeeke7YyefhuY01eoQ9UEuRXQg",
  "payload": ""
}
2025-01-18 13:12:47,806:DEBUG:urllib3.connectionpool:https://acme-v02.api.letsencrypt.org:443 "POST /acme/authz/116300151/462514887645 HTTP/1.1" 200 1065
2025-01-18 13:12:47,807:DEBUG:acme.client:Received response:
HTTP 200
Server: nginx
Date: Sat, 18 Jan 2025 13:12:47 GMT
Content-Type: application/json
Content-Length: 1065
Connection: keep-alive
Boulder-Requester: 116300151
Cache-Control: public, max-age=0, no-cache
Link: <https://acme-v02.api.letsencrypt.org/directory>;rel="index"
Replay-Nonce: TuPv3OuuIS-baJkH3L0LHxN-xRh_e7uC-IAKRBBSTi2sqYDQXPk
X-Frame-Options: DENY
Strict-Transport-Security: max-age=604800

{
  "identifier": {
    "type": "dns",
    "value": "es.molinakev.in"
  },
  "status": "invalid",
  "expires": "2025-01-25T13:12:35Z",
  "challenges": [
    {
      "type": "http-01",
      "url": "https://acme-v02.api.letsencrypt.org/acme/chall/116300151/462514887645/IH3vxQ",
      "status": "invalid",
      "validated": "2025-01-18T13:12:37Z",
      "error": {
        "type": "urn:ietf:params:acme:error:connection",
        "detail": "94.237.81.137: Fetching http://es.molinakev.in/.well-known/acme-challenge/_N4BI9aEGMLydvhgDNsqgS5yAFC8b3SFEmd3azTDL_s: Timeout during connect (likely firewall problem)",
        "status": 400
      },
      "token": "_N4BI9aEGMLydvhgDNsqgS5yAFC8b3SFEmd3azTDL_s",
      "validationRecord": [
        {
          "url": "http://es.molinakev.in/.well-known/acme-challenge/_N4BI9aEGMLydvhgDNsqgS5yAFC8b3SFEmd3azTDL_s",
          "hostname": "es.molinakev.in",
          "port": "80",
          "addressesResolved": [
            "94.237.81.137"
          ],
          "addressUsed": "94.237.81.137"
        }
      ]
    }
  ]
}
2025-01-18 13:12:47,808:DEBUG:acme.client:Storing nonce: TuPv3OuuIS-baJkH3L0LHxN-xRh_e7uC-IAKRBBSTi2sqYDQXPk
2025-01-18 13:12:47,809:DEBUG:acme.client:JWS payload:
b''
2025-01-18 13:12:47,816:DEBUG:acme.client:Sending POST request to https://acme-v02.api.letsencrypt.org/acme/authz/116300151/462514887655:
{
  "protected": "eyJhbGciOiAiUlMyNTYiLCAia2lkIjogImh0dHBzOi8vYWNtZS12MDIuYXBpLmxldHNlbmNyeXB0Lm9yZy9hY21lL2FjY3QvMTE2MzAwMTUxIiwgIm5vbmNlIjogIlR1UHYzT3V1SVMtYmFKa0gzTDBMSHhOLXhSaF9lN3VDLUlBS1JCQlNUaTJzcVlEUVhQayIsICJ1cmwiOiAiaHR0cHM6Ly9hY21lLXYwMi5hcGkubGV0c2VuY3J5cHQub3JnL2FjbWUvYXV0aHovMTE2MzAwMTUxLzQ2MjUxNDg4NzY1NSJ9",
  "signature": "ZQcotnqwQWOIk83pLuhQBH7OsYV-XKVqOKDYr7SP_-9EgbRUfB1rGh-DipsOG2P6lqs_7vMwnpry4X69_LGeXYmTv4rPgDFZiyLikSKKqQ1Qe2pVR3q70PDnM6deQB49I1TfZ2b29cKLg_ufpe1lTs5sKOJQ7rokH6bZQZHk1T84y_fmPQ2wZXIF89IpUHtlNoInOiUaDiqB_prHnnbaSDZP8t3rveiRfYL99foRgN0NrvPaakrRgSZpJHOGrQ2qJ42B7TFPyJS505VwutkwUB0lVoBhqJEUsp7uFFQ4TU3dWOm5NFhX6sbJyi9ZXglvffsJuu6-pQHcnmPfIEUeFw",
  "payload": ""
}
2025-01-18 13:12:48,089:DEBUG:urllib3.connectionpool:https://acme-v02.api.letsencrypt.org:443 "POST /acme/authz/116300151/462514887655 HTTP/1.1" 200 1053
2025-01-18 13:12:48,090:DEBUG:acme.client:Received response:
HTTP 200
Server: nginx
Date: Sat, 18 Jan 2025 13:12:47 GMT
Content-Type: application/json
Content-Length: 1053
Connection: keep-alive
Boulder-Requester: 116300151
Cache-Control: public, max-age=0, no-cache
Link: <https://acme-v02.api.letsencrypt.org/directory>;rel="index"
Replay-Nonce: 695xoWTDKRE4Teqp-HB2v5UQHYdisHcSme2nGZUZvrQQfrv3OLs
X-Frame-Options: DENY
Strict-Transport-Security: max-age=604800

{
  "identifier": {
    "type": "dns",
    "value": "molinakev.in"
  },
  "status": "invalid",
  "expires": "2025-01-25T13:12:35Z",
  "challenges": [
    {
      "type": "http-01",
      "url": "https://acme-v02.api.letsencrypt.org/acme/chall/116300151/462514887655/oB9e6g",
      "status": "invalid",
      "validated": "2025-01-18T13:12:37Z",
      "error": {
        "type": "urn:ietf:params:acme:error:connection",
        "detail": "94.237.81.137: Fetching http://molinakev.in/.well-known/acme-challenge/MFXWy8Af4iTRd4zA3yAQbEA2QhpyiIMYz96-G4l5ZW8: Timeout during connect (likely firewall problem)",
        "status": 400
      },
      "token": "MFXWy8Af4iTRd4zA3yAQbEA2QhpyiIMYz96-G4l5ZW8",
      "validationRecord": [
        {
          "url": "http://molinakev.in/.well-known/acme-challenge/MFXWy8Af4iTRd4zA3yAQbEA2QhpyiIMYz96-G4l5ZW8",
          "hostname": "molinakev.in",
          "port": "80",
          "addressesResolved": [
            "94.237.81.137"
          ],
          "addressUsed": "94.237.81.137"
        }
      ]
    }
  ]
}
2025-01-18 13:12:48,091:DEBUG:acme.client:Storing nonce: 695xoWTDKRE4Teqp-HB2v5UQHYdisHcSme2nGZUZvrQQfrv3OLs
2025-01-18 13:12:48,092:DEBUG:acme.client:JWS payload:
b''
2025-01-18 13:12:48,096:DEBUG:acme.client:Sending POST request to https://acme-v02.api.letsencrypt.org/acme/authz/116300151/462514887665:
{
  "protected": "eyJhbGciOiAiUlMyNTYiLCAia2lkIjogImh0dHBzOi8vYWNtZS12MDIuYXBpLmxldHNlbmNyeXB0Lm9yZy9hY21lL2FjY3QvMTE2MzAwMTUxIiwgIm5vbmNlIjogIjY5NXhvV1RES1JFNFRlcXAtSEIydjVVUUhZZGlzSGNTbWUybkdaVVp2clFRZnJ2M09McyIsICJ1cmwiOiAiaHR0cHM6Ly9hY21lLXYwMi5hcGkubGV0c2VuY3J5cHQub3JnL2FjbWUvYXV0aHovMTE2MzAwMTUxLzQ2MjUxNDg4NzY2NSJ9",
  "signature": "L6dv4kuiMQrdbK2y7SC2hGARdVi0wF6oGr13EkHAUmagiJ2X_GdHr1-GokWjWhUe9YNZSo218Yw51eFfJ7XRcl8UevPBgFUAs62eZKLrYe3GjQdv6jTSLeO48O8rzUzIXaBt_1jHGhiRyd8ael1Sn102mEP7Goj2_pSdCvp8Y4NPa_PelhZjc8Zo_shFsSFAWaDzd9j0Vecp_lJRfj-kLK2HT64G16LgVhO1mtf6ACwYYrJSNY9Ab9dgIVA3tMfScHD5eQZ9YU0MUjbd8ZLRYKOsJW21CIRMqYb8ZER0ZfXQdDbcnMJm81O_fE1wsBdWEY6IHKhSlEyqqMtSuJet_w",
  "payload": ""
}
2025-01-18 13:12:48,294:DEBUG:urllib3.connectionpool:https://acme-v02.api.letsencrypt.org:443 "POST /acme/authz/116300151/462514887665 HTTP/1.1" 200 1069
2025-01-18 13:12:48,295:DEBUG:acme.client:Received response:
HTTP 200
Server: nginx
Date: Sat, 18 Jan 2025 13:12:48 GMT
Content-Type: application/json
Content-Length: 1069
Connection: keep-alive
Boulder-Requester: 116300151
Cache-Control: public, max-age=0, no-cache
Link: <https://acme-v02.api.letsencrypt.org/directory>;rel="index"
Replay-Nonce: 695xoWTDUIufmxQGozaNKXt8sKvGReJgRI5KrT--skJ-d_AnTi4
X-Frame-Options: DENY
Strict-Transport-Security: max-age=604800

{
  "identifier": {
    "type": "dns",
    "value": "www.molinakev.in"
  },
  "status": "invalid",
  "expires": "2025-01-25T13:12:35Z",
  "challenges": [
    {
      "type": "http-01",
      "url": "https://acme-v02.api.letsencrypt.org/acme/chall/116300151/462514887665/7OnFkQ",
      "status": "invalid",
      "validated": "2025-01-18T13:12:37Z",
      "error": {
        "type": "urn:ietf:params:acme:error:connection",
        "detail": "94.237.81.137: Fetching http://www.molinakev.in/.well-known/acme-challenge/_oXidol7TUHWyEN8B3kOGxD9B2zrUBDBvNNungL8wBY: Timeout during connect (likely firewall problem)",
        "status": 400
      },
      "token": "_oXidol7TUHWyEN8B3kOGxD9B2zrUBDBvNNungL8wBY",
      "validationRecord": [
        {
          "url": "http://www.molinakev.in/.well-known/acme-challenge/_oXidol7TUHWyEN8B3kOGxD9B2zrUBDBvNNungL8wBY",
          "hostname": "www.molinakev.in",
          "port": "80",
          "addressesResolved": [
            "94.237.81.137"
          ],
          "addressUsed": "94.237.81.137"
        }
      ]
    }
  ]
}
2025-01-18 13:12:48,295:DEBUG:acme.client:Storing nonce: 695xoWTDUIufmxQGozaNKXt8sKvGReJgRI5KrT--skJ-d_AnTi4
2025-01-18 13:12:48,296:INFO:certbot._internal.auth_handler:Challenge failed for domain de.molinakev.in
2025-01-18 13:12:48,296:INFO:certbot._internal.auth_handler:Challenge failed for domain en.molinakev.in
2025-01-18 13:12:48,296:INFO:certbot._internal.auth_handler:Challenge failed for domain es.molinakev.in
2025-01-18 13:12:48,296:INFO:certbot._internal.auth_handler:Challenge failed for domain molinakev.in
2025-01-18 13:12:48,296:INFO:certbot._internal.auth_handler:Challenge failed for domain www.molinakev.in
2025-01-18 13:12:48,296:INFO:certbot._internal.auth_handler:http-01 challenge for de.molinakev.in
2025-01-18 13:12:48,296:INFO:certbot._internal.auth_handler:http-01 challenge for en.molinakev.in
2025-01-18 13:12:48,296:INFO:certbot._internal.auth_handler:http-01 challenge for es.molinakev.in
2025-01-18 13:12:48,296:INFO:certbot._internal.auth_handler:http-01 challenge for molinakev.in
2025-01-18 13:12:48,296:INFO:certbot._internal.auth_handler:http-01 challenge for www.molinakev.in
2025-01-18 13:12:48,297:DEBUG:certbot._internal.display.obj:Notifying user: 
Certbot failed to authenticate some domains (authenticator: webroot). The Certificate Authority reported these problems:
  Domain: de.molinakev.in
  Type:   connection
  Detail: 94.237.81.137: Fetching http://de.molinakev.in/.well-known/acme-challenge/0oPxCrwEaA6Cp4Qfx1ZbpfTAYPvI9m3jbnwSWQeCzEc: Timeout during connect (likely firewall problem)

  Domain: en.molinakev.in
  Type:   connection
  Detail: 94.237.81.137: Fetching http://en.molinakev.in/.well-known/acme-challenge/iMS6xfcAS5dqPHLXcvHvOkeW2yWkz8Zn65w5vWGg8M0: Timeout during connect (likely firewall problem)

  Domain: es.molinakev.in
  Type:   connection
  Detail: 94.237.81.137: Fetching http://es.molinakev.in/.well-known/acme-challenge/_N4BI9aEGMLydvhgDNsqgS5yAFC8b3SFEmd3azTDL_s: Timeout during connect (likely firewall problem)

  Domain: molinakev.in
  Type:   connection
  Detail: 94.237.81.137: Fetching http://molinakev.in/.well-known/acme-challenge/MFXWy8Af4iTRd4zA3yAQbEA2QhpyiIMYz96-G4l5ZW8: Timeout during connect (likely firewall problem)

  Domain: www.molinakev.in
  Type:   connection
  Detail: 94.237.81.137: Fetching http://www.molinakev.in/.well-known/acme-challenge/_oXidol7TUHWyEN8B3kOGxD9B2zrUBDBvNNungL8wBY: Timeout during connect (likely firewall problem)

Hint: The Certificate Authority failed to download the temporary challenge files created by Certbot. Ensure that the listed domains serve their content from the provided --webroot-path/-w and that files created there can be downloaded from the internet.

2025-01-18 13:12:48,299:DEBUG:certbot._internal.error_handler:Encountered exception:
Traceback (most recent call last):
  File "/opt/certbot/src/certbot/certbot/_internal/auth_handler.py", line 108, in handle_authorizations
    self._poll_authorizations(authzrs, max_retries, max_time_mins, best_effort)
  File "/opt/certbot/src/certbot/certbot/_internal/auth_handler.py", line 212, in _poll_authorizations
    raise errors.AuthorizationError('Some challenges have failed.')
certbot.errors.AuthorizationError: Some challenges have failed.

2025-01-18 13:12:48,299:DEBUG:certbot._internal.error_handler:Calling registered functions
2025-01-18 13:12:48,299:INFO:certbot._internal.auth_handler:Cleaning up challenges
2025-01-18 13:12:48,299:DEBUG:certbot._internal.plugins.webroot:Removing /usr/share/nginx/html/letsencrypt/.well-known/acme-challenge/0oPxCrwEaA6Cp4Qfx1ZbpfTAYPvI9m3jbnwSWQeCzEc
2025-01-18 13:12:48,299:DEBUG:certbot._internal.plugins.webroot:Removing /usr/share/nginx/html/letsencrypt/.well-known/acme-challenge/iMS6xfcAS5dqPHLXcvHvOkeW2yWkz8Zn65w5vWGg8M0
2025-01-18 13:12:48,300:DEBUG:certbot._internal.plugins.webroot:Removing /usr/share/nginx/html/letsencrypt/.well-known/acme-challenge/_N4BI9aEGMLydvhgDNsqgS5yAFC8b3SFEmd3azTDL_s
2025-01-18 13:12:48,300:DEBUG:certbot._internal.plugins.webroot:Removing /usr/share/nginx/html/letsencrypt/.well-known/acme-challenge/MFXWy8Af4iTRd4zA3yAQbEA2QhpyiIMYz96-G4l5ZW8
2025-01-18 13:12:48,300:DEBUG:certbot._internal.plugins.webroot:Removing /usr/share/nginx/html/letsencrypt/.well-known/acme-challenge/_oXidol7TUHWyEN8B3kOGxD9B2zrUBDBvNNungL8wBY
2025-01-18 13:12:48,300:DEBUG:certbot._internal.plugins.webroot:All challenges cleaned up
2025-01-18 13:12:48,300:DEBUG:certbot._internal.log:Exiting abnormally:
Traceback (most recent call last):
  File "/usr/local/bin/certbot", line 33, in <module>
    sys.exit(load_entry_point('certbot', 'console_scripts', 'certbot')())
             ^^^^^^^^^^^^^^^^^^^^^^^^^^^^^^^^^^^^^^^^^^^^^^^^^^^^^^^^^^^
  File "/opt/certbot/src/certbot/certbot/main.py", line 19, in main
    return internal_main.main(cli_args)
           ^^^^^^^^^^^^^^^^^^^^^^^^^^^^
  File "/opt/certbot/src/certbot/certbot/_internal/main.py", line 1873, in main
    return config.func(config, plugins)
           ^^^^^^^^^^^^^^^^^^^^^^^^^^^^
  File "/opt/certbot/src/certbot/certbot/_internal/main.py", line 1579, in certonly
    lineage = _get_and_save_cert(le_client, config, domains, certname, lineage)
              ^^^^^^^^^^^^^^^^^^^^^^^^^^^^^^^^^^^^^^^^^^^^^^^^^^^^^^^^^^^^^^^^^
  File "/opt/certbot/src/certbot/certbot/_internal/main.py", line 142, in _get_and_save_cert
    lineage = le_client.obtain_and_enroll_certificate(domains, certname)
              ^^^^^^^^^^^^^^^^^^^^^^^^^^^^^^^^^^^^^^^^^^^^^^^^^^^^^^^^^^
  File "/opt/certbot/src/certbot/certbot/_internal/client.py", line 518, in obtain_and_enroll_certificate
    cert, chain, key, _ = self.obtain_certificate(domains)
                          ^^^^^^^^^^^^^^^^^^^^^^^^^^^^^^^^
  File "/opt/certbot/src/certbot/certbot/_internal/client.py", line 429, in obtain_certificate
    orderr = self._get_order_and_authorizations(csr.data, self.config.allow_subset_of_names)
             ^^^^^^^^^^^^^^^^^^^^^^^^^^^^^^^^^^^^^^^^^^^^^^^^^^^^^^^^^^^^^^^^^^^^^^^^^^^^^^^
  File "/opt/certbot/src/certbot/certbot/_internal/client.py", line 497, in _get_order_and_authorizations
    authzr = self.auth_handler.handle_authorizations(orderr, self.config, best_effort)
             ^^^^^^^^^^^^^^^^^^^^^^^^^^^^^^^^^^^^^^^^^^^^^^^^^^^^^^^^^^^^^^^^^^^^^^^^^
  File "/opt/certbot/src/certbot/certbot/_internal/auth_handler.py", line 108, in handle_authorizations
    self._poll_authorizations(authzrs, max_retries, max_time_mins, best_effort)
  File "/opt/certbot/src/certbot/certbot/_internal/auth_handler.py", line 212, in _poll_authorizations
    raise errors.AuthorizationError('Some challenges have failed.')
certbot.errors.AuthorizationError: Some challenges have failed.
2025-01-18 13:12:48,305:ERROR:certbot._internal.log:Some challenges have failed.
