2021-05-07 09:51:25 startup archives unpack
2021-05-07 09:51:25 install libssl1.1:amd64 <none> 1.1.1d-0+deb10u6
2021-05-07 09:51:25 status triggers-pending libc-bin:amd64 2.28-10
2021-05-07 09:51:25 status half-installed libssl1.1:amd64 1.1.1d-0+deb10u6
2021-05-07 09:51:25 status unpacked libssl1.1:amd64 1.1.1d-0+deb10u6
2021-05-07 09:51:25 install readline-common:all <none> 7.0-5
2021-05-07 09:51:25 status half-installed readline-common:all 7.0-5
2021-05-07 09:51:25 status unpacked readline-common:all 7.0-5
2021-05-07 09:51:25 install libpcre2-8-0:amd64 <none> 10.32-5
2021-05-07 09:51:25 status half-installed libpcre2-8-0:amd64 10.32-5
2021-05-07 09:51:25 status unpacked libpcre2-8-0:amd64 10.32-5
2021-05-07 09:51:25 install libpsl5:amd64 <none> 0.20.2-2
2021-05-07 09:51:25 status half-installed libpsl5:amd64 0.20.2-2
2021-05-07 09:51:25 status unpacked libpsl5:amd64 0.20.2-2
2021-05-07 09:51:25 install wget:amd64 <none> 1.20.1-1.1
2021-05-07 09:51:25 status half-installed wget:amd64 1.20.1-1.1
2021-05-07 09:51:25 status unpacked wget:amd64 1.20.1-1.1
2021-05-07 09:51:25 install apt-transport-https:all <none> 1.8.2.3
2021-05-07 09:51:25 status half-installed apt-transport-https:all 1.8.2.3
2021-05-07 09:51:25 status unpacked apt-transport-https:all 1.8.2.3
2021-05-07 09:51:25 install openssl:amd64 <none> 1.1.1d-0+deb10u6
2021-05-07 09:51:25 status half-installed openssl:amd64 1.1.1d-0+deb10u6
2021-05-07 09:51:26 status unpacked openssl:amd64 1.1.1d-0+deb10u6
2021-05-07 09:51:26 install ca-certificates:all <none> 20200601~deb10u2
2021-05-07 09:51:26 status half-installed ca-certificates:all 20200601~deb10u2
2021-05-07 09:51:26 status unpacked ca-certificates:all 20200601~deb10u2
2021-05-07 09:51:26 install libassuan0:amd64 <none> 2.5.2-1
2021-05-07 09:51:26 status half-installed libassuan0:amd64 2.5.2-1
2021-05-07 09:51:26 status unpacked libassuan0:amd64 2.5.2-1
2021-05-07 09:51:26 install libreadline7:amd64 <none> 7.0-5
2021-05-07 09:51:26 status half-installed libreadline7:amd64 7.0-5
2021-05-07 09:51:26 status unpacked libreadline7:amd64 7.0-5
2021-05-07 09:51:26 install gpgconf:amd64 <none> 2.2.12-1+deb10u1
2021-05-07 09:51:26 status half-installed gpgconf:amd64 2.2.12-1+deb10u1
2021-05-07 09:51:26 status unpacked gpgconf:amd64 2.2.12-1+deb10u1
2021-05-07 09:51:26 install lsb-base:all <none> 10.2019051400
2021-05-07 09:51:26 status half-installed lsb-base:all 10.2019051400
2021-05-07 09:51:26 status unpacked lsb-base:all 10.2019051400
2021-05-07 09:51:26 install libksba8:amd64 <none> 1.3.5-2
2021-05-07 09:51:26 status half-installed libksba8:amd64 1.3.5-2
2021-05-07 09:51:26 status unpacked libksba8:amd64 1.3.5-2
2021-05-07 09:51:26 install libsasl2-modules-db:amd64 <none> 2.1.27+dfsg-1+deb10u1
2021-05-07 09:51:26 status half-installed libsasl2-modules-db:amd64 2.1.27+dfsg-1+deb10u1
2021-05-07 09:51:26 status unpacked libsasl2-modules-db:amd64 2.1.27+dfsg-1+deb10u1
2021-05-07 09:51:26 install libsasl2-2:amd64 <none> 2.1.27+dfsg-1+deb10u1
2021-05-07 09:51:26 status half-installed libsasl2-2:amd64 2.1.27+dfsg-1+deb10u1
2021-05-07 09:51:26 status unpacked libsasl2-2:amd64 2.1.27+dfsg-1+deb10u1
2021-05-07 09:51:26 install libldap-common:all <none> 2.4.47+dfsg-3+deb10u6
2021-05-07 09:51:26 status half-installed libldap-common:all 2.4.47+dfsg-3+deb10u6
2021-05-07 09:51:26 status unpacked libldap-common:all 2.4.47+dfsg-3+deb10u6
2021-05-07 09:51:26 install libldap-2.4-2:amd64 <none> 2.4.47+dfsg-3+deb10u6
2021-05-07 09:51:26 status half-installed libldap-2.4-2:amd64 2.4.47+dfsg-3+deb10u6
2021-05-07 09:51:26 status unpacked libldap-2.4-2:amd64 2.4.47+dfsg-3+deb10u6
2021-05-07 09:51:26 install libnpth0:amd64 <none> 1.6-1
2021-05-07 09:51:26 status half-installed libnpth0:amd64 1.6-1
2021-05-07 09:51:26 status unpacked libnpth0:amd64 1.6-1
2021-05-07 09:51:26 install dirmngr:amd64 <none> 2.2.12-1+deb10u1
2021-05-07 09:51:26 status half-installed dirmngr:amd64 2.2.12-1+deb10u1
2021-05-07 09:51:26 status unpacked dirmngr:amd64 2.2.12-1+deb10u1
2021-05-07 09:51:26 install gnupg-l10n:all <none> 2.2.12-1+deb10u1
2021-05-07 09:51:26 status half-installed gnupg-l10n:all 2.2.12-1+deb10u1
2021-05-07 09:51:26 status unpacked gnupg-l10n:all 2.2.12-1+deb10u1
2021-05-07 09:51:27 install gnupg-utils:amd64 <none> 2.2.12-1+deb10u1
2021-05-07 09:51:27 status half-installed gnupg-utils:amd64 2.2.12-1+deb10u1
2021-05-07 09:51:27 status unpacked gnupg-utils:amd64 2.2.12-1+deb10u1
2021-05-07 09:51:27 install libsqlite3-0:amd64 <none> 3.27.2-3+deb10u1
2021-05-07 09:51:27 status half-installed libsqlite3-0:amd64 3.27.2-3+deb10u1
2021-05-07 09:51:27 status unpacked libsqlite3-0:amd64 3.27.2-3+deb10u1
2021-05-07 09:51:27 install gpg:amd64 <none> 2.2.12-1+deb10u1
2021-05-07 09:51:27 status half-installed gpg:amd64 2.2.12-1+deb10u1
2021-05-07 09:51:27 status unpacked gpg:amd64 2.2.12-1+deb10u1
2021-05-07 09:51:27 install pinentry-curses:amd64 <none> 1.1.0-2
2021-05-07 09:51:27 status half-installed pinentry-curses:amd64 1.1.0-2
2021-05-07 09:51:27 status unpacked pinentry-curses:amd64 1.1.0-2
2021-05-07 09:51:27 install gpg-agent:amd64 <none> 2.2.12-1+deb10u1
2021-05-07 09:51:27 status half-installed gpg-agent:amd64 2.2.12-1+deb10u1
2021-05-07 09:51:27 status unpacked gpg-agent:amd64 2.2.12-1+deb10u1
2021-05-07 09:51:27 install gpg-wks-client:amd64 <none> 2.2.12-1+deb10u1
2021-05-07 09:51:27 status half-installed gpg-wks-client:amd64 2.2.12-1+deb10u1
2021-05-07 09:51:27 status unpacked gpg-wks-client:amd64 2.2.12-1+deb10u1
2021-05-07 09:51:27 install gpg-wks-server:amd64 <none> 2.2.12-1+deb10u1
2021-05-07 09:51:27 status half-installed gpg-wks-server:amd64 2.2.12-1+deb10u1
2021-05-07 09:51:27 status unpacked gpg-wks-server:amd64 2.2.12-1+deb10u1
2021-05-07 09:51:27 install gpgsm:amd64 <none> 2.2.12-1+deb10u1
2021-05-07 09:51:27 status half-installed gpgsm:amd64 2.2.12-1+deb10u1
2021-05-07 09:51:27 status unpacked gpgsm:amd64 2.2.12-1+deb10u1
2021-05-07 09:51:27 install gnupg:all <none> 2.2.12-1+deb10u1
2021-05-07 09:51:27 status half-installed gnupg:all 2.2.12-1+deb10u1
2021-05-07 09:51:27 status unpacked gnupg:all 2.2.12-1+deb10u1
2021-05-07 09:51:27 install libsasl2-modules:amd64 <none> 2.1.27+dfsg-1+deb10u1
2021-05-07 09:51:27 status half-installed libsasl2-modules:amd64 2.1.27+dfsg-1+deb10u1
2021-05-07 09:51:27 status unpacked libsasl2-modules:amd64 2.1.27+dfsg-1+deb10u1
2021-05-07 09:51:28 install publicsuffix:all <none> 20190415.1030-1
2021-05-07 09:51:28 status half-installed publicsuffix:all 20190415.1030-1
2021-05-07 09:51:28 status unpacked publicsuffix:all 20190415.1030-1
2021-05-07 09:51:28 startup packages configure
2021-05-07 09:51:28 configure libksba8:amd64 1.3.5-2 <none>
2021-05-07 09:51:28 status unpacked libksba8:amd64 1.3.5-2
2021-05-07 09:51:28 status half-configured libksba8:amd64 1.3.5-2
2021-05-07 09:51:28 status installed libksba8:amd64 1.3.5-2
2021-05-07 09:51:28 configure lsb-base:all 10.2019051400 <none>
2021-05-07 09:51:28 status unpacked lsb-base:all 10.2019051400
2021-05-07 09:51:28 status half-configured lsb-base:all 10.2019051400
2021-05-07 09:51:28 status installed lsb-base:all 10.2019051400
2021-05-07 09:51:28 configure libpsl5:amd64 0.20.2-2 <none>
2021-05-07 09:51:28 status unpacked libpsl5:amd64 0.20.2-2
2021-05-07 09:51:28 status half-configured libpsl5:amd64 0.20.2-2
2021-05-07 09:51:28 status installed libpsl5:amd64 0.20.2-2
2021-05-07 09:51:28 configure apt-transport-https:all 1.8.2.3 <none>
2021-05-07 09:51:28 status unpacked apt-transport-https:all 1.8.2.3
2021-05-07 09:51:28 status half-configured apt-transport-https:all 1.8.2.3
2021-05-07 09:51:28 status installed apt-transport-https:all 1.8.2.3
2021-05-07 09:51:28 configure libssl1.1:amd64 1.1.1d-0+deb10u6 <none>
2021-05-07 09:51:28 status unpacked libssl1.1:amd64 1.1.1d-0+deb10u6
2021-05-07 09:51:28 status half-configured libssl1.1:amd64 1.1.1d-0+deb10u6
2021-05-07 09:51:28 status installed libssl1.1:amd64 1.1.1d-0+deb10u6
2021-05-07 09:51:28 configure libsqlite3-0:amd64 3.27.2-3+deb10u1 <none>
2021-05-07 09:51:28 status unpacked libsqlite3-0:amd64 3.27.2-3+deb10u1
2021-05-07 09:51:28 status half-configured libsqlite3-0:amd64 3.27.2-3+deb10u1
2021-05-07 09:51:28 status installed libsqlite3-0:amd64 3.27.2-3+deb10u1
2021-05-07 09:51:28 configure libsasl2-modules:amd64 2.1.27+dfsg-1+deb10u1 <none>
2021-05-07 09:51:28 status unpacked libsasl2-modules:amd64 2.1.27+dfsg-1+deb10u1
2021-05-07 09:51:28 status half-configured libsasl2-modules:amd64 2.1.27+dfsg-1+deb10u1
2021-05-07 09:51:28 status installed libsasl2-modules:amd64 2.1.27+dfsg-1+deb10u1
2021-05-07 09:51:28 configure libnpth0:amd64 1.6-1 <none>
2021-05-07 09:51:28 status unpacked libnpth0:amd64 1.6-1
2021-05-07 09:51:28 status half-configured libnpth0:amd64 1.6-1
2021-05-07 09:51:28 status installed libnpth0:amd64 1.6-1
2021-05-07 09:51:28 configure libassuan0:amd64 2.5.2-1 <none>
2021-05-07 09:51:28 status unpacked libassuan0:amd64 2.5.2-1
2021-05-07 09:51:28 status half-configured libassuan0:amd64 2.5.2-1
2021-05-07 09:51:28 status installed libassuan0:amd64 2.5.2-1
2021-05-07 09:51:28 configure libldap-common:all 2.4.47+dfsg-3+deb10u6 <none>
2021-05-07 09:51:28 status unpacked libldap-common:all 2.4.47+dfsg-3+deb10u6
2021-05-07 09:51:28 status half-configured libldap-common:all 2.4.47+dfsg-3+deb10u6
2021-05-07 09:51:28 status installed libldap-common:all 2.4.47+dfsg-3+deb10u6
2021-05-07 09:51:28 configure libsasl2-modules-db:amd64 2.1.27+dfsg-1+deb10u1 <none>
2021-05-07 09:51:28 status unpacked libsasl2-modules-db:amd64 2.1.27+dfsg-1+deb10u1
2021-05-07 09:51:28 status half-configured libsasl2-modules-db:amd64 2.1.27+dfsg-1+deb10u1
2021-05-07 09:51:28 status installed libsasl2-modules-db:amd64 2.1.27+dfsg-1+deb10u1
2021-05-07 09:51:28 configure gnupg-l10n:all 2.2.12-1+deb10u1 <none>
2021-05-07 09:51:28 status unpacked gnupg-l10n:all 2.2.12-1+deb10u1
2021-05-07 09:51:28 status half-configured gnupg-l10n:all 2.2.12-1+deb10u1
2021-05-07 09:51:28 status installed gnupg-l10n:all 2.2.12-1+deb10u1
2021-05-07 09:51:28 configure libpcre2-8-0:amd64 10.32-5 <none>
2021-05-07 09:51:28 status unpacked libpcre2-8-0:amd64 10.32-5
2021-05-07 09:51:28 status half-configured libpcre2-8-0:amd64 10.32-5
2021-05-07 09:51:28 status installed libpcre2-8-0:amd64 10.32-5
2021-05-07 09:51:28 configure libsasl2-2:amd64 2.1.27+dfsg-1+deb10u1 <none>
2021-05-07 09:51:28 status unpacked libsasl2-2:amd64 2.1.27+dfsg-1+deb10u1
2021-05-07 09:51:28 status half-configured libsasl2-2:amd64 2.1.27+dfsg-1+deb10u1
2021-05-07 09:51:28 status installed libsasl2-2:amd64 2.1.27+dfsg-1+deb10u1
2021-05-07 09:51:28 configure openssl:amd64 1.1.1d-0+deb10u6 <none>
2021-05-07 09:51:28 status unpacked openssl:amd64 1.1.1d-0+deb10u6
2021-05-07 09:51:28 status half-configured openssl:amd64 1.1.1d-0+deb10u6
2021-05-07 09:51:28 status installed openssl:amd64 1.1.1d-0+deb10u6
2021-05-07 09:51:28 configure readline-common:all 7.0-5 <none>
2021-05-07 09:51:28 status unpacked readline-common:all 7.0-5
2021-05-07 09:51:28 status half-configured readline-common:all 7.0-5
2021-05-07 09:51:28 status installed readline-common:all 7.0-5
2021-05-07 09:51:28 configure publicsuffix:all 20190415.1030-1 <none>
2021-05-07 09:51:28 status unpacked publicsuffix:all 20190415.1030-1
2021-05-07 09:51:28 status half-configured publicsuffix:all 20190415.1030-1
2021-05-07 09:51:28 status installed publicsuffix:all 20190415.1030-1
2021-05-07 09:51:28 configure libreadline7:amd64 7.0-5 <none>
2021-05-07 09:51:28 status unpacked libreadline7:amd64 7.0-5
2021-05-07 09:51:28 status half-configured libreadline7:amd64 7.0-5
2021-05-07 09:51:28 status installed libreadline7:amd64 7.0-5
2021-05-07 09:51:28 configure gnupg-utils:amd64 2.2.12-1+deb10u1 <none>
2021-05-07 09:51:28 status unpacked gnupg-utils:amd64 2.2.12-1+deb10u1
2021-05-07 09:51:28 status half-configured gnupg-utils:amd64 2.2.12-1+deb10u1
2021-05-07 09:51:28 status installed gnupg-utils:amd64 2.2.12-1+deb10u1
2021-05-07 09:51:28 configure pinentry-curses:amd64 1.1.0-2 <none>
2021-05-07 09:51:28 status unpacked pinentry-curses:amd64 1.1.0-2
2021-05-07 09:51:28 status half-configured pinentry-curses:amd64 1.1.0-2
2021-05-07 09:51:28 status installed pinentry-curses:amd64 1.1.0-2
2021-05-07 09:51:28 configure wget:amd64 1.20.1-1.1 <none>
2021-05-07 09:51:28 status unpacked wget:amd64 1.20.1-1.1
2021-05-07 09:51:28 status half-configured wget:amd64 1.20.1-1.1
2021-05-07 09:51:28 status installed wget:amd64 1.20.1-1.1
2021-05-07 09:51:28 configure libldap-2.4-2:amd64 2.4.47+dfsg-3+deb10u6 <none>
2021-05-07 09:51:28 status unpacked libldap-2.4-2:amd64 2.4.47+dfsg-3+deb10u6
2021-05-07 09:51:28 status half-configured libldap-2.4-2:amd64 2.4.47+dfsg-3+deb10u6
2021-05-07 09:51:28 status installed libldap-2.4-2:amd64 2.4.47+dfsg-3+deb10u6
2021-05-07 09:51:28 configure ca-certificates:all 20200601~deb10u2 <none>
2021-05-07 09:51:28 status unpacked ca-certificates:all 20200601~deb10u2
2021-05-07 09:51:28 status half-configured ca-certificates:all 20200601~deb10u2
2021-05-07 09:51:30 status installed ca-certificates:all 20200601~deb10u2
2021-05-07 09:51:30 status triggers-pending ca-certificates:all 20200601~deb10u2
2021-05-07 09:51:30 configure gpgconf:amd64 2.2.12-1+deb10u1 <none>
2021-05-07 09:51:30 status unpacked gpgconf:amd64 2.2.12-1+deb10u1
2021-05-07 09:51:30 status half-configured gpgconf:amd64 2.2.12-1+deb10u1
2021-05-07 09:51:30 status installed gpgconf:amd64 2.2.12-1+deb10u1
2021-05-07 09:51:30 configure gpg:amd64 2.2.12-1+deb10u1 <none>
2021-05-07 09:51:30 status unpacked gpg:amd64 2.2.12-1+deb10u1
2021-05-07 09:51:30 status half-configured gpg:amd64 2.2.12-1+deb10u1
2021-05-07 09:51:30 status installed gpg:amd64 2.2.12-1+deb10u1
2021-05-07 09:51:30 configure gpg-agent:amd64 2.2.12-1+deb10u1 <none>
2021-05-07 09:51:30 status unpacked gpg-agent:amd64 2.2.12-1+deb10u1
2021-05-07 09:51:30 status half-configured gpg-agent:amd64 2.2.12-1+deb10u1
2021-05-07 09:51:30 status installed gpg-agent:amd64 2.2.12-1+deb10u1
2021-05-07 09:51:30 configure gpgsm:amd64 2.2.12-1+deb10u1 <none>
2021-05-07 09:51:30 status unpacked gpgsm:amd64 2.2.12-1+deb10u1
2021-05-07 09:51:30 status half-configured gpgsm:amd64 2.2.12-1+deb10u1
2021-05-07 09:51:30 status installed gpgsm:amd64 2.2.12-1+deb10u1
2021-05-07 09:51:30 configure dirmngr:amd64 2.2.12-1+deb10u1 <none>
2021-05-07 09:51:30 status unpacked dirmngr:amd64 2.2.12-1+deb10u1
2021-05-07 09:51:30 status half-configured dirmngr:amd64 2.2.12-1+deb10u1
2021-05-07 09:51:30 status installed dirmngr:amd64 2.2.12-1+deb10u1
2021-05-07 09:51:30 configure gpg-wks-server:amd64 2.2.12-1+deb10u1 <none>
2021-05-07 09:51:30 status unpacked gpg-wks-server:amd64 2.2.12-1+deb10u1
2021-05-07 09:51:30 status half-configured gpg-wks-server:amd64 2.2.12-1+deb10u1
2021-05-07 09:51:30 status installed gpg-wks-server:amd64 2.2.12-1+deb10u1
2021-05-07 09:51:30 configure gpg-wks-client:amd64 2.2.12-1+deb10u1 <none>
2021-05-07 09:51:30 status unpacked gpg-wks-client:amd64 2.2.12-1+deb10u1
2021-05-07 09:51:30 status half-configured gpg-wks-client:amd64 2.2.12-1+deb10u1
2021-05-07 09:51:30 status installed gpg-wks-client:amd64 2.2.12-1+deb10u1
2021-05-07 09:51:30 configure gnupg:all 2.2.12-1+deb10u1 <none>
2021-05-07 09:51:30 status unpacked gnupg:all 2.2.12-1+deb10u1
2021-05-07 09:51:30 status half-configured gnupg:all 2.2.12-1+deb10u1
2021-05-07 09:51:30 status installed gnupg:all 2.2.12-1+deb10u1
2021-05-07 09:51:30 trigproc libc-bin:amd64 2.28-10 <none>
2021-05-07 09:51:30 status half-configured libc-bin:amd64 2.28-10
2021-05-07 09:51:30 status installed libc-bin:amd64 2.28-10
2021-05-07 09:51:30 trigproc ca-certificates:all 20200601~deb10u2 <none>
2021-05-07 09:51:30 status half-configured ca-certificates:all 20200601~deb10u2
2021-05-07 09:51:31 status installed ca-certificates:all 20200601~deb10u2
2021-05-07 09:51:39 startup archives unpack
2021-05-07 09:51:39 upgrade base-files:amd64 10.3+deb10u6 10.3+deb10u9
2021-05-07 09:51:39 status half-configured base-files:amd64 10.3+deb10u6
2021-05-07 09:51:39 status unpacked base-files:amd64 10.3+deb10u6
2021-05-07 09:51:39 status half-installed base-files:amd64 10.3+deb10u6
2021-05-07 09:51:40 status unpacked base-files:amd64 10.3+deb10u9
2021-05-07 09:51:40 startup packages configure
2021-05-07 09:51:40 configure base-files:amd64 10.3+deb10u9 <none>
2021-05-07 09:51:40 status unpacked base-files:amd64 10.3+deb10u9
2021-05-07 09:51:40 status half-configured base-files:amd64 10.3+deb10u9
2021-05-07 09:51:40 status installed base-files:amd64 10.3+deb10u9
2021-05-07 09:51:40 startup archives unpack
2021-05-07 09:51:40 upgrade libsystemd0:amd64 241-7~deb10u4 241-7~deb10u7
2021-05-07 09:51:40 status triggers-pending libc-bin:amd64 2.28-10
2021-05-07 09:51:40 status half-configured libsystemd0:amd64 241-7~deb10u4
2021-05-07 09:51:40 status unpacked libsystemd0:amd64 241-7~deb10u4
2021-05-07 09:51:40 status half-installed libsystemd0:amd64 241-7~deb10u4
2021-05-07 09:51:40 status unpacked libsystemd0:amd64 241-7~deb10u7
2021-05-07 09:51:40 startup packages configure
2021-05-07 09:51:40 configure libsystemd0:amd64 241-7~deb10u7 <none>
2021-05-07 09:51:40 status unpacked libsystemd0:amd64 241-7~deb10u7
2021-05-07 09:51:40 status half-configured libsystemd0:amd64 241-7~deb10u7
2021-05-07 09:51:40 status installed libsystemd0:amd64 241-7~deb10u7
2021-05-07 09:51:40 startup archives unpack
2021-05-07 09:51:40 upgrade libudev1:amd64 241-7~deb10u4 241-7~deb10u7
2021-05-07 09:51:40 status half-configured libudev1:amd64 241-7~deb10u4
2021-05-07 09:51:40 status unpacked libudev1:amd64 241-7~deb10u4
2021-05-07 09:51:40 status half-installed libudev1:amd64 241-7~deb10u4
2021-05-07 09:51:40 status unpacked libudev1:amd64 241-7~deb10u7
2021-05-07 09:51:40 startup packages configure
2021-05-07 09:51:40 configure libudev1:amd64 241-7~deb10u7 <none>
2021-05-07 09:51:40 status unpacked libudev1:amd64 241-7~deb10u7
2021-05-07 09:51:40 status half-configured libudev1:amd64 241-7~deb10u7
2021-05-07 09:51:40 status installed libudev1:amd64 241-7~deb10u7
2021-05-07 09:51:40 startup archives unpack
2021-05-07 09:51:40 upgrade libzstd1:amd64 1.3.8+dfsg-3 1.3.8+dfsg-3+deb10u2
2021-05-07 09:51:40 status half-configured libzstd1:amd64 1.3.8+dfsg-3
2021-05-07 09:51:40 status unpacked libzstd1:amd64 1.3.8+dfsg-3
2021-05-07 09:51:40 status half-installed libzstd1:amd64 1.3.8+dfsg-3
2021-05-07 09:51:40 status unpacked libzstd1:amd64 1.3.8+dfsg-3+deb10u2
2021-05-07 09:51:40 startup packages configure
2021-05-07 09:51:40 configure libzstd1:amd64 1.3.8+dfsg-3+deb10u2 <none>
2021-05-07 09:51:40 status unpacked libzstd1:amd64 1.3.8+dfsg-3+deb10u2
2021-05-07 09:51:40 status half-configured libzstd1:amd64 1.3.8+dfsg-3+deb10u2
2021-05-07 09:51:40 status installed libzstd1:amd64 1.3.8+dfsg-3+deb10u2
2021-05-07 09:51:40 startup archives unpack
2021-05-07 09:51:40 upgrade libapt-pkg5.0:amd64 1.8.2.1 1.8.2.3
2021-05-07 09:51:40 status half-configured libapt-pkg5.0:amd64 1.8.2.1
2021-05-07 09:51:40 status unpacked libapt-pkg5.0:amd64 1.8.2.1
2021-05-07 09:51:40 status half-installed libapt-pkg5.0:amd64 1.8.2.1
2021-05-07 09:51:41 status unpacked libapt-pkg5.0:amd64 1.8.2.3
2021-05-07 09:51:41 startup packages configure
2021-05-07 09:51:41 configure libapt-pkg5.0:amd64 1.8.2.3 <none>
2021-05-07 09:51:41 status unpacked libapt-pkg5.0:amd64 1.8.2.3
2021-05-07 09:51:41 status half-configured libapt-pkg5.0:amd64 1.8.2.3
2021-05-07 09:51:41 status installed libapt-pkg5.0:amd64 1.8.2.3
2021-05-07 09:51:41 startup archives unpack
2021-05-07 09:51:41 upgrade debian-archive-keyring:all 2019.1 2019.1+deb10u1
2021-05-07 09:51:41 status half-configured debian-archive-keyring:all 2019.1
2021-05-07 09:51:41 status unpacked debian-archive-keyring:all 2019.1
2021-05-07 09:51:41 status half-installed debian-archive-keyring:all 2019.1
2021-05-07 09:51:41 status unpacked debian-archive-keyring:all 2019.1+deb10u1
2021-05-07 09:51:42 startup packages configure
2021-05-07 09:51:42 configure debian-archive-keyring:all 2019.1+deb10u1 <none>
2021-05-07 09:51:42 status unpacked debian-archive-keyring:all 2019.1+deb10u1
2021-05-07 09:51:42 status half-configured debian-archive-keyring:all 2019.1+deb10u1
2021-05-07 09:51:42 status installed debian-archive-keyring:all 2019.1+deb10u1
2021-05-07 09:51:42 startup archives unpack
2021-05-07 09:51:42 upgrade libp11-kit0:amd64 0.23.15-2 0.23.15-2+deb10u1
2021-05-07 09:51:42 status half-configured libp11-kit0:amd64 0.23.15-2
2021-05-07 09:51:42 status unpacked libp11-kit0:amd64 0.23.15-2
2021-05-07 09:51:42 status half-installed libp11-kit0:amd64 0.23.15-2
2021-05-07 09:51:42 status unpacked libp11-kit0:amd64 0.23.15-2+deb10u1
2021-05-07 09:51:42 startup packages configure
2021-05-07 09:51:42 configure libp11-kit0:amd64 0.23.15-2+deb10u1 <none>
2021-05-07 09:51:42 status unpacked libp11-kit0:amd64 0.23.15-2+deb10u1
2021-05-07 09:51:42 status half-configured libp11-kit0:amd64 0.23.15-2+deb10u1
2021-05-07 09:51:42 status installed libp11-kit0:amd64 0.23.15-2+deb10u1
2021-05-07 09:51:42 startup archives unpack
2021-05-07 09:51:42 upgrade libgnutls30:amd64 3.6.7-4+deb10u5 3.6.7-4+deb10u6
2021-05-07 09:51:42 status half-configured libgnutls30:amd64 3.6.7-4+deb10u5
2021-05-07 09:51:42 status unpacked libgnutls30:amd64 3.6.7-4+deb10u5
2021-05-07 09:51:42 status half-installed libgnutls30:amd64 3.6.7-4+deb10u5
2021-05-07 09:51:42 status unpacked libgnutls30:amd64 3.6.7-4+deb10u6
2021-05-07 09:51:42 startup packages configure
2021-05-07 09:51:42 configure libgnutls30:amd64 3.6.7-4+deb10u6 <none>
2021-05-07 09:51:42 status unpacked libgnutls30:amd64 3.6.7-4+deb10u6
2021-05-07 09:51:42 status half-configured libgnutls30:amd64 3.6.7-4+deb10u6
2021-05-07 09:51:42 status installed libgnutls30:amd64 3.6.7-4+deb10u6
2021-05-07 09:51:42 startup archives unpack
2021-05-07 09:51:42 upgrade apt:amd64 1.8.2.1 1.8.2.3
2021-05-07 09:51:42 status half-configured apt:amd64 1.8.2.1
2021-05-07 09:51:42 status unpacked apt:amd64 1.8.2.1
2021-05-07 09:51:42 status half-installed apt:amd64 1.8.2.1
2021-05-07 09:51:45 status unpacked apt:amd64 1.8.2.3
2021-05-07 09:51:45 startup packages configure
2021-05-07 09:51:45 configure apt:amd64 1.8.2.3 <none>
2021-05-07 09:51:45 status unpacked apt:amd64 1.8.2.3
2021-05-07 09:51:45 status half-configured apt:amd64 1.8.2.3
2021-05-07 09:51:46 status installed apt:amd64 1.8.2.3
2021-05-07 09:51:46 startup archives unpack
2021-05-07 09:51:46 upgrade tzdata:all 2020d-0+deb10u1 2021a-0+deb10u1
2021-05-07 09:51:46 status half-configured tzdata:all 2020d-0+deb10u1
2021-05-07 09:51:46 status unpacked tzdata:all 2020d-0+deb10u1
2021-05-07 09:51:46 status half-installed tzdata:all 2020d-0+deb10u1
2021-05-07 09:51:54 status unpacked tzdata:all 2021a-0+deb10u1
2021-05-07 09:51:54 upgrade iproute2:amd64 4.20.0-2 4.20.0-2+deb10u1
2021-05-07 09:51:54 status half-configured iproute2:amd64 4.20.0-2
2021-05-07 09:51:54 status unpacked iproute2:amd64 4.20.0-2
2021-05-07 09:51:54 status half-installed iproute2:amd64 4.20.0-2
2021-05-07 09:51:56 status unpacked iproute2:amd64 4.20.0-2+deb10u1
2021-05-07 09:51:56 upgrade iputils-ping:amd64 3:20180629-2+deb10u1 3:20180629-2+deb10u2
2021-05-07 09:51:56 status half-configured iputils-ping:amd64 3:20180629-2+deb10u1
2021-05-07 09:51:56 status unpacked iputils-ping:amd64 3:20180629-2+deb10u1
2021-05-07 09:51:56 status half-installed iputils-ping:amd64 3:20180629-2+deb10u1
2021-05-07 09:51:56 status unpacked iputils-ping:amd64 3:20180629-2+deb10u2
2021-05-07 09:51:56 startup packages configure
2021-05-07 09:51:56 configure iproute2:amd64 4.20.0-2+deb10u1 <none>
2021-05-07 09:51:56 status unpacked iproute2:amd64 4.20.0-2+deb10u1
2021-05-07 09:51:56 status half-configured iproute2:amd64 4.20.0-2+deb10u1
2021-05-07 09:51:56 status installed iproute2:amd64 4.20.0-2+deb10u1
2021-05-07 09:51:56 configure tzdata:all 2021a-0+deb10u1 <none>
2021-05-07 09:51:56 status unpacked tzdata:all 2021a-0+deb10u1
2021-05-07 09:51:56 status half-configured tzdata:all 2021a-0+deb10u1
2021-05-07 09:51:56 status installed tzdata:all 2021a-0+deb10u1
2021-05-07 09:51:56 configure iputils-ping:amd64 3:20180629-2+deb10u2 <none>
2021-05-07 09:51:56 status unpacked iputils-ping:amd64 3:20180629-2+deb10u2
2021-05-07 09:51:56 status half-configured iputils-ping:amd64 3:20180629-2+deb10u2
2021-05-07 09:51:56 status installed iputils-ping:amd64 3:20180629-2+deb10u2
2021-05-07 09:51:56 trigproc libc-bin:amd64 2.28-10 <none>
2021-05-07 09:51:56 status half-configured libc-bin:amd64 2.28-10
2021-05-07 09:51:56 status installed libc-bin:amd64 2.28-10
2021-05-07 09:52:01 startup archives unpack
2021-05-07 09:52:01 install sensible-utils:all <none> 0.0.12
2021-05-07 09:52:01 status half-installed sensible-utils:all 0.0.12
2021-05-07 09:52:01 status unpacked sensible-utils:all 0.0.12
2021-05-07 09:52:01 install cron:amd64 <none> 3.0pl1-134+deb10u1
2021-05-07 09:52:01 status half-installed cron:amd64 3.0pl1-134+deb10u1
2021-05-07 09:52:01 status unpacked cron:amd64 3.0pl1-134+deb10u1
2021-05-07 09:52:01 install libestr0:amd64 <none> 0.1.10-2.1
2021-05-07 09:52:01 status triggers-pending libc-bin:amd64 2.28-10
2021-05-07 09:52:01 status half-installed libestr0:amd64 0.1.10-2.1
2021-05-07 09:52:01 status unpacked libestr0:amd64 0.1.10-2.1
2021-05-07 09:52:01 install libfastjson4:amd64 <none> 0.99.8-2
2021-05-07 09:52:01 status half-installed libfastjson4:amd64 0.99.8-2
2021-05-07 09:52:01 status unpacked libfastjson4:amd64 0.99.8-2
2021-05-07 09:52:01 install liblognorm5:amd64 <none> 2.0.5-1
2021-05-07 09:52:01 status half-installed liblognorm5:amd64 2.0.5-1
2021-05-07 09:52:01 status unpacked liblognorm5:amd64 2.0.5-1
2021-05-07 09:52:01 install rsyslog:amd64 <none> 8.1901.0-1
2021-05-07 09:52:01 status half-installed rsyslog:amd64 8.1901.0-1
2021-05-07 09:52:02 status unpacked rsyslog:amd64 8.1901.0-1
2021-05-07 09:52:02 install libpopt0:amd64 <none> 1.16-12
2021-05-07 09:52:02 status half-installed libpopt0:amd64 1.16-12
2021-05-07 09:52:02 status unpacked libpopt0:amd64 1.16-12
2021-05-07 09:52:02 install logrotate:amd64 <none> 3.14.0-4
2021-05-07 09:52:02 status half-installed logrotate:amd64 3.14.0-4
2021-05-07 09:52:02 status unpacked logrotate:amd64 3.14.0-4
2021-05-07 09:52:02 install nano:amd64 <none> 3.2-3
2021-05-07 09:52:02 status half-installed nano:amd64 3.2-3
2021-05-07 09:52:02 status unpacked nano:amd64 3.2-3
2021-05-07 09:52:02 install libncurses6:amd64 <none> 6.1+20181013-2+deb10u2
2021-05-07 09:52:02 status half-installed libncurses6:amd64 6.1+20181013-2+deb10u2
2021-05-07 09:52:02 status unpacked libncurses6:amd64 6.1+20181013-2+deb10u2
2021-05-07 09:52:02 install libprocps7:amd64 <none> 2:3.3.15-2
2021-05-07 09:52:02 status half-installed libprocps7:amd64 2:3.3.15-2
2021-05-07 09:52:02 status unpacked libprocps7:amd64 2:3.3.15-2
2021-05-07 09:52:02 install procps:amd64 <none> 2:3.3.15-2
2021-05-07 09:52:02 status half-installed procps:amd64 2:3.3.15-2
2021-05-07 09:52:02 status unpacked procps:amd64 2:3.3.15-2
2021-05-07 09:52:02 install libc-l10n:all <none> 2.28-10
2021-05-07 09:52:02 status half-installed libc-l10n:all 2.28-10
2021-05-07 09:52:02 status unpacked libc-l10n:all 2.28-10
2021-05-07 09:52:02 install locales:all <none> 2.28-10
2021-05-07 09:52:02 status half-installed locales:all 2.28-10
2021-05-07 09:52:03 status unpacked locales:all 2.28-10
2021-05-07 09:52:03 install ucf:all <none> 3.0038+nmu1
2021-05-07 09:52:03 status half-installed ucf:all 3.0038+nmu1
2021-05-07 09:52:03 status unpacked ucf:all 3.0038+nmu1
2021-05-07 09:52:03 install clamav-base:all <none> 0.103.2+dfsg-0+deb10u1
2021-05-07 09:52:03 status half-installed clamav-base:all 0.103.2+dfsg-0+deb10u1
2021-05-07 09:52:03 status unpacked clamav-base:all 0.103.2+dfsg-0+deb10u1
2021-05-07 09:52:03 install libkeyutils1:amd64 <none> 1.6-6
2021-05-07 09:52:03 status half-installed libkeyutils1:amd64 1.6-6
2021-05-07 09:52:03 status unpacked libkeyutils1:amd64 1.6-6
2021-05-07 09:52:03 install libkrb5support0:amd64 <none> 1.17-3+deb10u1
2021-05-07 09:52:03 status half-installed libkrb5support0:amd64 1.17-3+deb10u1
2021-05-07 09:52:03 status unpacked libkrb5support0:amd64 1.17-3+deb10u1
2021-05-07 09:52:03 install libk5crypto3:amd64 <none> 1.17-3+deb10u1
2021-05-07 09:52:03 status half-installed libk5crypto3:amd64 1.17-3+deb10u1
2021-05-07 09:52:03 status unpacked libk5crypto3:amd64 1.17-3+deb10u1
2021-05-07 09:52:03 install libkrb5-3:amd64 <none> 1.17-3+deb10u1
2021-05-07 09:52:03 status half-installed libkrb5-3:amd64 1.17-3+deb10u1
2021-05-07 09:52:03 status unpacked libkrb5-3:amd64 1.17-3+deb10u1
2021-05-07 09:52:03 install libgssapi-krb5-2:amd64 <none> 1.17-3+deb10u1
2021-05-07 09:52:03 status half-installed libgssapi-krb5-2:amd64 1.17-3+deb10u1
2021-05-07 09:52:03 status unpacked libgssapi-krb5-2:amd64 1.17-3+deb10u1
2021-05-07 09:52:03 install libnghttp2-14:amd64 <none> 1.36.0-2+deb10u1
2021-05-07 09:52:03 status half-installed libnghttp2-14:amd64 1.36.0-2+deb10u1
2021-05-07 09:52:04 status unpacked libnghttp2-14:amd64 1.36.0-2+deb10u1
2021-05-07 09:52:04 install librtmp1:amd64 <none> 2.4+20151223.gitfa8646d.1-2
2021-05-07 09:52:04 status half-installed librtmp1:amd64 2.4+20151223.gitfa8646d.1-2
2021-05-07 09:52:04 status unpacked librtmp1:amd64 2.4+20151223.gitfa8646d.1-2
2021-05-07 09:52:04 install libssh2-1:amd64 <none> 1.8.0-2.1
2021-05-07 09:52:04 status half-installed libssh2-1:amd64 1.8.0-2.1
2021-05-07 09:52:04 status unpacked libssh2-1:amd64 1.8.0-2.1
2021-05-07 09:52:04 install libcurl4:amd64 <none> 7.64.0-4+deb10u2
2021-05-07 09:52:04 status half-installed libcurl4:amd64 7.64.0-4+deb10u2
2021-05-07 09:52:04 status unpacked libcurl4:amd64 7.64.0-4+deb10u2
2021-05-07 09:52:04 install libjson-c3:amd64 <none> 0.12.1+ds-2+deb10u1
2021-05-07 09:52:04 status half-installed libjson-c3:amd64 0.12.1+ds-2+deb10u1
2021-05-07 09:52:04 status unpacked libjson-c3:amd64 0.12.1+ds-2+deb10u1
2021-05-07 09:52:04 install libltdl7:amd64 <none> 2.4.6-9
2021-05-07 09:52:04 status half-installed libltdl7:amd64 2.4.6-9
2021-05-07 09:52:04 status unpacked libltdl7:amd64 2.4.6-9
2021-05-07 09:52:04 install libmspack0:amd64 <none> 0.10.1-1
2021-05-07 09:52:04 status half-installed libmspack0:amd64 0.10.1-1
2021-05-07 09:52:04 status unpacked libmspack0:amd64 0.10.1-1
2021-05-07 09:52:04 install libtfm1:amd64 <none> 0.13-4
2021-05-07 09:52:04 status half-installed libtfm1:amd64 0.13-4
2021-05-07 09:52:04 status unpacked libtfm1:amd64 0.13-4
2021-05-07 09:52:04 install libicu63:amd64 <none> 63.1-6+deb10u1
2021-05-07 09:52:04 status half-installed libicu63:amd64 63.1-6+deb10u1
2021-05-07 09:52:05 status unpacked libicu63:amd64 63.1-6+deb10u1
2021-05-07 09:52:05 install libxml2:amd64 <none> 2.9.4+dfsg1-7+deb10u1
2021-05-07 09:52:05 status half-installed libxml2:amd64 2.9.4+dfsg1-7+deb10u1
2021-05-07 09:52:05 status unpacked libxml2:amd64 2.9.4+dfsg1-7+deb10u1
2021-05-07 09:52:06 install libclamav9:amd64 <none> 0.103.2+dfsg-0+deb10u1
2021-05-07 09:52:06 status half-installed libclamav9:amd64 0.103.2+dfsg-0+deb10u1
2021-05-07 09:52:06 status unpacked libclamav9:amd64 0.103.2+dfsg-0+deb10u1
2021-05-07 09:52:06 install clamav-freshclam:amd64 <none> 0.103.2+dfsg-0+deb10u1
2021-05-07 09:52:06 status half-installed clamav-freshclam:amd64 0.103.2+dfsg-0+deb10u1
2021-05-07 09:52:06 status unpacked clamav-freshclam:amd64 0.103.2+dfsg-0+deb10u1
2021-05-07 09:52:06 install clamav-daemon:amd64 <none> 0.103.2+dfsg-0+deb10u1
2021-05-07 09:52:06 status half-installed clamav-daemon:amd64 0.103.2+dfsg-0+deb10u1
2021-05-07 09:52:06 status unpacked clamav-daemon:amd64 0.103.2+dfsg-0+deb10u1
2021-05-07 09:52:06 install patch:amd64 <none> 2.7.6-3+deb10u1
2021-05-07 09:52:06 status half-installed patch:amd64 2.7.6-3+deb10u1
2021-05-07 09:52:06 status unpacked patch:amd64 2.7.6-3+deb10u1
2021-05-07 09:52:06 startup packages configure
2021-05-07 09:52:06 configure libjson-c3:amd64 0.12.1+ds-2+deb10u1 <none>
2021-05-07 09:52:06 status unpacked libjson-c3:amd64 0.12.1+ds-2+deb10u1
2021-05-07 09:52:06 status half-configured libjson-c3:amd64 0.12.1+ds-2+deb10u1
2021-05-07 09:52:06 status installed libjson-c3:amd64 0.12.1+ds-2+deb10u1
2021-05-07 09:52:06 configure libkeyutils1:amd64 1.6-6 <none>
2021-05-07 09:52:06 status unpacked libkeyutils1:amd64 1.6-6
2021-05-07 09:52:06 status half-configured libkeyutils1:amd64 1.6-6
2021-05-07 09:52:06 status installed libkeyutils1:amd64 1.6-6
2021-05-07 09:52:06 configure libc-l10n:all 2.28-10 <none>
2021-05-07 09:52:06 status unpacked libc-l10n:all 2.28-10
2021-05-07 09:52:06 status half-configured libc-l10n:all 2.28-10
2021-05-07 09:52:06 status installed libc-l10n:all 2.28-10
2021-05-07 09:52:06 configure libestr0:amd64 0.1.10-2.1 <none>
2021-05-07 09:52:06 status unpacked libestr0:amd64 0.1.10-2.1
2021-05-07 09:52:06 status half-configured libestr0:amd64 0.1.10-2.1
2021-05-07 09:52:06 status installed libestr0:amd64 0.1.10-2.1
2021-05-07 09:52:06 configure libfastjson4:amd64 0.99.8-2 <none>
2021-05-07 09:52:06 status unpacked libfastjson4:amd64 0.99.8-2
2021-05-07 09:52:06 status half-configured libfastjson4:amd64 0.99.8-2
2021-05-07 09:52:06 status installed libfastjson4:amd64 0.99.8-2
2021-05-07 09:52:06 configure libprocps7:amd64 2:3.3.15-2 <none>
2021-05-07 09:52:06 status unpacked libprocps7:amd64 2:3.3.15-2
2021-05-07 09:52:06 status half-configured libprocps7:amd64 2:3.3.15-2
2021-05-07 09:52:06 status installed libprocps7:amd64 2:3.3.15-2
2021-05-07 09:52:06 configure libmspack0:amd64 0.10.1-1 <none>
2021-05-07 09:52:06 status unpacked libmspack0:amd64 0.10.1-1
2021-05-07 09:52:06 status half-configured libmspack0:amd64 0.10.1-1
2021-05-07 09:52:06 status installed libmspack0:amd64 0.10.1-1
2021-05-07 09:52:06 configure libtfm1:amd64 0.13-4 <none>
2021-05-07 09:52:06 status unpacked libtfm1:amd64 0.13-4
2021-05-07 09:52:06 status half-configured libtfm1:amd64 0.13-4
2021-05-07 09:52:06 status installed libtfm1:amd64 0.13-4
2021-05-07 09:52:06 configure libnghttp2-14:amd64 1.36.0-2+deb10u1 <none>
2021-05-07 09:52:06 status unpacked libnghttp2-14:amd64 1.36.0-2+deb10u1
2021-05-07 09:52:06 status half-configured libnghttp2-14:amd64 1.36.0-2+deb10u1
2021-05-07 09:52:06 status installed libnghttp2-14:amd64 1.36.0-2+deb10u1
2021-05-07 09:52:06 configure locales:all 2.28-10 <none>
2021-05-07 09:52:06 status unpacked locales:all 2.28-10
2021-05-07 09:52:06 status half-configured locales:all 2.28-10
2021-05-07 09:52:07 status installed locales:all 2.28-10
2021-05-07 09:52:07 configure libicu63:amd64 63.1-6+deb10u1 <none>
2021-05-07 09:52:07 status unpacked libicu63:amd64 63.1-6+deb10u1
2021-05-07 09:52:07 status half-configured libicu63:amd64 63.1-6+deb10u1
2021-05-07 09:52:07 status installed libicu63:amd64 63.1-6+deb10u1
2021-05-07 09:52:07 configure libkrb5support0:amd64 1.17-3+deb10u1 <none>
2021-05-07 09:52:07 status unpacked libkrb5support0:amd64 1.17-3+deb10u1
2021-05-07 09:52:07 status half-configured libkrb5support0:amd64 1.17-3+deb10u1
2021-05-07 09:52:07 status installed libkrb5support0:amd64 1.17-3+deb10u1
2021-05-07 09:52:07 configure librtmp1:amd64 2.4+20151223.gitfa8646d.1-2 <none>
2021-05-07 09:52:07 status unpacked librtmp1:amd64 2.4+20151223.gitfa8646d.1-2
2021-05-07 09:52:07 status half-configured librtmp1:amd64 2.4+20151223.gitfa8646d.1-2
2021-05-07 09:52:07 status installed librtmp1:amd64 2.4+20151223.gitfa8646d.1-2
2021-05-07 09:52:07 configure libncurses6:amd64 6.1+20181013-2+deb10u2 <none>
2021-05-07 09:52:07 status unpacked libncurses6:amd64 6.1+20181013-2+deb10u2
2021-05-07 09:52:07 status half-configured libncurses6:amd64 6.1+20181013-2+deb10u2
2021-05-07 09:52:07 status installed libncurses6:amd64 6.1+20181013-2+deb10u2
2021-05-07 09:52:07 configure patch:amd64 2.7.6-3+deb10u1 <none>
2021-05-07 09:52:07 status unpacked patch:amd64 2.7.6-3+deb10u1
2021-05-07 09:52:07 status half-configured patch:amd64 2.7.6-3+deb10u1
2021-05-07 09:52:07 status installed patch:amd64 2.7.6-3+deb10u1
2021-05-07 09:52:07 configure libk5crypto3:amd64 1.17-3+deb10u1 <none>
2021-05-07 09:52:07 status unpacked libk5crypto3:amd64 1.17-3+deb10u1
2021-05-07 09:52:07 status half-configured libk5crypto3:amd64 1.17-3+deb10u1
2021-05-07 09:52:07 status installed libk5crypto3:amd64 1.17-3+deb10u1
2021-05-07 09:52:07 configure libltdl7:amd64 2.4.6-9 <none>
2021-05-07 09:52:07 status unpacked libltdl7:amd64 2.4.6-9
2021-05-07 09:52:07 status half-configured libltdl7:amd64 2.4.6-9
2021-05-07 09:52:07 status installed libltdl7:amd64 2.4.6-9
2021-05-07 09:52:07 configure liblognorm5:amd64 2.0.5-1 <none>
2021-05-07 09:52:07 status unpacked liblognorm5:amd64 2.0.5-1
2021-05-07 09:52:07 status half-configured liblognorm5:amd64 2.0.5-1
2021-05-07 09:52:07 status installed liblognorm5:amd64 2.0.5-1
2021-05-07 09:52:07 configure nano:amd64 3.2-3 <none>
2021-05-07 09:52:07 status unpacked nano:amd64 3.2-3
2021-05-07 09:52:07 status half-configured nano:amd64 3.2-3
2021-05-07 09:52:07 status installed nano:amd64 3.2-3
2021-05-07 09:52:07 configure sensible-utils:all 0.0.12 <none>
2021-05-07 09:52:07 status unpacked sensible-utils:all 0.0.12
2021-05-07 09:52:07 status half-configured sensible-utils:all 0.0.12
2021-05-07 09:52:07 status installed sensible-utils:all 0.0.12
2021-05-07 09:52:07 configure procps:amd64 2:3.3.15-2 <none>
2021-05-07 09:52:07 status unpacked procps:amd64 2:3.3.15-2
2021-05-07 09:52:07 status half-configured procps:amd64 2:3.3.15-2
2021-05-07 09:52:07 status installed procps:amd64 2:3.3.15-2
2021-05-07 09:52:07 configure libssh2-1:amd64 1.8.0-2.1 <none>
2021-05-07 09:52:07 status unpacked libssh2-1:amd64 1.8.0-2.1
2021-05-07 09:52:07 status half-configured libssh2-1:amd64 1.8.0-2.1
2021-05-07 09:52:07 status installed libssh2-1:amd64 1.8.0-2.1
2021-05-07 09:52:07 configure libkrb5-3:amd64 1.17-3+deb10u1 <none>
2021-05-07 09:52:07 status unpacked libkrb5-3:amd64 1.17-3+deb10u1
2021-05-07 09:52:07 status half-configured libkrb5-3:amd64 1.17-3+deb10u1
2021-05-07 09:52:07 status installed libkrb5-3:amd64 1.17-3+deb10u1
2021-05-07 09:52:07 configure libxml2:amd64 2.9.4+dfsg1-7+deb10u1 <none>
2021-05-07 09:52:07 status unpacked libxml2:amd64 2.9.4+dfsg1-7+deb10u1
2021-05-07 09:52:07 status half-configured libxml2:amd64 2.9.4+dfsg1-7+deb10u1
2021-05-07 09:52:07 status installed libxml2:amd64 2.9.4+dfsg1-7+deb10u1
2021-05-07 09:52:07 configure libpopt0:amd64 1.16-12 <none>
2021-05-07 09:52:07 status unpacked libpopt0:amd64 1.16-12
2021-05-07 09:52:07 status half-configured libpopt0:amd64 1.16-12
2021-05-07 09:52:07 status installed libpopt0:amd64 1.16-12
2021-05-07 09:52:07 configure cron:amd64 3.0pl1-134+deb10u1 <none>
2021-05-07 09:52:07 status unpacked cron:amd64 3.0pl1-134+deb10u1
2021-05-07 09:52:07 status half-configured cron:amd64 3.0pl1-134+deb10u1
2021-05-07 09:52:08 status installed cron:amd64 3.0pl1-134+deb10u1
2021-05-07 09:52:08 configure rsyslog:amd64 8.1901.0-1 <none>
2021-05-07 09:52:08 status unpacked rsyslog:amd64 8.1901.0-1
2021-05-07 09:52:08 status half-configured rsyslog:amd64 8.1901.0-1
2021-05-07 09:52:08 status installed rsyslog:amd64 8.1901.0-1
2021-05-07 09:52:08 configure libgssapi-krb5-2:amd64 1.17-3+deb10u1 <none>
2021-05-07 09:52:08 status unpacked libgssapi-krb5-2:amd64 1.17-3+deb10u1
2021-05-07 09:52:08 status half-configured libgssapi-krb5-2:amd64 1.17-3+deb10u1
2021-05-07 09:52:08 status installed libgssapi-krb5-2:amd64 1.17-3+deb10u1
2021-05-07 09:52:08 configure ucf:all 3.0038+nmu1 <none>
2021-05-07 09:52:08 status unpacked ucf:all 3.0038+nmu1
2021-05-07 09:52:08 status half-configured ucf:all 3.0038+nmu1
2021-05-07 09:52:08 status installed ucf:all 3.0038+nmu1
2021-05-07 09:52:08 configure libcurl4:amd64 7.64.0-4+deb10u2 <none>
2021-05-07 09:52:08 status unpacked libcurl4:amd64 7.64.0-4+deb10u2
2021-05-07 09:52:08 status half-configured libcurl4:amd64 7.64.0-4+deb10u2
2021-05-07 09:52:08 status installed libcurl4:amd64 7.64.0-4+deb10u2
2021-05-07 09:52:08 configure logrotate:amd64 3.14.0-4 <none>
2021-05-07 09:52:08 status unpacked logrotate:amd64 3.14.0-4
2021-05-07 09:52:08 status half-configured logrotate:amd64 3.14.0-4
2021-05-07 09:52:09 status installed logrotate:amd64 3.14.0-4
2021-05-07 09:52:09 configure libclamav9:amd64 0.103.2+dfsg-0+deb10u1 <none>
2021-05-07 09:52:09 status unpacked libclamav9:amd64 0.103.2+dfsg-0+deb10u1
2021-05-07 09:52:09 status half-configured libclamav9:amd64 0.103.2+dfsg-0+deb10u1
2021-05-07 09:52:09 status installed libclamav9:amd64 0.103.2+dfsg-0+deb10u1
2021-05-07 09:52:09 configure clamav-base:all 0.103.2+dfsg-0+deb10u1 <none>
2021-05-07 09:52:09 status unpacked clamav-base:all 0.103.2+dfsg-0+deb10u1
2021-05-07 09:52:09 status half-configured clamav-base:all 0.103.2+dfsg-0+deb10u1
2021-05-07 09:52:09 status installed clamav-base:all 0.103.2+dfsg-0+deb10u1
2021-05-07 09:52:09 configure clamav-freshclam:amd64 0.103.2+dfsg-0+deb10u1 <none>
2021-05-07 09:52:09 status unpacked clamav-freshclam:amd64 0.103.2+dfsg-0+deb10u1
2021-05-07 09:52:09 status half-configured clamav-freshclam:amd64 0.103.2+dfsg-0+deb10u1
2021-05-07 09:52:10 status installed clamav-freshclam:amd64 0.103.2+dfsg-0+deb10u1
2021-05-07 09:52:10 configure clamav-daemon:amd64 0.103.2+dfsg-0+deb10u1 <none>
2021-05-07 09:52:10 status unpacked clamav-daemon:amd64 0.103.2+dfsg-0+deb10u1
2021-05-07 09:52:10 status half-configured clamav-daemon:amd64 0.103.2+dfsg-0+deb10u1
2021-05-07 09:52:10 status installed clamav-daemon:amd64 0.103.2+dfsg-0+deb10u1
2021-05-07 09:52:10 trigproc libc-bin:amd64 2.28-10 <none>
2021-05-07 09:52:10 status half-configured libc-bin:amd64 2.28-10
2021-05-07 09:52:10 status installed libc-bin:amd64 2.28-10
2021-05-07 09:52:14 startup archives unpack
2021-05-07 09:52:14 install libexttextcat-data:all <none> 3.4.5-1
2021-05-07 09:52:14 status half-installed libexttextcat-data:all 3.4.5-1
2021-05-07 09:52:14 status unpacked libexttextcat-data:all 3.4.5-1
2021-05-07 09:52:14 install libexttextcat-2.0-0:amd64 <none> 3.4.5-1
2021-05-07 09:52:14 status triggers-pending libc-bin:amd64 2.28-10
2021-05-07 09:52:14 status half-installed libexttextcat-2.0-0:amd64 3.4.5-1
2021-05-07 09:52:14 status unpacked libexttextcat-2.0-0:amd64 3.4.5-1
2021-05-07 09:52:14 install libidn11:amd64 <none> 1.33-2.2
2021-05-07 09:52:14 status half-installed libidn11:amd64 1.33-2.2
2021-05-07 09:52:14 status unpacked libidn11:amd64 1.33-2.2
2021-05-07 09:52:14 install libntlm0:amd64 <none> 1.5-1+deb10u1
2021-05-07 09:52:14 status half-installed libntlm0:amd64 1.5-1+deb10u1
2021-05-07 09:52:14 status unpacked libntlm0:amd64 1.5-1+deb10u1
2021-05-07 09:52:14 install libgsasl7:amd64 <none> 1.8.0-8+b2
2021-05-07 09:52:14 status half-installed libgsasl7:amd64 1.8.0-8+b2
2021-05-07 09:52:14 status unpacked libgsasl7:amd64 1.8.0-8+b2
2021-05-07 09:52:14 install libsodium23:amd64 <none> 1.0.17-1
2021-05-07 09:52:14 status half-installed libsodium23:amd64 1.0.17-1
2021-05-07 09:52:14 status unpacked libsodium23:amd64 1.0.17-1
2021-05-07 09:52:14 install libstemmer0d:amd64 <none> 0+svn585-1+b2
2021-05-07 09:52:14 status half-installed libstemmer0d:amd64 0+svn585-1+b2
2021-05-07 09:52:14 status unpacked libstemmer0d:amd64 0+svn585-1+b2
2021-05-07 09:52:14 install libwrap0:amd64 <none> 7.6.q-28
2021-05-07 09:52:14 status half-installed libwrap0:amd64 7.6.q-28
2021-05-07 09:52:14 status unpacked libwrap0:amd64 7.6.q-28
2021-05-07 09:52:14 install msmtp:amd64 <none> 1.8.3-1
2021-05-07 09:52:14 status half-installed msmtp:amd64 1.8.3-1
2021-05-07 09:52:14 status unpacked msmtp:amd64 1.8.3-1
2021-05-07 09:52:14 install msmtp-mta:amd64 <none> 1.8.3-1
2021-05-07 09:52:14 status half-installed msmtp-mta:amd64 1.8.3-1
2021-05-07 09:52:14 status unpacked msmtp-mta:amd64 1.8.3-1
2021-05-07 09:52:14 install dovecot-core:amd64 <none> 2:2.3.14-5+debian10
2021-05-07 09:52:14 status half-installed dovecot-core:amd64 2:2.3.14-5+debian10
2021-05-07 09:52:15 status unpacked dovecot-core:amd64 2:2.3.14-5+debian10
2021-05-07 09:52:15 install dovecot-imapd:amd64 <none> 2:2.3.14-5+debian10
2021-05-07 09:52:15 status half-installed dovecot-imapd:amd64 2:2.3.14-5+debian10
2021-05-07 09:52:15 status unpacked dovecot-imapd:amd64 2:2.3.14-5+debian10
2021-05-07 09:52:15 install dovecot-lmtpd:amd64 <none> 2:2.3.14-5+debian10
2021-05-07 09:52:15 status half-installed dovecot-lmtpd:amd64 2:2.3.14-5+debian10
2021-05-07 09:52:15 status unpacked dovecot-lmtpd:amd64 2:2.3.14-5+debian10
2021-05-07 09:52:15 install dovecot-sieve:amd64 <none> 2:2.3.14-5+debian10
2021-05-07 09:52:15 status half-installed dovecot-sieve:amd64 2:2.3.14-5+debian10
2021-05-07 09:52:15 status unpacked dovecot-sieve:amd64 2:2.3.14-5+debian10
2021-05-07 09:52:15 install dovecot-managesieved:amd64 <none> 2:2.3.14-5+debian10
2021-05-07 09:52:15 status half-installed dovecot-managesieved:amd64 2:2.3.14-5+debian10
2021-05-07 09:52:15 status unpacked dovecot-managesieved:amd64 2:2.3.14-5+debian10
2021-05-07 09:52:15 install dovecot-pop3d:amd64 <none> 2:2.3.14-5+debian10
2021-05-07 09:52:15 status half-installed dovecot-pop3d:amd64 2:2.3.14-5+debian10
2021-05-07 09:52:15 status unpacked dovecot-pop3d:amd64 2:2.3.14-5+debian10
2021-05-07 09:52:15 install dovecot-sqlite:amd64 <none> 2:2.3.14-5+debian10
2021-05-07 09:52:15 status half-installed dovecot-sqlite:amd64 2:2.3.14-5+debian10
2021-05-07 09:52:15 status unpacked dovecot-sqlite:amd64 2:2.3.14-5+debian10
2021-05-07 09:52:15 startup packages configure
2021-05-07 09:52:15 configure libsodium23:amd64 1.0.17-1 <none>
2021-05-07 09:52:15 status unpacked libsodium23:amd64 1.0.17-1
2021-05-07 09:52:15 status half-configured libsodium23:amd64 1.0.17-1
2021-05-07 09:52:15 status installed libsodium23:amd64 1.0.17-1
2021-05-07 09:52:15 configure libwrap0:amd64 7.6.q-28 <none>
2021-05-07 09:52:15 status unpacked libwrap0:amd64 7.6.q-28
2021-05-07 09:52:15 status half-configured libwrap0:amd64 7.6.q-28
2021-05-07 09:52:15 status installed libwrap0:amd64 7.6.q-28
2021-05-07 09:52:15 configure libntlm0:amd64 1.5-1+deb10u1 <none>
2021-05-07 09:52:15 status unpacked libntlm0:amd64 1.5-1+deb10u1
2021-05-07 09:52:15 status half-configured libntlm0:amd64 1.5-1+deb10u1
2021-05-07 09:52:15 status installed libntlm0:amd64 1.5-1+deb10u1
2021-05-07 09:52:15 configure libidn11:amd64 1.33-2.2 <none>
2021-05-07 09:52:15 status unpacked libidn11:amd64 1.33-2.2
2021-05-07 09:52:15 status half-configured libidn11:amd64 1.33-2.2
2021-05-07 09:52:15 status installed libidn11:amd64 1.33-2.2
2021-05-07 09:52:15 configure libexttextcat-data:all 3.4.5-1 <none>
2021-05-07 09:52:15 status unpacked libexttextcat-data:all 3.4.5-1
2021-05-07 09:52:15 status half-configured libexttextcat-data:all 3.4.5-1
2021-05-07 09:52:15 status installed libexttextcat-data:all 3.4.5-1
2021-05-07 09:52:15 configure libstemmer0d:amd64 0+svn585-1+b2 <none>
2021-05-07 09:52:15 status unpacked libstemmer0d:amd64 0+svn585-1+b2
2021-05-07 09:52:15 status half-configured libstemmer0d:amd64 0+svn585-1+b2
2021-05-07 09:52:15 status installed libstemmer0d:amd64 0+svn585-1+b2
2021-05-07 09:52:15 configure libexttextcat-2.0-0:amd64 3.4.5-1 <none>
2021-05-07 09:52:15 status unpacked libexttextcat-2.0-0:amd64 3.4.5-1
2021-05-07 09:52:15 status half-configured libexttextcat-2.0-0:amd64 3.4.5-1
2021-05-07 09:52:16 status installed libexttextcat-2.0-0:amd64 3.4.5-1
2021-05-07 09:52:16 configure libgsasl7:amd64 1.8.0-8+b2 <none>
2021-05-07 09:52:16 status unpacked libgsasl7:amd64 1.8.0-8+b2
2021-05-07 09:52:16 status half-configured libgsasl7:amd64 1.8.0-8+b2
2021-05-07 09:52:16 status installed libgsasl7:amd64 1.8.0-8+b2
2021-05-07 09:52:16 configure dovecot-core:amd64 2:2.3.14-5+debian10 <none>
2021-05-07 09:52:16 status unpacked dovecot-core:amd64 2:2.3.14-5+debian10
2021-05-07 09:52:16 status half-configured dovecot-core:amd64 2:2.3.14-5+debian10
2021-05-07 09:52:27 status installed dovecot-core:amd64 2:2.3.14-5+debian10
2021-05-07 09:52:27 configure dovecot-imapd:amd64 2:2.3.14-5+debian10 <none>
2021-05-07 09:52:27 status triggers-pending dovecot-core:amd64 2:2.3.14-5+debian10
2021-05-07 09:52:27 status unpacked dovecot-imapd:amd64 2:2.3.14-5+debian10
2021-05-07 09:52:27 status half-configured dovecot-imapd:amd64 2:2.3.14-5+debian10
2021-05-07 09:52:27 status triggers-awaited dovecot-imapd:amd64 2:2.3.14-5+debian10
2021-05-07 09:52:27 configure msmtp:amd64 1.8.3-1 <none>
2021-05-07 09:52:27 status unpacked msmtp:amd64 1.8.3-1
2021-05-07 09:52:27 status half-configured msmtp:amd64 1.8.3-1
2021-05-07 09:52:27 status installed msmtp:amd64 1.8.3-1
2021-05-07 09:52:27 configure dovecot-sieve:amd64 2:2.3.14-5+debian10 <none>
2021-05-07 09:52:27 status unpacked dovecot-sieve:amd64 2:2.3.14-5+debian10
2021-05-07 09:52:27 status half-configured dovecot-sieve:amd64 2:2.3.14-5+debian10
2021-05-07 09:52:28 status triggers-awaited dovecot-sieve:amd64 2:2.3.14-5+debian10
2021-05-07 09:52:28 configure dovecot-pop3d:amd64 2:2.3.14-5+debian10 <none>
2021-05-07 09:52:28 status unpacked dovecot-pop3d:amd64 2:2.3.14-5+debian10
2021-05-07 09:52:28 status half-configured dovecot-pop3d:amd64 2:2.3.14-5+debian10
2021-05-07 09:52:29 status triggers-awaited dovecot-pop3d:amd64 2:2.3.14-5+debian10
2021-05-07 09:52:29 configure dovecot-lmtpd:amd64 2:2.3.14-5+debian10 <none>
2021-05-07 09:52:29 status unpacked dovecot-lmtpd:amd64 2:2.3.14-5+debian10
2021-05-07 09:52:29 status half-configured dovecot-lmtpd:amd64 2:2.3.14-5+debian10
2021-05-07 09:52:29 status triggers-awaited dovecot-lmtpd:amd64 2:2.3.14-5+debian10
2021-05-07 09:52:29 configure msmtp-mta:amd64 1.8.3-1 <none>
2021-05-07 09:52:29 status unpacked msmtp-mta:amd64 1.8.3-1
2021-05-07 09:52:29 status half-configured msmtp-mta:amd64 1.8.3-1
2021-05-07 09:52:29 status installed msmtp-mta:amd64 1.8.3-1
2021-05-07 09:52:29 configure dovecot-sqlite:amd64 2:2.3.14-5+debian10 <none>
2021-05-07 09:52:29 status unpacked dovecot-sqlite:amd64 2:2.3.14-5+debian10
2021-05-07 09:52:29 status half-configured dovecot-sqlite:amd64 2:2.3.14-5+debian10
2021-05-07 09:52:29 status triggers-awaited dovecot-sqlite:amd64 2:2.3.14-5+debian10
2021-05-07 09:52:29 trigproc libc-bin:amd64 2.28-10 <none>
2021-05-07 09:52:29 status half-configured libc-bin:amd64 2.28-10
2021-05-07 09:52:29 status installed libc-bin:amd64 2.28-10
2021-05-07 09:52:29 trigproc dovecot-core:amd64 2:2.3.14-5+debian10 <none>
2021-05-07 09:52:29 status half-configured dovecot-core:amd64 2:2.3.14-5+debian10
2021-05-07 09:52:29 status installed dovecot-sqlite:amd64 2:2.3.14-5+debian10
2021-05-07 09:52:29 status installed dovecot-lmtpd:amd64 2:2.3.14-5+debian10
2021-05-07 09:52:29 status installed dovecot-pop3d:amd64 2:2.3.14-5+debian10
2021-05-07 09:52:29 status installed dovecot-sieve:amd64 2:2.3.14-5+debian10
2021-05-07 09:52:29 status installed dovecot-imapd:amd64 2:2.3.14-5+debian10
2021-05-07 09:52:29 status installed dovecot-core:amd64 2:2.3.14-5+debian10
2021-05-07 09:52:29 configure dovecot-managesieved:amd64 2:2.3.14-5+debian10 <none>
2021-05-07 09:52:29 status triggers-pending dovecot-core:amd64 2:2.3.14-5+debian10
2021-05-07 09:52:29 status unpacked dovecot-managesieved:amd64 2:2.3.14-5+debian10
2021-05-07 09:52:29 status half-configured dovecot-managesieved:amd64 2:2.3.14-5+debian10
2021-05-07 09:52:30 status triggers-awaited dovecot-managesieved:amd64 2:2.3.14-5+debian10
2021-05-07 09:52:30 trigproc dovecot-core:amd64 2:2.3.14-5+debian10 <none>
2021-05-07 09:52:30 status half-configured dovecot-core:amd64 2:2.3.14-5+debian10
2021-05-07 09:52:30 status installed dovecot-managesieved:amd64 2:2.3.14-5+debian10
2021-05-07 09:52:30 status installed dovecot-core:amd64 2:2.3.14-5+debian10
2021-05-07 09:52:33 startup archives unpack
2021-05-07 09:52:33 install libhyperscan5:amd64 <none> 5.1.0-1
2021-05-07 09:52:33 status triggers-pending libc-bin:amd64 2.28-10
2021-05-07 09:52:33 status half-installed libhyperscan5:amd64 5.1.0-1
2021-05-07 09:52:33 status unpacked libhyperscan5:amd64 5.1.0-1
2021-05-07 09:52:33 install libglib2.0-0:amd64 <none> 2.58.3-2+deb10u2
2021-05-07 09:52:33 status half-installed libglib2.0-0:amd64 2.58.3-2+deb10u2
2021-05-07 09:52:33 status unpacked libglib2.0-0:amd64 2.58.3-2+deb10u2
2021-05-07 09:52:33 install libunwind8:amd64 <none> 1.2.1-10~deb10u1
2021-05-07 09:52:33 status half-installed libunwind8:amd64 1.2.1-10~deb10u1
2021-05-07 09:52:34 status unpacked libunwind8:amd64 1.2.1-10~deb10u1
2021-05-07 09:52:34 install rspamd:amd64 <none> 2.7-42~buster
2021-05-07 09:52:34 status half-installed rspamd:amd64 2.7-42~buster
2021-05-07 09:52:34 status unpacked rspamd:amd64 2.7-42~buster
2021-05-07 09:52:34 startup packages configure
2021-05-07 09:52:34 configure libglib2.0-0:amd64 2.58.3-2+deb10u2 <none>
2021-05-07 09:52:34 status unpacked libglib2.0-0:amd64 2.58.3-2+deb10u2
2021-05-07 09:52:34 status half-configured libglib2.0-0:amd64 2.58.3-2+deb10u2
2021-05-07 09:52:34 status installed libglib2.0-0:amd64 2.58.3-2+deb10u2
2021-05-07 09:52:34 configure libunwind8:amd64 1.2.1-10~deb10u1 <none>
2021-05-07 09:52:34 status unpacked libunwind8:amd64 1.2.1-10~deb10u1
2021-05-07 09:52:34 status half-configured libunwind8:amd64 1.2.1-10~deb10u1
2021-05-07 09:52:34 status installed libunwind8:amd64 1.2.1-10~deb10u1
2021-05-07 09:52:34 configure libhyperscan5:amd64 5.1.0-1 <none>
2021-05-07 09:52:34 status unpacked libhyperscan5:amd64 5.1.0-1
2021-05-07 09:52:34 status half-configured libhyperscan5:amd64 5.1.0-1
2021-05-07 09:52:34 status installed libhyperscan5:amd64 5.1.0-1
2021-05-07 09:52:34 configure rspamd:amd64 2.7-42~buster <none>
2021-05-07 09:52:34 status unpacked rspamd:amd64 2.7-42~buster
2021-05-07 09:52:35 status half-configured rspamd:amd64 2.7-42~buster
2021-05-07 09:52:35 status installed rspamd:amd64 2.7-42~buster
2021-05-07 09:52:35 trigproc libc-bin:amd64 2.28-10 <none>
2021-05-07 09:52:35 status half-configured libc-bin:amd64 2.28-10
2021-05-07 09:52:35 status installed libc-bin:amd64 2.28-10
2021-05-07 09:52:37 startup archives unpack
2021-05-07 09:52:37 install sqlite3:amd64 <none> 3.27.2-3+deb10u1
2021-05-07 09:52:37 status half-installed sqlite3:amd64 3.27.2-3+deb10u1
2021-05-07 09:52:38 status unpacked sqlite3:amd64 3.27.2-3+deb10u1
2021-05-07 09:52:38 startup packages configure
2021-05-07 09:52:38 configure sqlite3:amd64 3.27.2-3+deb10u1 <none>
2021-05-07 09:52:38 status unpacked sqlite3:amd64 3.27.2-3+deb10u1
2021-05-07 09:52:38 status half-configured sqlite3:amd64 3.27.2-3+deb10u1
2021-05-07 09:52:38 status installed sqlite3:amd64 3.27.2-3+deb10u1
2021-05-07 09:52:40 startup archives unpack
2021-05-07 09:52:40 install libfstrm0:amd64 <none> 0.4.0-1
2021-05-07 09:52:40 status triggers-pending libc-bin:amd64 2.28-10
2021-05-07 09:52:40 status half-installed libfstrm0:amd64 0.4.0-1
2021-05-07 09:52:40 status unpacked libfstrm0:amd64 0.4.0-1
2021-05-07 09:52:40 install libgeoip1:amd64 <none> 1.6.12-1
2021-05-07 09:52:40 status half-installed libgeoip1:amd64 1.6.12-1
2021-05-07 09:52:40 status unpacked libgeoip1:amd64 1.6.12-1
2021-05-07 09:52:40 install liblmdb0:amd64 <none> 0.9.22-1
2021-05-07 09:52:40 status half-installed liblmdb0:amd64 0.9.22-1
2021-05-07 09:52:40 status unpacked liblmdb0:amd64 0.9.22-1
2021-05-07 09:52:40 install libprotobuf-c1:amd64 <none> 1.3.1-1+b1
2021-05-07 09:52:40 status half-installed libprotobuf-c1:amd64 1.3.1-1+b1
2021-05-07 09:52:40 status unpacked libprotobuf-c1:amd64 1.3.1-1+b1
2021-05-07 09:52:40 install libisc1100:amd64 <none> 1:9.11.5.P4+dfsg-5.1+deb10u5
2021-05-07 09:52:40 status half-installed libisc1100:amd64 1:9.11.5.P4+dfsg-5.1+deb10u5
2021-05-07 09:52:40 status unpacked libisc1100:amd64 1:9.11.5.P4+dfsg-5.1+deb10u5
2021-05-07 09:52:40 install libdns1104:amd64 <none> 1:9.11.5.P4+dfsg-5.1+deb10u5
2021-05-07 09:52:40 status half-installed libdns1104:amd64 1:9.11.5.P4+dfsg-5.1+deb10u5
2021-05-07 09:52:41 status unpacked libdns1104:amd64 1:9.11.5.P4+dfsg-5.1+deb10u5
2021-05-07 09:52:41 install libisccc161:amd64 <none> 1:9.11.5.P4+dfsg-5.1+deb10u5
2021-05-07 09:52:41 status half-installed libisccc161:amd64 1:9.11.5.P4+dfsg-5.1+deb10u5
2021-05-07 09:52:41 status unpacked libisccc161:amd64 1:9.11.5.P4+dfsg-5.1+deb10u5
2021-05-07 09:52:41 install libisccfg163:amd64 <none> 1:9.11.5.P4+dfsg-5.1+deb10u5
2021-05-07 09:52:41 status half-installed libisccfg163:amd64 1:9.11.5.P4+dfsg-5.1+deb10u5
2021-05-07 09:52:41 status unpacked libisccfg163:amd64 1:9.11.5.P4+dfsg-5.1+deb10u5
2021-05-07 09:52:41 install libbind9-161:amd64 <none> 1:9.11.5.P4+dfsg-5.1+deb10u5
2021-05-07 09:52:41 status half-installed libbind9-161:amd64 1:9.11.5.P4+dfsg-5.1+deb10u5
2021-05-07 09:52:41 status unpacked libbind9-161:amd64 1:9.11.5.P4+dfsg-5.1+deb10u5
2021-05-07 09:52:41 install liblwres161:amd64 <none> 1:9.11.5.P4+dfsg-5.1+deb10u5
2021-05-07 09:52:41 status half-installed liblwres161:amd64 1:9.11.5.P4+dfsg-5.1+deb10u5
2021-05-07 09:52:41 status unpacked liblwres161:amd64 1:9.11.5.P4+dfsg-5.1+deb10u5
2021-05-07 09:52:41 install bind9-host:amd64 <none> 1:9.11.5.P4+dfsg-5.1+deb10u5
2021-05-07 09:52:41 status half-installed bind9-host:amd64 1:9.11.5.P4+dfsg-5.1+deb10u5
2021-05-07 09:52:41 status unpacked bind9-host:amd64 1:9.11.5.P4+dfsg-5.1+deb10u5
2021-05-07 09:52:41 install libirs161:amd64 <none> 1:9.11.5.P4+dfsg-5.1+deb10u5
2021-05-07 09:52:41 status half-installed libirs161:amd64 1:9.11.5.P4+dfsg-5.1+deb10u5
2021-05-07 09:52:41 status unpacked libirs161:amd64 1:9.11.5.P4+dfsg-5.1+deb10u5
2021-05-07 09:52:41 install dnsutils:amd64 <none> 1:9.11.5.P4+dfsg-5.1+deb10u5
2021-05-07 09:52:41 status half-installed dnsutils:amd64 1:9.11.5.P4+dfsg-5.1+deb10u5
2021-05-07 09:52:41 status unpacked dnsutils:amd64 1:9.11.5.P4+dfsg-5.1+deb10u5
2021-05-07 09:52:41 install mpack:amd64 <none> 1.6-8.2
2021-05-07 09:52:41 status half-installed mpack:amd64 1.6-8.2
2021-05-07 09:52:41 status unpacked mpack:amd64 1.6-8.2
2021-05-07 09:52:41 install net-tools:amd64 <none> 1.60+git20180626.aebd88e-1
2021-05-07 09:52:41 status half-installed net-tools:amd64 1.60+git20180626.aebd88e-1
2021-05-07 09:52:41 status unpacked net-tools:amd64 1.60+git20180626.aebd88e-1
2021-05-07 09:52:41 install psmisc:amd64 <none> 23.2-1
2021-05-07 09:52:41 status half-installed psmisc:amd64 23.2-1
2021-05-07 09:52:41 status unpacked psmisc:amd64 23.2-1
2021-05-07 09:52:41 install sudo:amd64 <none> 1.8.27-1+deb10u3
2021-05-07 09:52:41 status half-installed sudo:amd64 1.8.27-1+deb10u3
2021-05-07 09:52:42 status unpacked sudo:amd64 1.8.27-1+deb10u3
2021-05-07 09:52:42 install unzip:amd64 <none> 6.0-23+deb10u2
2021-05-07 09:52:42 status half-installed unzip:amd64 6.0-23+deb10u2
2021-05-07 09:52:42 status unpacked unzip:amd64 6.0-23+deb10u2
2021-05-07 09:52:42 startup packages configure
2021-05-07 09:52:42 configure liblmdb0:amd64 0.9.22-1 <none>
2021-05-07 09:52:42 status unpacked liblmdb0:amd64 0.9.22-1
2021-05-07 09:52:42 status half-configured liblmdb0:amd64 0.9.22-1
2021-05-07 09:52:42 status installed liblmdb0:amd64 0.9.22-1
2021-05-07 09:52:42 configure net-tools:amd64 1.60+git20180626.aebd88e-1 <none>
2021-05-07 09:52:42 status unpacked net-tools:amd64 1.60+git20180626.aebd88e-1
2021-05-07 09:52:42 status half-configured net-tools:amd64 1.60+git20180626.aebd88e-1
2021-05-07 09:52:42 status installed net-tools:amd64 1.60+git20180626.aebd88e-1
2021-05-07 09:52:42 configure mpack:amd64 1.6-8.2 <none>
2021-05-07 09:52:42 status unpacked mpack:amd64 1.6-8.2
2021-05-07 09:52:42 status half-configured mpack:amd64 1.6-8.2
2021-05-07 09:52:42 status installed mpack:amd64 1.6-8.2
2021-05-07 09:52:42 configure psmisc:amd64 23.2-1 <none>
2021-05-07 09:52:42 status unpacked psmisc:amd64 23.2-1
2021-05-07 09:52:42 status half-configured psmisc:amd64 23.2-1
2021-05-07 09:52:42 status installed psmisc:amd64 23.2-1
2021-05-07 09:52:42 configure unzip:amd64 6.0-23+deb10u2 <none>
2021-05-07 09:52:42 status unpacked unzip:amd64 6.0-23+deb10u2
2021-05-07 09:52:42 status half-configured unzip:amd64 6.0-23+deb10u2
2021-05-07 09:52:42 status installed unzip:amd64 6.0-23+deb10u2
2021-05-07 09:52:42 configure libfstrm0:amd64 0.4.0-1 <none>
2021-05-07 09:52:42 status unpacked libfstrm0:amd64 0.4.0-1
2021-05-07 09:52:42 status half-configured libfstrm0:amd64 0.4.0-1
2021-05-07 09:52:42 status installed libfstrm0:amd64 0.4.0-1
2021-05-07 09:52:42 configure libprotobuf-c1:amd64 1.3.1-1+b1 <none>
2021-05-07 09:52:42 status unpacked libprotobuf-c1:amd64 1.3.1-1+b1
2021-05-07 09:52:42 status half-configured libprotobuf-c1:amd64 1.3.1-1+b1
2021-05-07 09:52:42 status installed libprotobuf-c1:amd64 1.3.1-1+b1
2021-05-07 09:52:42 configure sudo:amd64 1.8.27-1+deb10u3 <none>
2021-05-07 09:52:42 status unpacked sudo:amd64 1.8.27-1+deb10u3
2021-05-07 09:52:42 status half-configured sudo:amd64 1.8.27-1+deb10u3
2021-05-07 09:52:42 status installed sudo:amd64 1.8.27-1+deb10u3
2021-05-07 09:52:42 configure libgeoip1:amd64 1.6.12-1 <none>
2021-05-07 09:52:42 status unpacked libgeoip1:amd64 1.6.12-1
2021-05-07 09:52:42 status half-configured libgeoip1:amd64 1.6.12-1
2021-05-07 09:52:42 status installed libgeoip1:amd64 1.6.12-1
2021-05-07 09:52:42 configure libisc1100:amd64 1:9.11.5.P4+dfsg-5.1+deb10u5 <none>
2021-05-07 09:52:42 status unpacked libisc1100:amd64 1:9.11.5.P4+dfsg-5.1+deb10u5
2021-05-07 09:52:42 status half-configured libisc1100:amd64 1:9.11.5.P4+dfsg-5.1+deb10u5
2021-05-07 09:52:42 status installed libisc1100:amd64 1:9.11.5.P4+dfsg-5.1+deb10u5
2021-05-07 09:52:42 configure liblwres161:amd64 1:9.11.5.P4+dfsg-5.1+deb10u5 <none>
2021-05-07 09:52:42 status unpacked liblwres161:amd64 1:9.11.5.P4+dfsg-5.1+deb10u5
2021-05-07 09:52:42 status half-configured liblwres161:amd64 1:9.11.5.P4+dfsg-5.1+deb10u5
2021-05-07 09:52:42 status installed liblwres161:amd64 1:9.11.5.P4+dfsg-5.1+deb10u5
2021-05-07 09:52:42 configure libisccc161:amd64 1:9.11.5.P4+dfsg-5.1+deb10u5 <none>
2021-05-07 09:52:42 status unpacked libisccc161:amd64 1:9.11.5.P4+dfsg-5.1+deb10u5
2021-05-07 09:52:42 status half-configured libisccc161:amd64 1:9.11.5.P4+dfsg-5.1+deb10u5
2021-05-07 09:52:42 status installed libisccc161:amd64 1:9.11.5.P4+dfsg-5.1+deb10u5
2021-05-07 09:52:42 configure libdns1104:amd64 1:9.11.5.P4+dfsg-5.1+deb10u5 <none>
2021-05-07 09:52:42 status unpacked libdns1104:amd64 1:9.11.5.P4+dfsg-5.1+deb10u5
2021-05-07 09:52:42 status half-configured libdns1104:amd64 1:9.11.5.P4+dfsg-5.1+deb10u5
2021-05-07 09:52:42 status installed libdns1104:amd64 1:9.11.5.P4+dfsg-5.1+deb10u5
2021-05-07 09:52:42 configure libisccfg163:amd64 1:9.11.5.P4+dfsg-5.1+deb10u5 <none>
2021-05-07 09:52:42 status unpacked libisccfg163:amd64 1:9.11.5.P4+dfsg-5.1+deb10u5
2021-05-07 09:52:42 status half-configured libisccfg163:amd64 1:9.11.5.P4+dfsg-5.1+deb10u5
2021-05-07 09:52:42 status installed libisccfg163:amd64 1:9.11.5.P4+dfsg-5.1+deb10u5
2021-05-07 09:52:42 configure libbind9-161:amd64 1:9.11.5.P4+dfsg-5.1+deb10u5 <none>
2021-05-07 09:52:42 status unpacked libbind9-161:amd64 1:9.11.5.P4+dfsg-5.1+deb10u5
2021-05-07 09:52:42 status half-configured libbind9-161:amd64 1:9.11.5.P4+dfsg-5.1+deb10u5
2021-05-07 09:52:42 status installed libbind9-161:amd64 1:9.11.5.P4+dfsg-5.1+deb10u5
2021-05-07 09:52:42 configure libirs161:amd64 1:9.11.5.P4+dfsg-5.1+deb10u5 <none>
2021-05-07 09:52:42 status unpacked libirs161:amd64 1:9.11.5.P4+dfsg-5.1+deb10u5
2021-05-07 09:52:42 status half-configured libirs161:amd64 1:9.11.5.P4+dfsg-5.1+deb10u5
2021-05-07 09:52:42 status installed libirs161:amd64 1:9.11.5.P4+dfsg-5.1+deb10u5
2021-05-07 09:52:42 configure bind9-host:amd64 1:9.11.5.P4+dfsg-5.1+deb10u5 <none>
2021-05-07 09:52:42 status unpacked bind9-host:amd64 1:9.11.5.P4+dfsg-5.1+deb10u5
2021-05-07 09:52:42 status half-configured bind9-host:amd64 1:9.11.5.P4+dfsg-5.1+deb10u5
2021-05-07 09:52:42 status installed bind9-host:amd64 1:9.11.5.P4+dfsg-5.1+deb10u5
2021-05-07 09:52:42 configure dnsutils:amd64 1:9.11.5.P4+dfsg-5.1+deb10u5 <none>
2021-05-07 09:52:42 status unpacked dnsutils:amd64 1:9.11.5.P4+dfsg-5.1+deb10u5
2021-05-07 09:52:42 status half-configured dnsutils:amd64 1:9.11.5.P4+dfsg-5.1+deb10u5
2021-05-07 09:52:42 status installed dnsutils:amd64 1:9.11.5.P4+dfsg-5.1+deb10u5
2021-05-07 09:52:42 trigproc libc-bin:amd64 2.28-10 <none>
2021-05-07 09:52:42 status half-configured libc-bin:amd64 2.28-10
2021-05-07 09:52:42 status installed libc-bin:amd64 2.28-10
2021-05-07 09:52:44 startup archives unpack
2021-05-07 09:52:44 install libatomic1:amd64 <none> 8.3.0-6
2021-05-07 09:52:44 status triggers-pending libc-bin:amd64 2.28-10
2021-05-07 09:52:44 status half-installed libatomic1:amd64 8.3.0-6
2021-05-07 09:52:44 status unpacked libatomic1:amd64 8.3.0-6
2021-05-07 09:52:44 install libhiredis0.14:amd64 <none> 0.14.0-3
2021-05-07 09:52:44 status half-installed libhiredis0.14:amd64 0.14.0-3
2021-05-07 09:52:44 status unpacked libhiredis0.14:amd64 0.14.0-3
2021-05-07 09:52:44 install libjemalloc2:amd64 <none> 5.1.0-3
2021-05-07 09:52:44 status half-installed libjemalloc2:amd64 5.1.0-3
2021-05-07 09:52:45 status unpacked libjemalloc2:amd64 5.1.0-3
2021-05-07 09:52:45 install liblua5.1-0:amd64 <none> 5.1.5-8.1+b2
2021-05-07 09:52:45 status half-installed liblua5.1-0:amd64 5.1.5-8.1+b2
2021-05-07 09:52:45 status unpacked liblua5.1-0:amd64 5.1.5-8.1+b2
2021-05-07 09:52:45 install lua-bitop:amd64 <none> 1.0.2-5
2021-05-07 09:52:45 status half-installed lua-bitop:amd64 1.0.2-5
2021-05-07 09:52:45 status unpacked lua-bitop:amd64 1.0.2-5
2021-05-07 09:52:45 install lua-cjson:amd64 <none> 2.1.0+dfsg-2.1
2021-05-07 09:52:45 status half-installed lua-cjson:amd64 2.1.0+dfsg-2.1
2021-05-07 09:52:45 status unpacked lua-cjson:amd64 2.1.0+dfsg-2.1
2021-05-07 09:52:45 install redis-tools:amd64 <none> 5:5.0.3-4+deb10u3
2021-05-07 09:52:45 status half-installed redis-tools:amd64 5:5.0.3-4+deb10u3
2021-05-07 09:52:45 status unpacked redis-tools:amd64 5:5.0.3-4+deb10u3
2021-05-07 09:52:45 install redis-server:amd64 <none> 5:5.0.3-4+deb10u3
2021-05-07 09:52:45 status half-installed redis-server:amd64 5:5.0.3-4+deb10u3
2021-05-07 09:52:45 status unpacked redis-server:amd64 5:5.0.3-4+deb10u3
2021-05-07 09:52:45 startup packages configure
2021-05-07 09:52:45 configure libjemalloc2:amd64 5.1.0-3 <none>
2021-05-07 09:52:45 status unpacked libjemalloc2:amd64 5.1.0-3
2021-05-07 09:52:45 status half-configured libjemalloc2:amd64 5.1.0-3
2021-05-07 09:52:45 status installed libjemalloc2:amd64 5.1.0-3
2021-05-07 09:52:45 configure lua-cjson:amd64 2.1.0+dfsg-2.1 <none>
2021-05-07 09:52:45 status unpacked lua-cjson:amd64 2.1.0+dfsg-2.1
2021-05-07 09:52:45 status half-configured lua-cjson:amd64 2.1.0+dfsg-2.1
2021-05-07 09:52:45 status installed lua-cjson:amd64 2.1.0+dfsg-2.1
2021-05-07 09:52:45 configure libatomic1:amd64 8.3.0-6 <none>
2021-05-07 09:52:45 status unpacked libatomic1:amd64 8.3.0-6
2021-05-07 09:52:45 status half-configured libatomic1:amd64 8.3.0-6
2021-05-07 09:52:45 status installed libatomic1:amd64 8.3.0-6
2021-05-07 09:52:45 configure lua-bitop:amd64 1.0.2-5 <none>
2021-05-07 09:52:45 status unpacked lua-bitop:amd64 1.0.2-5
2021-05-07 09:52:45 status half-configured lua-bitop:amd64 1.0.2-5
2021-05-07 09:52:45 status installed lua-bitop:amd64 1.0.2-5
2021-05-07 09:52:45 configure liblua5.1-0:amd64 5.1.5-8.1+b2 <none>
2021-05-07 09:52:45 status unpacked liblua5.1-0:amd64 5.1.5-8.1+b2
2021-05-07 09:52:45 status half-configured liblua5.1-0:amd64 5.1.5-8.1+b2
2021-05-07 09:52:45 status installed liblua5.1-0:amd64 5.1.5-8.1+b2
2021-05-07 09:52:45 configure libhiredis0.14:amd64 0.14.0-3 <none>
2021-05-07 09:52:45 status unpacked libhiredis0.14:amd64 0.14.0-3
2021-05-07 09:52:45 status half-configured libhiredis0.14:amd64 0.14.0-3
2021-05-07 09:52:45 status installed libhiredis0.14:amd64 0.14.0-3
2021-05-07 09:52:45 configure redis-tools:amd64 5:5.0.3-4+deb10u3 <none>
2021-05-07 09:52:45 status unpacked redis-tools:amd64 5:5.0.3-4+deb10u3
2021-05-07 09:52:45 status half-configured redis-tools:amd64 5:5.0.3-4+deb10u3
2021-05-07 09:52:45 status installed redis-tools:amd64 5:5.0.3-4+deb10u3
2021-05-07 09:52:45 configure redis-server:amd64 5:5.0.3-4+deb10u3 <none>
2021-05-07 09:52:45 status unpacked redis-server:amd64 5:5.0.3-4+deb10u3
2021-05-07 09:52:45 status half-configured redis-server:amd64 5:5.0.3-4+deb10u3
2021-05-07 09:52:46 status installed redis-server:amd64 5:5.0.3-4+deb10u3
2021-05-07 09:52:46 trigproc libc-bin:amd64 2.28-10 <none>
2021-05-07 09:52:46 status half-configured libc-bin:amd64 2.28-10
2021-05-07 09:52:46 status installed libc-bin:amd64 2.28-10
2021-05-07 09:52:48 startup archives unpack
2021-05-07 09:52:48 install libpcap0.8:amd64 <none> 1.8.1-6
2021-05-07 09:52:48 status triggers-pending libc-bin:amd64 2.28-10
2021-05-07 09:52:48 status half-installed libpcap0.8:amd64 1.8.1-6
2021-05-07 09:52:48 status unpacked libpcap0.8:amd64 1.8.1-6
2021-05-07 09:52:48 install p0f:amd64 <none> 3.09b-2
2021-05-07 09:52:48 status half-installed p0f:amd64 3.09b-2
2021-05-07 09:52:48 status unpacked p0f:amd64 3.09b-2
2021-05-07 09:52:48 startup packages configure
2021-05-07 09:52:48 configure libpcap0.8:amd64 1.8.1-6 <none>
2021-05-07 09:52:48 status unpacked libpcap0.8:amd64 1.8.1-6
2021-05-07 09:52:48 status half-configured libpcap0.8:amd64 1.8.1-6
2021-05-07 09:52:48 status installed libpcap0.8:amd64 1.8.1-6
2021-05-07 09:52:48 configure p0f:amd64 3.09b-2 <none>
2021-05-07 09:52:48 status unpacked p0f:amd64 3.09b-2
2021-05-07 09:52:48 status half-configured p0f:amd64 3.09b-2
2021-05-07 09:52:48 status installed p0f:amd64 3.09b-2
2021-05-07 09:52:48 trigproc libc-bin:amd64 2.28-10 <none>
2021-05-07 09:52:48 status half-configured libc-bin:amd64 2.28-10
2021-05-07 09:52:48 status installed libc-bin:amd64 2.28-10
2021-05-07 09:52:50 startup archives unpack
2021-05-07 09:52:50 install curl:amd64 <none> 7.64.0-4+deb10u2
2021-05-07 09:52:50 status half-installed curl:amd64 7.64.0-4+deb10u2
2021-05-07 09:52:50 status unpacked curl:amd64 7.64.0-4+deb10u2
2021-05-07 09:52:50 install libbsd0:amd64 <none> 0.9.1-2+deb10u1
2021-05-07 09:52:50 status triggers-pending libc-bin:amd64 2.28-10
2021-05-07 09:52:50 status half-installed libbsd0:amd64 0.9.1-2+deb10u1
2021-05-07 09:52:51 status unpacked libbsd0:amd64 0.9.1-2+deb10u1
2021-05-07 09:52:51 install netcat-openbsd:amd64 <none> 1.195-2
2021-05-07 09:52:51 status half-installed netcat-openbsd:amd64 1.195-2
2021-05-07 09:52:51 status unpacked netcat-openbsd:amd64 1.195-2
2021-05-07 09:52:51 startup packages configure
2021-05-07 09:52:51 configure curl:amd64 7.64.0-4+deb10u2 <none>
2021-05-07 09:52:51 status unpacked curl:amd64 7.64.0-4+deb10u2
2021-05-07 09:52:51 status half-configured curl:amd64 7.64.0-4+deb10u2
2021-05-07 09:52:51 status installed curl:amd64 7.64.0-4+deb10u2
2021-05-07 09:52:51 configure libbsd0:amd64 0.9.1-2+deb10u1 <none>
2021-05-07 09:52:51 status unpacked libbsd0:amd64 0.9.1-2+deb10u1
2021-05-07 09:52:51 status half-configured libbsd0:amd64 0.9.1-2+deb10u1
2021-05-07 09:52:51 status installed libbsd0:amd64 0.9.1-2+deb10u1
2021-05-07 09:52:51 configure netcat-openbsd:amd64 1.195-2 <none>
2021-05-07 09:52:51 status unpacked netcat-openbsd:amd64 1.195-2
2021-05-07 09:52:51 status half-configured netcat-openbsd:amd64 1.195-2
2021-05-07 09:52:51 status installed netcat-openbsd:amd64 1.195-2
2021-05-07 09:52:51 trigproc libc-bin:amd64 2.28-10 <none>
2021-05-07 09:52:51 status half-configured libc-bin:amd64 2.28-10
2021-05-07 09:52:51 status installed libc-bin:amd64 2.28-10
2021-05-07 09:52:53 startup archives unpack
2021-05-07 09:52:53 install mime-support:all <none> 3.62
2021-05-07 09:52:53 status half-installed mime-support:all 3.62
2021-05-07 09:52:54 status unpacked mime-support:all 3.62
2021-05-07 09:52:54 install libapparmor1:amd64 <none> 2.13.2-10
2021-05-07 09:52:54 status triggers-pending libc-bin:amd64 2.28-10
2021-05-07 09:52:54 status half-installed libapparmor1:amd64 2.13.2-10
2021-05-07 09:52:54 status unpacked libapparmor1:amd64 2.13.2-10
2021-05-07 09:52:54 install libargon2-1:amd64 <none> 0~20171227-0.2
2021-05-07 09:52:54 status half-installed libargon2-1:amd64 0~20171227-0.2
2021-05-07 09:52:54 status unpacked libargon2-1:amd64 0~20171227-0.2
2021-05-07 09:52:54 install libedit2:amd64 <none> 3.1-20181209-1
2021-05-07 09:52:54 status half-installed libedit2:amd64 3.1-20181209-1
2021-05-07 09:52:54 status unpacked libedit2:amd64 3.1-20181209-1
2021-05-07 09:52:54 install libexpat1:amd64 <none> 2.2.6-2+deb10u1
2021-05-07 09:52:54 status half-installed libexpat1:amd64 2.2.6-2+deb10u1
2021-05-07 09:52:54 status unpacked libexpat1:amd64 2.2.6-2+deb10u1
2021-05-07 09:52:54 install libmagic-mgc:amd64 <none> 1:5.35-4+deb10u2
2021-05-07 09:52:54 status half-installed libmagic-mgc:amd64 1:5.35-4+deb10u2
2021-05-07 09:52:54 status unpacked libmagic-mgc:amd64 1:5.35-4+deb10u2
2021-05-07 09:52:54 install libmagic1:amd64 <none> 1:5.35-4+deb10u2
2021-05-07 09:52:54 status half-installed libmagic1:amd64 1:5.35-4+deb10u2
2021-05-07 09:52:54 status unpacked libmagic1:amd64 1:5.35-4+deb10u2
2021-05-07 09:52:54 install nginx-common:all <none> 1.14.2-2+deb10u3
2021-05-07 09:52:54 status half-installed nginx-common:all 1.14.2-2+deb10u3
2021-05-07 09:52:54 status unpacked nginx-common:all 1.14.2-2+deb10u3
2021-05-07 09:52:54 install libnginx-mod-http-echo:amd64 <none> 1.14.2-2+deb10u3
2021-05-07 09:52:54 status half-installed libnginx-mod-http-echo:amd64 1.14.2-2+deb10u3
2021-05-07 09:52:54 status unpacked libnginx-mod-http-echo:amd64 1.14.2-2+deb10u3
2021-05-07 09:52:54 install libxmlrpc-epi0:amd64 <none> 0.54.2-1.2
2021-05-07 09:52:54 status half-installed libxmlrpc-epi0:amd64 0.54.2-1.2
2021-05-07 09:52:54 status unpacked libxmlrpc-epi0:amd64 0.54.2-1.2
2021-05-07 09:52:54 install libxslt1.1:amd64 <none> 1.1.32-2.2~deb10u1
2021-05-07 09:52:54 status half-installed libxslt1.1:amd64 1.1.32-2.2~deb10u1
2021-05-07 09:52:54 status unpacked libxslt1.1:amd64 1.1.32-2.2~deb10u1
2021-05-07 09:52:54 install libzip4:amd64 <none> 1.5.1-4
2021-05-07 09:52:54 status half-installed libzip4:amd64 1.5.1-4
2021-05-07 09:52:54 status unpacked libzip4:amd64 1.5.1-4
2021-05-07 09:52:54 install nginx-light:amd64 <none> 1.14.2-2+deb10u3
2021-05-07 09:52:54 status half-installed nginx-light:amd64 1.14.2-2+deb10u3
2021-05-07 09:52:54 status unpacked nginx-light:amd64 1.14.2-2+deb10u3
2021-05-07 09:52:54 install php-common:all <none> 2:69
2021-05-07 09:52:54 status half-installed php-common:all 2:69
2021-05-07 09:52:54 status unpacked php-common:all 2:69
2021-05-07 09:52:55 install php7.3-common:amd64 <none> 7.3.27-1~deb10u1
2021-05-07 09:52:55 status half-installed php7.3-common:amd64 7.3.27-1~deb10u1
2021-05-07 09:52:55 status unpacked php7.3-common:amd64 7.3.27-1~deb10u1
2021-05-07 09:52:55 install php7.3-bcmath:amd64 <none> 7.3.27-1~deb10u1
2021-05-07 09:52:55 status half-installed php7.3-bcmath:amd64 7.3.27-1~deb10u1
2021-05-07 09:52:55 status unpacked php7.3-bcmath:amd64 7.3.27-1~deb10u1
2021-05-07 09:52:55 install php7.3-json:amd64 <none> 7.3.27-1~deb10u1
2021-05-07 09:52:55 status half-installed php7.3-json:amd64 7.3.27-1~deb10u1
2021-05-07 09:52:55 status unpacked php7.3-json:amd64 7.3.27-1~deb10u1
2021-05-07 09:52:55 install php7.3-opcache:amd64 <none> 7.3.27-1~deb10u1
2021-05-07 09:52:55 status half-installed php7.3-opcache:amd64 7.3.27-1~deb10u1
2021-05-07 09:52:55 status unpacked php7.3-opcache:amd64 7.3.27-1~deb10u1
2021-05-07 09:52:55 install php7.3-readline:amd64 <none> 7.3.27-1~deb10u1
2021-05-07 09:52:55 status half-installed php7.3-readline:amd64 7.3.27-1~deb10u1
2021-05-07 09:52:55 status unpacked php7.3-readline:amd64 7.3.27-1~deb10u1
2021-05-07 09:52:55 install php7.3-cli:amd64 <none> 7.3.27-1~deb10u1
2021-05-07 09:52:55 status half-installed php7.3-cli:amd64 7.3.27-1~deb10u1
2021-05-07 09:52:55 status unpacked php7.3-cli:amd64 7.3.27-1~deb10u1
2021-05-07 09:52:55 install php7.3-curl:amd64 <none> 7.3.27-1~deb10u1
2021-05-07 09:52:55 status half-installed php7.3-curl:amd64 7.3.27-1~deb10u1
2021-05-07 09:52:55 status unpacked php7.3-curl:amd64 7.3.27-1~deb10u1
2021-05-07 09:52:55 install php7.3-fpm:amd64 <none> 7.3.27-1~deb10u1
2021-05-07 09:52:55 status half-installed php7.3-fpm:amd64 7.3.27-1~deb10u1
2021-05-07 09:52:56 status unpacked php7.3-fpm:amd64 7.3.27-1~deb10u1
2021-05-07 09:52:56 install php7.3-intl:amd64 <none> 7.3.27-1~deb10u1
2021-05-07 09:52:56 status half-installed php7.3-intl:amd64 7.3.27-1~deb10u1
2021-05-07 09:52:56 status unpacked php7.3-intl:amd64 7.3.27-1~deb10u1
2021-05-07 09:52:56 install php7.3-mbstring:amd64 <none> 7.3.27-1~deb10u1
2021-05-07 09:52:56 status half-installed php7.3-mbstring:amd64 7.3.27-1~deb10u1
2021-05-07 09:52:56 status unpacked php7.3-mbstring:amd64 7.3.27-1~deb10u1
2021-05-07 09:52:56 install php7.3-sqlite3:amd64 <none> 7.3.27-1~deb10u1
2021-05-07 09:52:56 status half-installed php7.3-sqlite3:amd64 7.3.27-1~deb10u1
2021-05-07 09:52:56 status unpacked php7.3-sqlite3:amd64 7.3.27-1~deb10u1
2021-05-07 09:52:56 install php7.3-xml:amd64 <none> 7.3.27-1~deb10u1
2021-05-07 09:52:56 status half-installed php7.3-xml:amd64 7.3.27-1~deb10u1
2021-05-07 09:52:56 status unpacked php7.3-xml:amd64 7.3.27-1~deb10u1
2021-05-07 09:52:56 install php7.3-xmlrpc:amd64 <none> 7.3.27-1~deb10u1
2021-05-07 09:52:56 status half-installed php7.3-xmlrpc:amd64 7.3.27-1~deb10u1
2021-05-07 09:52:56 status unpacked php7.3-xmlrpc:amd64 7.3.27-1~deb10u1
2021-05-07 09:52:56 install php7.3-zip:amd64 <none> 7.3.27-1~deb10u1
2021-05-07 09:52:56 status half-installed php7.3-zip:amd64 7.3.27-1~deb10u1
2021-05-07 09:52:56 status unpacked php7.3-zip:amd64 7.3.27-1~deb10u1
2021-05-07 09:52:56 startup packages configure
2021-05-07 09:52:56 configure libexpat1:amd64 2.2.6-2+deb10u1 <none>
2021-05-07 09:52:56 status unpacked libexpat1:amd64 2.2.6-2+deb10u1
2021-05-07 09:52:56 status half-configured libexpat1:amd64 2.2.6-2+deb10u1
2021-05-07 09:52:56 status installed libexpat1:amd64 2.2.6-2+deb10u1
2021-05-07 09:52:56 configure php-common:all 2:69 <none>
2021-05-07 09:52:56 status unpacked php-common:all 2:69
2021-05-07 09:52:56 status half-configured php-common:all 2:69
2021-05-07 09:52:56 status installed php-common:all 2:69
2021-05-07 09:52:56 configure libapparmor1:amd64 2.13.2-10 <none>
2021-05-07 09:52:56 status unpacked libapparmor1:amd64 2.13.2-10
2021-05-07 09:52:56 status half-configured libapparmor1:amd64 2.13.2-10
2021-05-07 09:52:56 status installed libapparmor1:amd64 2.13.2-10
2021-05-07 09:52:56 configure mime-support:all 3.62 <none>
2021-05-07 09:52:56 status unpacked mime-support:all 3.62
2021-05-07 09:52:56 status half-configured mime-support:all 3.62
2021-05-07 09:52:57 status installed mime-support:all 3.62
2021-05-07 09:52:57 configure libmagic-mgc:amd64 1:5.35-4+deb10u2 <none>
2021-05-07 09:52:57 status unpacked libmagic-mgc:amd64 1:5.35-4+deb10u2
2021-05-07 09:52:57 status half-configured libmagic-mgc:amd64 1:5.35-4+deb10u2
2021-05-07 09:52:57 status installed libmagic-mgc:amd64 1:5.35-4+deb10u2
2021-05-07 09:52:57 configure libargon2-1:amd64 0~20171227-0.2 <none>
2021-05-07 09:52:57 status unpacked libargon2-1:amd64 0~20171227-0.2
2021-05-07 09:52:57 status half-configured libargon2-1:amd64 0~20171227-0.2
2021-05-07 09:52:57 status installed libargon2-1:amd64 0~20171227-0.2
2021-05-07 09:52:57 configure libzip4:amd64 1.5.1-4 <none>
2021-05-07 09:52:57 status unpacked libzip4:amd64 1.5.1-4
2021-05-07 09:52:57 status half-configured libzip4:amd64 1.5.1-4
2021-05-07 09:52:57 status installed libzip4:amd64 1.5.1-4
2021-05-07 09:52:57 configure libxmlrpc-epi0:amd64 0.54.2-1.2 <none>
2021-05-07 09:52:57 status unpacked libxmlrpc-epi0:amd64 0.54.2-1.2
2021-05-07 09:52:57 status half-configured libxmlrpc-epi0:amd64 0.54.2-1.2
2021-05-07 09:52:57 status installed libxmlrpc-epi0:amd64 0.54.2-1.2
2021-05-07 09:52:57 configure libedit2:amd64 3.1-20181209-1 <none>
2021-05-07 09:52:57 status unpacked libedit2:amd64 3.1-20181209-1
2021-05-07 09:52:57 status half-configured libedit2:amd64 3.1-20181209-1
2021-05-07 09:52:57 status installed libedit2:amd64 3.1-20181209-1
2021-05-07 09:52:57 configure libmagic1:amd64 1:5.35-4+deb10u2 <none>
2021-05-07 09:52:57 status unpacked libmagic1:amd64 1:5.35-4+deb10u2
2021-05-07 09:52:57 status half-configured libmagic1:amd64 1:5.35-4+deb10u2
2021-05-07 09:52:57 status installed libmagic1:amd64 1:5.35-4+deb10u2
2021-05-07 09:52:57 configure nginx-common:all 1.14.2-2+deb10u3 <none>
2021-05-07 09:52:57 status unpacked nginx-common:all 1.14.2-2+deb10u3
2021-05-07 09:52:57 status half-configured nginx-common:all 1.14.2-2+deb10u3
2021-05-07 09:52:57 status installed nginx-common:all 1.14.2-2+deb10u3
2021-05-07 09:52:57 configure php7.3-common:amd64 7.3.27-1~deb10u1 <none>
2021-05-07 09:52:57 status unpacked php7.3-common:amd64 7.3.27-1~deb10u1
2021-05-07 09:52:57 status half-configured php7.3-common:amd64 7.3.27-1~deb10u1
2021-05-07 09:53:06 status installed php7.3-common:amd64 7.3.27-1~deb10u1
2021-05-07 09:53:06 configure php7.3-xmlrpc:amd64 7.3.27-1~deb10u1 <none>
2021-05-07 09:53:06 status unpacked php7.3-xmlrpc:amd64 7.3.27-1~deb10u1
2021-05-07 09:53:06 status half-configured php7.3-xmlrpc:amd64 7.3.27-1~deb10u1
2021-05-07 09:53:07 status installed php7.3-xmlrpc:amd64 7.3.27-1~deb10u1
2021-05-07 09:53:07 configure php7.3-intl:amd64 7.3.27-1~deb10u1 <none>
2021-05-07 09:53:07 status unpacked php7.3-intl:amd64 7.3.27-1~deb10u1
2021-05-07 09:53:07 status half-configured php7.3-intl:amd64 7.3.27-1~deb10u1
2021-05-07 09:53:07 status installed php7.3-intl:amd64 7.3.27-1~deb10u1
2021-05-07 09:53:07 configure libnginx-mod-http-echo:amd64 1.14.2-2+deb10u3 <none>
2021-05-07 09:53:07 status unpacked libnginx-mod-http-echo:amd64 1.14.2-2+deb10u3
2021-05-07 09:53:07 status half-configured libnginx-mod-http-echo:amd64 1.14.2-2+deb10u3
2021-05-07 09:53:07 status installed libnginx-mod-http-echo:amd64 1.14.2-2+deb10u3
2021-05-07 09:53:07 configure php7.3-opcache:amd64 7.3.27-1~deb10u1 <none>
2021-05-07 09:53:07 status unpacked php7.3-opcache:amd64 7.3.27-1~deb10u1
2021-05-07 09:53:07 status half-configured php7.3-opcache:amd64 7.3.27-1~deb10u1
2021-05-07 09:53:08 status installed php7.3-opcache:amd64 7.3.27-1~deb10u1
2021-05-07 09:53:08 configure libxslt1.1:amd64 1.1.32-2.2~deb10u1 <none>
2021-05-07 09:53:08 status unpacked libxslt1.1:amd64 1.1.32-2.2~deb10u1
2021-05-07 09:53:08 status half-configured libxslt1.1:amd64 1.1.32-2.2~deb10u1
2021-05-07 09:53:08 status installed libxslt1.1:amd64 1.1.32-2.2~deb10u1
2021-05-07 09:53:08 configure php7.3-zip:amd64 7.3.27-1~deb10u1 <none>
2021-05-07 09:53:08 status unpacked php7.3-zip:amd64 7.3.27-1~deb10u1
2021-05-07 09:53:08 status half-configured php7.3-zip:amd64 7.3.27-1~deb10u1
2021-05-07 09:53:08 status installed php7.3-zip:amd64 7.3.27-1~deb10u1
2021-05-07 09:53:08 configure php7.3-curl:amd64 7.3.27-1~deb10u1 <none>
2021-05-07 09:53:08 status unpacked php7.3-curl:amd64 7.3.27-1~deb10u1
2021-05-07 09:53:08 status half-configured php7.3-curl:amd64 7.3.27-1~deb10u1
2021-05-07 09:53:09 status installed php7.3-curl:amd64 7.3.27-1~deb10u1
2021-05-07 09:53:09 configure nginx-light:amd64 1.14.2-2+deb10u3 <none>
2021-05-07 09:53:09 status unpacked nginx-light:amd64 1.14.2-2+deb10u3
2021-05-07 09:53:09 status half-configured nginx-light:amd64 1.14.2-2+deb10u3
2021-05-07 09:53:09 status installed nginx-light:amd64 1.14.2-2+deb10u3
2021-05-07 09:53:09 configure php7.3-bcmath:amd64 7.3.27-1~deb10u1 <none>
2021-05-07 09:53:09 status unpacked php7.3-bcmath:amd64 7.3.27-1~deb10u1
2021-05-07 09:53:09 status half-configured php7.3-bcmath:amd64 7.3.27-1~deb10u1
2021-05-07 09:53:10 status installed php7.3-bcmath:amd64 7.3.27-1~deb10u1
2021-05-07 09:53:10 configure php7.3-sqlite3:amd64 7.3.27-1~deb10u1 <none>
2021-05-07 09:53:10 status unpacked php7.3-sqlite3:amd64 7.3.27-1~deb10u1
2021-05-07 09:53:10 status half-configured php7.3-sqlite3:amd64 7.3.27-1~deb10u1
2021-05-07 09:53:11 status installed php7.3-sqlite3:amd64 7.3.27-1~deb10u1
2021-05-07 09:53:11 configure php7.3-mbstring:amd64 7.3.27-1~deb10u1 <none>
2021-05-07 09:53:11 status unpacked php7.3-mbstring:amd64 7.3.27-1~deb10u1
2021-05-07 09:53:11 status half-configured php7.3-mbstring:amd64 7.3.27-1~deb10u1
2021-05-07 09:53:11 status installed php7.3-mbstring:amd64 7.3.27-1~deb10u1
2021-05-07 09:53:11 configure php7.3-json:amd64 7.3.27-1~deb10u1 <none>
2021-05-07 09:53:11 status unpacked php7.3-json:amd64 7.3.27-1~deb10u1
2021-05-07 09:53:11 status half-configured php7.3-json:amd64 7.3.27-1~deb10u1
2021-05-07 09:53:12 status installed php7.3-json:amd64 7.3.27-1~deb10u1
2021-05-07 09:53:12 configure php7.3-readline:amd64 7.3.27-1~deb10u1 <none>
2021-05-07 09:53:12 status unpacked php7.3-readline:amd64 7.3.27-1~deb10u1
2021-05-07 09:53:12 status half-configured php7.3-readline:amd64 7.3.27-1~deb10u1
2021-05-07 09:53:12 status installed php7.3-readline:amd64 7.3.27-1~deb10u1
2021-05-07 09:53:12 configure php7.3-xml:amd64 7.3.27-1~deb10u1 <none>
2021-05-07 09:53:12 status unpacked php7.3-xml:amd64 7.3.27-1~deb10u1
2021-05-07 09:53:12 status half-configured php7.3-xml:amd64 7.3.27-1~deb10u1
2021-05-07 09:53:16 status installed php7.3-xml:amd64 7.3.27-1~deb10u1
2021-05-07 09:53:16 configure php7.3-cli:amd64 7.3.27-1~deb10u1 <none>
2021-05-07 09:53:16 status unpacked php7.3-cli:amd64 7.3.27-1~deb10u1
2021-05-07 09:53:16 status half-configured php7.3-cli:amd64 7.3.27-1~deb10u1
2021-05-07 09:53:18 status installed php7.3-cli:amd64 7.3.27-1~deb10u1
2021-05-07 09:53:18 configure php7.3-fpm:amd64 7.3.27-1~deb10u1 <none>
2021-05-07 09:53:18 status unpacked php7.3-fpm:amd64 7.3.27-1~deb10u1
2021-05-07 09:53:18 status half-configured php7.3-fpm:amd64 7.3.27-1~deb10u1
2021-05-07 09:53:20 status installed php7.3-fpm:amd64 7.3.27-1~deb10u1
2021-05-07 09:53:20 trigproc libc-bin:amd64 2.28-10 <none>
2021-05-07 09:53:20 status half-configured libc-bin:amd64 2.28-10
2021-05-07 09:53:20 status installed libc-bin:amd64 2.28-10
2021-05-07 09:53:22 startup archives unpack
2021-05-07 09:53:22 install mlock:amd64 <none> 8:2007f~dfsg-6
2021-05-07 09:53:22 status half-installed mlock:amd64 8:2007f~dfsg-6
2021-05-07 09:53:22 status unpacked mlock:amd64 8:2007f~dfsg-6
2021-05-07 09:53:22 install libc-client2007e:amd64 <none> 8:2007f~dfsg-6
2021-05-07 09:53:22 status triggers-pending libc-bin:amd64 2.28-10
2021-05-07 09:53:22 status half-installed libc-client2007e:amd64 8:2007f~dfsg-6
2021-05-07 09:53:22 status unpacked libc-client2007e:amd64 8:2007f~dfsg-6
2021-05-07 09:53:22 install php7.3-imap:amd64 <none> 7.3.27-1~deb10u1
2021-05-07 09:53:22 status triggers-pending php7.3-fpm:amd64 7.3.27-1~deb10u1
2021-05-07 09:53:22 status half-installed php7.3-imap:amd64 7.3.27-1~deb10u1
2021-05-07 09:53:22 status unpacked php7.3-imap:amd64 7.3.27-1~deb10u1
2021-05-07 09:53:22 install php7.3-soap:amd64 <none> 7.3.27-1~deb10u1
2021-05-07 09:53:22 status half-installed php7.3-soap:amd64 7.3.27-1~deb10u1
2021-05-07 09:53:23 status unpacked php7.3-soap:amd64 7.3.27-1~deb10u1
2021-05-07 09:53:23 startup packages configure
2021-05-07 09:53:23 configure mlock:amd64 8:2007f~dfsg-6 <none>
2021-05-07 09:53:23 status unpacked mlock:amd64 8:2007f~dfsg-6
2021-05-07 09:53:23 status half-configured mlock:amd64 8:2007f~dfsg-6
2021-05-07 09:53:23 status installed mlock:amd64 8:2007f~dfsg-6
2021-05-07 09:53:23 configure php7.3-soap:amd64 7.3.27-1~deb10u1 <none>
2021-05-07 09:53:23 status unpacked php7.3-soap:amd64 7.3.27-1~deb10u1
2021-05-07 09:53:23 status half-configured php7.3-soap:amd64 7.3.27-1~deb10u1
2021-05-07 09:53:23 status installed php7.3-soap:amd64 7.3.27-1~deb10u1
2021-05-07 09:53:23 configure libc-client2007e:amd64 8:2007f~dfsg-6 <none>
2021-05-07 09:53:23 status unpacked libc-client2007e:amd64 8:2007f~dfsg-6
2021-05-07 09:53:23 status half-configured libc-client2007e:amd64 8:2007f~dfsg-6
2021-05-07 09:53:23 status installed libc-client2007e:amd64 8:2007f~dfsg-6
2021-05-07 09:53:23 configure php7.3-imap:amd64 7.3.27-1~deb10u1 <none>
2021-05-07 09:53:23 status unpacked php7.3-imap:amd64 7.3.27-1~deb10u1
2021-05-07 09:53:23 status half-configured php7.3-imap:amd64 7.3.27-1~deb10u1
2021-05-07 09:53:24 status installed php7.3-imap:amd64 7.3.27-1~deb10u1
2021-05-07 09:53:24 trigproc libc-bin:amd64 2.28-10 <none>
2021-05-07 09:53:24 status half-configured libc-bin:amd64 2.28-10
2021-05-07 09:53:24 status installed libc-bin:amd64 2.28-10
2021-05-07 09:53:24 trigproc php7.3-fpm:amd64 7.3.27-1~deb10u1 <none>
2021-05-07 09:53:24 status half-configured php7.3-fpm:amd64 7.3.27-1~deb10u1
2021-05-07 09:53:24 status installed php7.3-fpm:amd64 7.3.27-1~deb10u1
2021-08-04 21:19:17 startup archives unpack
2021-08-04 21:19:17 install less:amd64 <none> 487-0.1+b1
2021-08-04 21:19:17 status half-installed less:amd64 487-0.1+b1
2021-08-04 21:19:17 status triggers-pending mime-support:all 3.62
2021-08-04 21:19:17 status unpacked less:amd64 487-0.1+b1
2021-08-04 21:19:17 startup packages configure
2021-08-04 21:19:17 configure less:amd64 487-0.1+b1 <none>
2021-08-04 21:19:17 status unpacked less:amd64 487-0.1+b1
2021-08-04 21:19:17 status half-configured less:amd64 487-0.1+b1
2021-08-04 21:19:17 status installed less:amd64 487-0.1+b1
2021-08-04 21:19:17 trigproc mime-support:all 3.62 <none>
2021-08-04 21:19:17 status half-configured mime-support:all 3.62
2021-08-04 21:19:17 status installed mime-support:all 3.62
